Archive member included because of file (symbol)

C:\Users\patricia\Documents\LPCXpresso_6.1.4_194\workspace2\CMSISv1p30_LPC17xx\Debug\libCMSISv1p30_LPC17xx.a(system_LPC17xx.o)
                              ./ew_systick.o (SystemCoreClock)
C:\Users\patricia\Documents\LPCXpresso_6.1.4_194\workspace2\FreeRTOS_Library\Debug\libFreeRTOS_Library.a(port.o)
                              ./cr_startup_lpc17.o (vPortSVCHandler)
C:\Users\patricia\Documents\LPCXpresso_6.1.4_194\workspace2\FreeRTOS_Library\Debug\libFreeRTOS_Library.a(basic_io.o)
                              ./main.o (vPrintString)
C:\Users\patricia\Documents\LPCXpresso_6.1.4_194\workspace2\FreeRTOS_Library\Debug\libFreeRTOS_Library.a(consoleprint.o)
                              C:\Users\patricia\Documents\LPCXpresso_6.1.4_194\workspace2\FreeRTOS_Library\Debug\libFreeRTOS_Library.a(basic_io.o) (consoleprint)
C:\Users\patricia\Documents\LPCXpresso_6.1.4_194\workspace2\FreeRTOS_Library\Debug\libFreeRTOS_Library.a(queue.o)
                              ./main.o (xQueueGenericSend)
C:\Users\patricia\Documents\LPCXpresso_6.1.4_194\workspace2\FreeRTOS_Library\Debug\libFreeRTOS_Library.a(tasks.o)
                              ./main.o (xTaskGenericCreate)
C:\Users\patricia\Documents\LPCXpresso_6.1.4_194\workspace2\FreeRTOS_Library\Debug\libFreeRTOS_Library.a(heap_2.o)
                              C:\Users\patricia\Documents\LPCXpresso_6.1.4_194\workspace2\FreeRTOS_Library\Debug\libFreeRTOS_Library.a(queue.o) (pvPortMalloc)
C:\Users\patricia\Documents\LPCXpresso_6.1.4_194\workspace2\FreeRTOS_Library\Debug\libFreeRTOS_Library.a(list.o)
                              C:\Users\patricia\Documents\LPCXpresso_6.1.4_194\workspace2\FreeRTOS_Library\Debug\libFreeRTOS_Library.a(queue.o) (vListInitialise)
C:\Users\patricia\Documents\LPCXpresso_6.1.4_194\workspace2\Lib_EaBaseBoard\Debug\libLib_EaBaseBoard.a(acc.o)
                              ./main.o (acc_init)
C:\Users\patricia\Documents\LPCXpresso_6.1.4_194\workspace2\Lib_EaBaseBoard\Debug\libLib_EaBaseBoard.a(oled.o)
                              ./main.o (oled_init)
C:\Users\patricia\Documents\LPCXpresso_6.1.4_194\workspace2\Lib_EaBaseBoard\Debug\libLib_EaBaseBoard.a(font5x7.o)
                              C:\Users\patricia\Documents\LPCXpresso_6.1.4_194\workspace2\Lib_EaBaseBoard\Debug\libLib_EaBaseBoard.a(oled.o) (font5x7)
C:\Users\patricia\Documents\LPCXpresso_6.1.4_194\workspace2\Lib_MCU\Debug\libLib_MCU.a(lpc17xx_gpio.o)
                              C:\Users\patricia\Documents\LPCXpresso_6.1.4_194\workspace2\Lib_EaBaseBoard\Debug\libLib_EaBaseBoard.a(oled.o) (GPIO_SetDir)
C:\Users\patricia\Documents\LPCXpresso_6.1.4_194\workspace2\Lib_MCU\Debug\libLib_MCU.a(lpc17xx_i2c.o)
                              ./main.o (I2C_Init)
C:\Users\patricia\Documents\LPCXpresso_6.1.4_194\workspace2\Lib_MCU\Debug\libLib_MCU.a(lpc17xx_libcfg_default.o)
                              C:\Users\patricia\Documents\LPCXpresso_6.1.4_194\workspace2\Lib_MCU\Debug\libLib_MCU.a(lpc17xx_i2c.o) (check_failed)
C:\Users\patricia\Documents\LPCXpresso_6.1.4_194\workspace2\Lib_MCU\Debug\libLib_MCU.a(lpc17xx_pinsel.o)
                              ./main.o (PINSEL_ConfigPin)
C:\Users\patricia\Documents\LPCXpresso_6.1.4_194\workspace2\Lib_MCU\Debug\libLib_MCU.a(lpc17xx_ssp.o)
                              ./main.o (SSP_Init)
C:\Users\patricia\Documents\LPCXpresso_6.1.4_194\workspace2\Lib_MCU\Debug\libLib_MCU.a(lpc17xx_clkpwr.o)
                              C:\Users\patricia\Documents\LPCXpresso_6.1.4_194\workspace2\Lib_MCU\Debug\libLib_MCU.a(lpc17xx_i2c.o) (CLKPWR_SetPCLKDiv)
c:/nxp/lpcxpresso_6.1.4_194/lpcxpresso/tools/bin/../lib/gcc/arm-none-eabi/4.6.2/../../../../arm-none-eabi/lib/armv7-m\libcr_semihost.a(__sys_write.o)
                              C:\Users\patricia\Documents\LPCXpresso_6.1.4_194\workspace2\FreeRTOS_Library\Debug\libFreeRTOS_Library.a(consoleprint.o) (__write)
c:/nxp/lpcxpresso_6.1.4_194/lpcxpresso/tools/bin/../lib/gcc/arm-none-eabi/4.6.2/../../../../arm-none-eabi/lib/armv7-m\libcr_semihost.a(_cr__main.o)
                              ./cr_startup_lpc17.o (__main)
c:/nxp/lpcxpresso_6.1.4_194/lpcxpresso/tools/bin/../lib/gcc/arm-none-eabi/4.6.2/../../../../arm-none-eabi/lib/armv7-m\libcr_c.a(memcpy.o)
                              ./main.o (memcpy)
c:/nxp/lpcxpresso_6.1.4_194/lpcxpresso/tools/bin/../lib/gcc/arm-none-eabi/4.6.2/../../../../arm-none-eabi/lib/armv7-m\libcr_c.a(memset.o)
                              ./tcpip.o (memset)
c:/nxp/lpcxpresso_6.1.4_194/lpcxpresso/tools/bin/../lib/gcc/arm-none-eabi/4.6.2/../../../../arm-none-eabi/lib/armv7-m\libcr_c.a(fpprintf.o)
                              ./main.o (sprintf)
c:/nxp/lpcxpresso_6.1.4_194/lpcxpresso/tools/bin/../lib/gcc/arm-none-eabi/4.6.2/../../../../arm-none-eabi/lib/armv7-m\libcr_c.a(initio.o)
[...]
Memory Configuration

Name             Origin             Length             Attributes
MFlash512        0x00000000         0x00080000         xr
RamLoc32         0x10000000         0x00008000         xrw
RamAHB32         0x2007c000         0x00008000         xrw
*default*        0x00000000         0xffffffff

Linker script and memory map

LOAD ./cr_startup_lpc17.o
LOAD ./ethmac.o
LOAD ./ew_systick.o
LOAD ./main.o
LOAD ./tcpip.o
LOAD C:\Users\patricia\Documents\LPCXpresso_6.1.4_194\workspace2\CMSISv1p30_LPC17xx\Debug\libCMSISv1p30_LPC17xx.a
LOAD C:\Users\patricia\Documents\LPCXpresso_6.1.4_194\workspace2\FreeRTOS_Library\Debug\libFreeRTOS_Library.a
LOAD C:\Users\patricia\Documents\LPCXpresso_6.1.4_194\workspace2\Lib_EaBaseBoard\Debug\libLib_EaBaseBoard.a
LOAD C:\Users\patricia\Documents\LPCXpresso_6.1.4_194\workspace2\Lib_MCU\Debug\libLib_MCU.a
START GROUP
LOAD c:/nxp/lpcxpresso_6.1.4_194/lpcxpresso/tools/bin/../lib/gcc/arm-none-eabi/4.6.2/../../../../arm-none-eabi/lib/armv7-m\libcr_semihost.a
LOAD c:/nxp/lpcxpresso_6.1.4_194/lpcxpresso/tools/bin/../lib/gcc/arm-none-eabi/4.6.2/../../../../arm-none-eabi/lib/armv7-m\libcr_c.a
LOAD c:/nxp/lpcxpresso_6.1.4_194/lpcxpresso/tools/bin/../lib/gcc/arm-none-eabi/4.6.2/armv7-m\libcr_eabihelpers.a
END GROUP
                0x00080000                __top_MFlash512 = 0x80000
                0x10008000                __top_RamLoc32 = 0x10008000
                0x20084000                __top_RamAHB32 = 0x20084000

.text           0x00000000     0x4268
 FILL mask 0xff
                0x00000000                __vectors_start__ = ABSOLUTE (.)
 *(.isr_vector)
 .isr_vector    0x00000000       0xd8 ./cr_startup_lpc17.o
                0x00000000                g_pfnVectors
                0x000000d8                . = ALIGN (0x4)
                0x000000d8                __section_table_start = .
                0x000000d8                __data_section_table = .
                0x000000d8        0x4 LONG 0x4268 LOADADDR (.data)
                0x000000dc        0x4 LONG 0x10000000 ADDR (.data)
                0x000000e0        0x4 LONG 0x14 SIZEOF (.data)
                0x000000e4        0x4 LONG 0x4268 LOADADDR (.data_RAM2)
                0x000000e8        0x4 LONG 0x2007c000 ADDR (.data_RAM2)
                0x000000ec        0x4 LONG 0x0 SIZEOF (.data_RAM2)
                0x000000f0                __data_section_table_end = .
                0x000000f0                __bss_section_table = .
                0x000000f0        0x4 LONG 0x10000018 ADDR (.bss)
                0x000000f4        0x4 LONG 0x2e90 SIZEOF (.bss)
                0x000000f8        0x4 LONG 0x2007c000 ADDR (.bss_RAM2)
                0x000000fc        0x4 LONG 0x0 SIZEOF (.bss_RAM2)
                0x00000100                __bss_section_table_end = .
                0x00000100                __section_table_end = .
 *(.after_vectors*)
 *(.text*)
 .text.ResetISR
                0x00000100       0x68 ./cr_startup_lpc17.o
                0x00000100                ResetISR
 .text.NMI_Handler
                0x00000168        0x8 ./cr_startup_lpc17.o
                0x00000168                NMI_Handler
 .text.HardFault_Handler
                0x00000170        0x8 ./cr_startup_lpc17.o
                0x00000170                HardFault_Handler
 .text.MemManage_Handler
                0x00000178        0x8 ./cr_startup_lpc17.o
                0x00000178                MemManage_Handler
 .text.BusFault_Handler
                0x00000180        0x8 ./cr_startup_lpc17.o
                0x00000180                BusFault_Handler
 .text.UsageFault_Handler
                0x00000188        0x8 ./cr_startup_lpc17.o
                0x00000188                UsageFault_Handler
 .text.SVCall_Handler
                0x00000190        0x8 ./cr_startup_lpc17.o
                0x00000190                SVCall_Handler
 .text.DebugMon_Handler
                0x00000198        0x8 ./cr_startup_lpc17.o
                0x00000198                DebugMon_Handler
 .text.PendSV_Handler
                0x000001a0        0x8 ./cr_startup_lpc17.o
                0x000001a0                PendSV_Handler
 .text.IntDefaultHandler
                0x000001a8        0x8 ./cr_startup_lpc17.o
                0x000001a8                TIMER2_IRQHandler
                0x000001a8                RIT_IRQHandler
                0x000001a8                I2C0_IRQHandler
                0x000001a8                USBActivity_IRQHandler
                0x000001a8                PWM1_IRQHandler
                0x000001a8                I2C1_IRQHandler
                0x000001a8                EINT2_IRQHandler
                0x000001a8                UART1_IRQHandler
                0x000001a8                EINT3_IRQHandler
                0x000001a8                CANActivity_IRQHandler
                0x000001a8                TIMER3_IRQHandler
                0x000001a8                UART0_IRQHandler
                0x000001a8                IntDefaultHandler
                0x000001a8                PLL0_IRQHandler
                0x000001a8                CAN_IRQHandler
                0x000001a8                PLL1_IRQHandler
                0x000001a8                SSP0_IRQHandler
                0x000001a8                I2S_IRQHandler
                0x000001a8                I2C2_IRQHandler
                0x000001a8                RTC_IRQHandler
                0x000001a8                TIMER0_IRQHandler
                0x000001a8                SPI_IRQHandler
                0x000001a8                EINT1_IRQHandler
                0x000001a8                TIMER1_IRQHandler
                0x000001a8                UART2_IRQHandler
                0x000001a8                ADC_IRQHandler
                0x000001a8                SSP1_IRQHandler
                0x000001a8                USB_IRQHandler
                0x000001a8                BOD_IRQHandler
                0x000001a8                WDT_IRQHandler
                0x000001a8                QEI_IRQHandler
                0x000001a8                EINT0_IRQHandler
                0x000001a8                DMA_IRQHandler
                0x000001a8                UART3_IRQHandler
                0x000001a8                MCPWM_IRQHandler
                0x000001a8                ENET_IRQHandler
 .text.SysTick_Handler
                0x000001b0       0x8c ./ew_systick.o
                0x000001b0                SysTick_Handler
 .text.vTaskFunction
                0x0000023c       0x34 ./main.o
                0x0000023c                vTaskFunction
 .text.vTaskFunction1
                0x00000270       0x34 ./main.o
                0x00000270                vTaskFunction1
 .text.main     0x000002a4       0xa4 ./main.o
                0x000002a4                main
 .text.vApplicationMallocFailedHook
                0x00000348        0x8 ./main.o
                0x00000348                vApplicationMallocFailedHook
 .text.vApplicationIdleHook
                0x00000350        0xc ./main.o
                0x00000350                vApplicationIdleHook
 .text.vApplicationTickHook
                0x0000035c        0xc ./main.o
                0x0000035c                vApplicationTickHook
 .text.vApplicationStackOverflowHook
                0x00000368        0xc ./main.o
                0x00000368                vApplicationStackOverflowHook
 .text.TCPClockHandler
                0x00000374       0x40 ./tcpip.o
                0x00000374                TCPClockHandler
 .text.SystemInit
                0x000003b4      0x22c C:\Users\patricia\Documents\LPCXpresso_6.1.4_194\workspace2\CMSISv1p30_LPC17xx\Debug\libCMSISv1p30_LPC17xx.a(system_LPC17xx.o)
                0x000003b4                SystemInit
 .text          0x000005e0      0x154 C:\Users\patricia\Documents\LPCXpresso_6.1.4_194\workspace2\FreeRTOS_Library\Debug\libFreeRTOS_Library.a(port.o)
                0x000005e0                pxPortInitialiseStack
                0x00000600                vPortSVCHandler
                0x00000620                vPortStartFirstTask
                0x00000630                xPortStartScheduler
                0x00000680                vPortEndScheduler
                0x00000684                vPortYieldFromISR
                0x00000694                vPortEnterCritical
                0x000006b0                vPortExitCritical
                0x000006cc                xPortPendSVHandler
                0x00000708                xPortSysTickHandler
 .text          0x00000734       0x54 C:\Users\patricia\Documents\LPCXpresso_6.1.4_194\workspace2\FreeRTOS_Library\Debug\libFreeRTOS_Library.a(basic_io.o)
                0x00000734                vPrintString
                0x00000758                vPrintStringAndNumber
 .text          0x00000788       0x18 C:\Users\patricia\Documents\LPCXpresso_6.1.4_194\workspace2\FreeRTOS_Library\Debug\libFreeRTOS_Library.a(consoleprint.o)
                0x00000788                consoleprint
 .text          0x000007a0      0xca4 C:\Users\patricia\Documents\LPCXpresso_6.1.4_194\workspace2\FreeRTOS_Library\Debug\libFreeRTOS_Library.a(tasks.o)
                0x000007a0                xTaskGenericCreate
                0x000009a0                vTaskDelete
                0x00000a20                uxTaskPriorityGet
                0x00000a40                vTaskPrioritySet
                0x00000af4                xTaskIsTaskSuspended
                0x00000b20                vTaskResume
                0x00000b9c                xTaskResumeFromISR
                0x00000c18                vTaskStartScheduler
                0x00000c6c                vTaskEndScheduler
                0x00000c8c                vTaskSuspendAll
                0x00000ca4                xTaskGetTickCount
                0x00000cc0                xTaskGetTickCountFromISR
                0x00000cd0                uxTaskGetNumberOfTasks
                0x00000cdc                vTaskIncrementTick
                0x00000dbc                xTaskResumeAll
                0x00000f38                vTaskDelay
                0x00000f90                vTaskDelayUntil
                0x0000102c                vTaskSwitchContext
                0x00001128                vTaskSuspend
                0x000011b4                vTaskPlaceOnEventList
                0x00001220                xTaskRemoveFromEventList
                0x000012ac                vTaskSetTimeOutState
                0x000012c4                xTaskCheckForTimeOut
                0x00001344                vTaskMissedYield
                0x00001358                xTaskGetCurrentTaskHandle
                0x00001364                vTaskPriorityInherit
                0x000013f0                vTaskPriorityDisinherit
 .text          0x00001444      0x140 C:\Users\patricia\Documents\LPCXpresso_6.1.4_194\workspace2\FreeRTOS_Library\Debug\libFreeRTOS_Library.a(heap_2.o)
                0x00001444                pvPortMalloc
                0x00001530                vPortFree
                0x00001574                xPortGetFreeHeapSize
                0x00001580                vPortInitialiseBlocks
 .text          0x00001584       0xa4 C:\Users\patricia\Documents\LPCXpresso_6.1.4_194\workspace2\FreeRTOS_Library\Debug\libFreeRTOS_Library.a(list.o)
                0x00001584                vListInitialise
                0x0000159c                vListInitialiseItem
                0x000015a4                vListInsertEnd
                0x000015c4                vListInsert
                0x00001600                vListRemove
 .text.__sys_write
                0x00001628        0xc c:/nxp/lpcxpresso_6.1.4_194/lpcxpresso/tools/bin/../lib/gcc/arm-none-eabi/4.6.2/../../../../arm-none-eabi/lib/armv7-m\libcr_semihost.a(__sys_write.o)
                0x00001628                __sys_write
                0x00001628                __write
 .text.__main   0x00001634       0x14 c:/nxp/lpcxpresso_6.1.4_194/lpcxpresso/tools/bin/../lib/gcc/arm-none-eabi/4.6.2/../../../../arm-none-eabi/lib/armv7-m\libcr_semihost.a(_cr__main.o)
                0x00001634                __CR_SEMIHOST
                0x00001634                __main
 .text.memset   0x00001648        0x4 c:/nxp/lpcxpresso_6.1.4_194/lpcxpresso/tools/bin/../lib/gcc/arm-none-eabi/4.6.2/../../../../arm-none-eabi/lib/armv7-m\libcr_c.a(memset.o)
                0x00001648                memset
 .text.lose_trailing_zeros
                0x0000164c       0x1e c:/nxp/lpcxpresso_6.1.4_194/lpcxpresso/tools/bin/../lib/gcc/arm-none-eabi/4.6.2/../../../../arm-none-eabi/lib/armv7-m\libcr_c.a(fpprintf.o)
 .text.fp_round
                0x0000166a       0x54 c:/nxp/lpcxpresso_6.1.4_194/lpcxpresso/tools/bin/../lib/gcc/arm-none-eabi/4.6.2/../../../../arm-none-eabi/lib/armv7-m\libcr_c.a(fpprintf.o)
 .text.pr_dec.constprop.1
                0x000016be       0x22 c:/nxp/lpcxpresso_6.1.4_194/lpcxpresso/tools/bin/../lib/gcc/arm-none-eabi/4.6.2/../../../../arm-none-eabi/lib/armv7-m\libcr_c.a(fpprintf.o)
 .text.sprintf  0x000016e0       0x70 c:/nxp/lpcxpresso_6.1.4_194/lpcxpresso/tools/bin/../lib/gcc/arm-none-eabi/4.6.2/../../../../arm-none-eabi/lib/armv7-m\libcr_c.a(fpprintf.o)
                0x000016e0                sprintf
 .text.fp_display
                0x00001750      0x908 c:/nxp/lpcxpresso_6.1.4_194/lpcxpresso/tools/bin/../lib/gcc/arm-none-eabi/4.6.2/../../../../arm-none-eabi/lib/armv7-m\libcr_c.a(fpprintf.o)
 .text._initio  0x00002058       0x9c c:/nxp/lpcxpresso_6.1.4_194/lpcxpresso/tools/bin/../lib/gcc/arm-none-eabi/4.6.2/../../../../arm-none-eabi/lib/armv7-m\libcr_c.a(initio.o)
                0x00002058                _initio
 .text.memcmp   0x000020f4       0x38 c:/nxp/lpcxpresso_6.1.4_194/lpcxpresso/tools/bin/../lib/gcc/arm-none-eabi/4.6.2/../../../../arm-none-eabi/lib/armv7-m\libcr_c.a(memcmp.o)
                0x000020f4                memcmp
 .text.__vfprintf
                0x0000212c      0xd54 c:/nxp/lpcxpresso_6.1.4_194/lpcxpresso/tools/bin/../lib/gcc/arm-none-eabi/4.6.2/../../../../arm-none-eabi/lib/armv7-m\libcr_c.a(printf.o)
                0x0000212c                __vfprintf
 .text.setvbuf  0x00002e80       0x48 c:/nxp/lpcxpresso_6.1.4_194/lpcxpresso/tools/bin/../lib/gcc/arm-none-eabi/4.6.2/../../../../arm-none-eabi/lib/armv7-m\libcr_c.a(setvbuf.o)
                0x00002e80                setvbuf
 .text.strcpy   0x00002ec8       0x44 c:/nxp/lpcxpresso_6.1.4_194/lpcxpresso/tools/bin/../lib/gcc/arm-none-eabi/4.6.2/../../../../arm-none-eabi/lib/armv7-m\libcr_c.a(strcpy.o)
                0x00002ec8                strcpy
 .text.strlen   0x00002f0c       0x4c c:/nxp/lpcxpresso_6.1.4_194/lpcxpresso/tools/bin/../lib/gcc/arm-none-eabi/4.6.2/../../../../arm-none-eabi/lib/armv7-m\libcr_c.a(strlen.o)
                0x00002f0c                strlen
 .text.strncpy  0x00002f58       0x54 c:/nxp/lpcxpresso_6.1.4_194/lpcxpresso/tools/bin/../lib/gcc/arm-none-eabi/4.6.2/../../../../arm-none-eabi/lib/armv7-m\libcr_c.a(strncpy.o)
                0x00002f58                strncpy
 .text._deferredlazyseek
                0x00002fac       0x44 c:/nxp/lpcxpresso_6.1.4_194/lpcxpresso/tools/bin/../lib/gcc/arm-none-eabi/4.6.2/../../../../arm-none-eabi/lib/armv7-m\libcr_c.a(_deferredlazyseek.o)
                0x00002fac                _deferredlazyseek
 .text.__flsbuf
                0x00002ff0      0x14e c:/nxp/lpcxpresso_6.1.4_194/lpcxpresso/tools/bin/../lib/gcc/arm-none-eabi/4.6.2/../../../../arm-none-eabi/lib/armv7-m\libcr_c.a(_deferredlazyseek.o)
                0x00002ff0                __flsbuf
 .text._fdopen  0x0000313e       0x6c c:/nxp/lpcxpresso_6.1.4_194/lpcxpresso/tools/bin/../lib/gcc/arm-none-eabi/4.6.2/../../../../arm-none-eabi/lib/armv7-m\libcr_c.a(_fdopen.o)
                0x0000313e                _fdopen
 .text._fflush  0x000031aa       0x58 c:/nxp/lpcxpresso_6.1.4_194/lpcxpresso/tools/bin/../lib/gcc/arm-none-eabi/4.6.2/../../../../arm-none-eabi/lib/armv7-m\libcr_c.a(_fflush.o)
                0x000031aa                _fflush
 .text._frexpl  0x00003202       0x60 c:/nxp/lpcxpresso_6.1.4_194/lpcxpresso/tools/bin/../lib/gcc/arm-none-eabi/4.6.2/../../../../arm-none-eabi/lib/armv7-m\libcr_c.a(_frexpl.o)
                0x00003202                _frexpl
 *fill*         0x00003262        0x2 00
 .text._ldexpl  0x00003264       0x50 c:/nxp/lpcxpresso_6.1.4_194/lpcxpresso/tools/bin/../lib/gcc/arm-none-eabi/4.6.2/../../../../arm-none-eabi/lib/armv7-m\libcr_c.a(_ldexpl.o)
                0x00003264                _ldexpl
 .text._Cwritebuf
                0x000032b4       0x84 c:/nxp/lpcxpresso_6.1.4_194/lpcxpresso/tools/bin/../lib/gcc/arm-none-eabi/4.6.2/../../../../arm-none-eabi/lib/armv7-m\libcr_c.a(_writebuf.o)
                0x000032b4                _Cwritebuf
 .text.malloc   0x00003338       0xbc c:/nxp/lpcxpresso_6.1.4_194/lpcxpresso/tools/bin/../lib/gcc/arm-none-eabi/4.6.2/../../../../arm-none-eabi/lib/armv7-m\libcr_c.a(alloc.o)
                0x00003338                malloc
 .text.free     0x000033f4        0xc c:/nxp/lpcxpresso_6.1.4_194/lpcxpresso/tools/bin/../lib/gcc/arm-none-eabi/4.6.2/../../../../arm-none-eabi/lib/armv7-m\libcr_c.a(alloc.o)
                0x000033f4                free
 .text._Csys_alloc
                0x00003400       0x20 c:/nxp/lpcxpresso_6.1.4_194/lpcxpresso/tools/bin/../lib/gcc/arm-none-eabi/4.6.2/../../../../arm-none-eabi/lib/armv7-m\libcr_c.a(alloc.o)
                0x00003400                _Csys_alloc
 .text.fclose   0x00003420       0x6c c:/nxp/lpcxpresso_6.1.4_194/lpcxpresso/tools/bin/../lib/gcc/arm-none-eabi/4.6.2/../../../../arm-none-eabi/lib/armv7-m\libcr_c.a(fclose.o)
                0x00003420                fclose
 .text.fflush   0x0000348c       0x34 c:/nxp/lpcxpresso_6.1.4_194/lpcxpresso/tools/bin/../lib/gcc/arm-none-eabi/4.6.2/../../../../arm-none-eabi/lib/armv7-m\libcr_c.a(fflush.o)
                0x0000348c                fflush
 .text.fseek    0x000034c0      0x104 c:/nxp/lpcxpresso_6.1.4_194/lpcxpresso/tools/bin/../lib/gcc/arm-none-eabi/4.6.2/../../../../arm-none-eabi/lib/armv7-m\libcr_c.a(fseek.o)
                0x000034c0                fseek
 .text.ftell    0x000035c4       0x4c c:/nxp/lpcxpresso_6.1.4_194/lpcxpresso/tools/bin/../lib/gcc/arm-none-eabi/4.6.2/../../../../arm-none-eabi/lib/armv7-m\libcr_c.a(ftell.o)
                0x000035c4                ftell
 .text.remove   0x00003610       0x14 c:/nxp/lpcxpresso_6.1.4_194/lpcxpresso/tools/bin/../lib/gcc/arm-none-eabi/4.6.2/../../../../arm-none-eabi/lib/armv7-m\libcr_c.a(remove.o)
                0x00003610                remove
 .text._do_fflush
                0x00003624       0x42 c:/nxp/lpcxpresso_6.1.4_194/lpcxpresso/tools/bin/../lib/gcc/arm-none-eabi/4.6.2/../../../../arm-none-eabi/lib/armv7-m\libcr_c.a(_do_fflush.o)
                0x00003624                _do_fflush
 *fill*         0x00003666        0x2 00
 .text.__aeabi_dmul
                0x00003668      0x138 c:/nxp/lpcxpresso_6.1.4_194/lpcxpresso/tools/bin/../lib/gcc/arm-none-eabi/4.6.2/armv7-m\libcr_eabihelpers.a(double.o)
                0x00003668                __aeabi_dmul
 .text.__aeabi_ddiv
                0x000037a0      0x168 c:/nxp/lpcxpresso_6.1.4_194/lpcxpresso/tools/bin/../lib/gcc/arm-none-eabi/4.6.2/armv7-m\libcr_eabihelpers.a(double.o)
                0x000037a0                __aeabi_ddiv
 .text.__aeabi_dsub
                0x00003908      0x1f4 c:/nxp/lpcxpresso_6.1.4_194/lpcxpresso/tools/bin/../lib/gcc/arm-none-eabi/4.6.2/armv7-m\libcr_eabihelpers.a(double.o)
                0x00003908                __aeabi_dsub
 .text.__aeabi_dadd
                0x00003afc      0x154 c:/nxp/lpcxpresso_6.1.4_194/lpcxpresso/tools/bin/../lib/gcc/arm-none-eabi/4.6.2/armv7-m\libcr_eabihelpers.a(double.o)
                0x00003afc                __aeabi_dadd
 .text.__aeabi_d2iz
                0x00003c50       0x40 c:/nxp/lpcxpresso_6.1.4_194/lpcxpresso/tools/bin/../lib/gcc/arm-none-eabi/4.6.2/armv7-m\libcr_eabihelpers.a(double.o)
                0x00003c50                __aeabi_d2iz
 .text.__bhs_ui2d
                0x00003c90       0x5c c:/nxp/lpcxpresso_6.1.4_194/lpcxpresso/tools/bin/../lib/gcc/arm-none-eabi/4.6.2/armv7-m\libcr_eabihelpers.a(double.o)
                0x00003c90                __bhs_ui2d
 .text.__aeabi_i2d
                0x00003cec       0x10 c:/nxp/lpcxpresso_6.1.4_194/lpcxpresso/tools/bin/../lib/gcc/arm-none-eabi/4.6.2/armv7-m\libcr_eabihelpers.a(double.o)
                0x00003cec                __aeabi_i2d
 .text.__aeabi_dcmpeq
                0x00003cfc       0x3c c:/nxp/lpcxpresso_6.1.4_194/lpcxpresso/tools/bin/../lib/gcc/arm-none-eabi/4.6.2/armv7-m\libcr_eabihelpers.a(double.o)
                0x00003cfc                __aeabi_dcmpeq
 .text.__aeabi_dcmplt
                0x00003d38       0x5c c:/nxp/lpcxpresso_6.1.4_194/lpcxpresso/tools/bin/../lib/gcc/arm-none-eabi/4.6.2/armv7-m\libcr_eabihelpers.a(double.o)
                0x00003d38                __aeabi_dcmplt
 .text.__aeabi_dcmple
                0x00003d94       0x58 c:/nxp/lpcxpresso_6.1.4_194/lpcxpresso/tools/bin/../lib/gcc/arm-none-eabi/4.6.2/armv7-m\libcr_eabihelpers.a(double.o)
                0x00003d94                __aeabi_dcmple
 .text.__aeabi_dcmpge
                0x00003dec       0x5c c:/nxp/lpcxpresso_6.1.4_194/lpcxpresso/tools/bin/../lib/gcc/arm-none-eabi/4.6.2/armv7-m\libcr_eabihelpers.a(double.o)
                0x00003dec                __aeabi_dcmpge
 .text.__aeabi_memset_lowlevel
                0x00003e48       0x24 c:/nxp/lpcxpresso_6.1.4_194/lpcxpresso/tools/bin/../lib/gcc/arm-none-eabi/4.6.2/armv7-m\libcr_eabihelpers.a(memcpy.o)
                0x00003e48                __aeabi_lowlevel_memset
 .text.__sys_appexit
                0x00003e6c        0xc c:/nxp/lpcxpresso_6.1.4_194/lpcxpresso/tools/bin/../lib/gcc/arm-none-eabi/4.6.2/../../../../arm-none-eabi/lib/armv7-m\libcr_semihost.a(__sys_appexit.o)
                0x00003e6c                __sys_appexit
                0x00003e6c                __exit
 .text.__sys_close
                0x00003e78        0xc c:/nxp/lpcxpresso_6.1.4_194/lpcxpresso/tools/bin/../lib/gcc/arm-none-eabi/4.6.2/../../../../arm-none-eabi/lib/armv7-m\libcr_semihost.a(__sys_close.o)
                0x00003e78                __sys_close
 .text.__sys_flen
                0x00003e84        0xc c:/nxp/lpcxpresso_6.1.4_194/lpcxpresso/tools/bin/../lib/gcc/arm-none-eabi/4.6.2/../../../../arm-none-eabi/lib/armv7-m\libcr_semihost.a(__sys_flen.o)
                0x00003e84                __sys_flen
 .text.__sys_istty
                0x00003e90        0xc c:/nxp/lpcxpresso_6.1.4_194/lpcxpresso/tools/bin/../lib/gcc/arm-none-eabi/4.6.2/../../../../arm-none-eabi/lib/armv7-m\libcr_semihost.a(__sys_istty.o)
                0x00003e90                __sys_istty
 .text.__sys_remove
                0x00003e9c        0xc c:/nxp/lpcxpresso_6.1.4_194/lpcxpresso/tools/bin/../lib/gcc/arm-none-eabi/4.6.2/../../../../arm-none-eabi/lib/armv7-m\libcr_semihost.a(__sys_remove.o)
                0x00003e9c                __sys_remove
 .text.__sys_seek
                0x00003ea8        0xc c:/nxp/lpcxpresso_6.1.4_194/lpcxpresso/tools/bin/../lib/gcc/arm-none-eabi/4.6.2/../../../../arm-none-eabi/lib/armv7-m\libcr_semihost.a(__sys_seek.o)
                0x00003ea8                __sys_seek
 .text.__sys_tmpnam
                0x00003eb4        0xc c:/nxp/lpcxpresso_6.1.4_194/lpcxpresso/tools/bin/../lib/gcc/arm-none-eabi/4.6.2/../../../../arm-none-eabi/lib/armv7-m\libcr_semihost.a(__sys_tmpnam.o)
                0x00003eb4                __sys_tmpnam
 .text._sbrk    0x00003ec0       0x40 c:/nxp/lpcxpresso_6.1.4_194/lpcxpresso/tools/bin/../lib/gcc/arm-none-eabi/4.6.2/../../../../arm-none-eabi/lib/armv7-m\libcr_semihost.a(_cr_sbrk.o)
                0x00003ec0                _sbrk
 .text.__check_heap_overflow
                0x00003f00       0x2c c:/nxp/lpcxpresso_6.1.4_194/lpcxpresso/tools/bin/../lib/gcc/arm-none-eabi/4.6.2/../../../../arm-none-eabi/lib/armv7-m\libcr_semihost.a(_cr_check_heap.o)
                0x00003f00                __check_heap_overflow
 *(.rodata .rodata.* .constdata .constdata.*)
 .rodata        0x00003f2c      0x28c ./main.o
                0x00003f2c                GetResponse
                0x00003f5c                MyIP
                0x00003f60                SubnetMask
                0x00003f64                GatewayIP
                0x00003f68                WebSide
 .rodata.str1.4
                0x000041b8        0x8 C:\Users\patricia\Documents\LPCXpresso_6.1.4_194\workspace2\FreeRTOS_Library\Debug\libFreeRTOS_Library.a(basic_io.o)
 .rodata        0x000041c0       0x14 C:\Users\patricia\Documents\LPCXpresso_6.1.4_194\workspace2\FreeRTOS_Library\Debug\libFreeRTOS_Library.a(tasks.o)
 .rodata.str1.4
                0x000041d4        0x8 C:\Users\patricia\Documents\LPCXpresso_6.1.4_194\workspace2\FreeRTOS_Library\Debug\libFreeRTOS_Library.a(tasks.o)
 .rodata.str1.1
                0x000041dc       0x34 c:/nxp/lpcxpresso_6.1.4_194/lpcxpresso/tools/bin/../lib/gcc/arm-none-eabi/4.6.2/../../../../arm-none-eabi/lib/armv7-m\libcr_c.a(fpprintf.o)
                                 0x35 (size before relaxing)
 .rodata.str1.1
                0x00004210        0x4 c:/nxp/lpcxpresso_6.1.4_194/lpcxpresso/tools/bin/../lib/gcc/arm-none-eabi/4.6.2/../../../../arm-none-eabi/lib/armv7-m\libcr_c.a(initio.o)
 .rodata.str1.1
                0x00004214       0x31 c:/nxp/lpcxpresso_6.1.4_194/lpcxpresso/tools/bin/../lib/gcc/arm-none-eabi/4.6.2/../../../../arm-none-eabi/lib/armv7-m\libcr_c.a(printf.o)
                                 0x38 (size before relaxing)
 .rodata.str1.1
                0x00004245       0x18 c:/nxp/lpcxpresso_6.1.4_194/lpcxpresso/tools/bin/../lib/gcc/arm-none-eabi/4.6.2/../../../../arm-none-eabi/lib/armv7-m\libcr_c.a(alloc.o)
 *fill*         0x0000425d        0x3 00
 .rodata.__huge_vall
                0x00004260        0x8 c:/nxp/lpcxpresso_6.1.4_194/lpcxpresso/tools/bin/../lib/gcc/arm-none-eabi/4.6.2/../../../../arm-none-eabi/lib/armv7-m\libcr_c.a(_hugeval.o)
                0x00004260                __huge_vall
                0x00004268                . = ALIGN (0x4)

.glue_7         0x00004268        0x0
 .glue_7        0x00000000        0x0 linker stubs

.glue_7t        0x00004268        0x0
 .glue_7t       0x00000000        0x0 linker stubs

.vfp11_veneer   0x00004268        0x0
 .vfp11_veneer  0x00000000        0x0 linker stubs

.v4_bx          0x00004268        0x0
 .v4_bx         0x00000000        0x0 linker stubs

.ARM.extab
 *(.ARM.extab* .gnu.linkonce.armextab.*)
                0x00004268                __exidx_start = .

.ARM.exidx
 *(.ARM.exidx* .gnu.linkonce.armexidx.*)
                0x00004268                __exidx_end = .
                0x00004268                _etext = .

.data_RAM2      0x2007c000        0x0 load address 0x00004268
 FILL mask 0xff
 *(.data.$RAM2*)
 *(.data.$RamAHB32*)
                0x2007c000                . = ALIGN (0x4)

.uninit_RESERVED
                0x10000000        0x0
 *(.bss.$RESERVED*)
                0x10000000                . = ALIGN (0x4)
                0x10000000                _end_uninit_RESERVED = .

.data           0x10000000       0x14 load address 0x00004268
 FILL mask 0xff
                0x10000000                _data = .
 *(vtable)
 *(.data*)
 .data          0x10000000        0xc ./main.o
                0x10000000                pcTextForTask1
                0x10000004                pcTextForTask2
                0x10000008                aaScrollbar
 .data          0x1000000c        0x4 C:\Users\patricia\Documents\LPCXpresso_6.1.4_194\workspace2\FreeRTOS_Library\Debug\libFreeRTOS_Library.a(port.o)
 .data          0x10000010        0x4 C:\Users\patricia\Documents\LPCXpresso_6.1.4_194\workspace2\FreeRTOS_Library\Debug\libFreeRTOS_Library.a(heap_2.o)
                0x10000014                . = ALIGN (0x4)
                0x10000014                _edata = .

.bss_RAM2       0x2007c000        0x0
 *(.bss.$RAM2*)
 *(.bss.$RamAHB32*)
                0x2007c000                . = ALIGN (0x4)

.bss            0x10000018     0x2e90
                0x10000018                _bss = .
 *(.bss*)
 .bss           0x10000018        0x8 ./ew_systick.o
                0x10000018                TimeTick
                0x1000001c                TimeTick2
 .bss           0x10000020       0x34 C:\Users\patricia\Documents\LPCXpresso_6.1.4_194\workspace2\FreeRTOS_Library\Debug\libFreeRTOS_Library.a(basic_io.o)
 .bss           0x10000054      0x100 C:\Users\patricia\Documents\LPCXpresso_6.1.4_194\workspace2\FreeRTOS_Library\Debug\libFreeRTOS_Library.a(tasks.o)
                0x10000058                pxCurrentTCB
 *fill*         0x10000154        0x4 00
 .bss           0x10000158     0x2818 C:\Users\patricia\Documents\LPCXpresso_6.1.4_194\workspace2\FreeRTOS_Library\Debug\libFreeRTOS_Library.a(heap_2.o)
 .bss.errno     0x10002970        0x4 c:/nxp/lpcxpresso_6.1.4_194/lpcxpresso/tools/bin/../lib/gcc/arm-none-eabi/4.6.2/../../../../arm-none-eabi/lib/armv7-m\libcr_c.a(errno.o)
                0x10002970                errno
 *(COMMON)
 COMMON         0x10002974      0x3e6 ./main.o
                0x10002974                TCPTimer
                0x10002978                HTTPBytesToSend
                0x1000297c                TCPRxDataCount
                0x1000297e                HTTPStatus
                0x10002980                TCPTxDataCount
                0x10002984                RecdFrameIP
                0x10002988                RemoteMAC
                0x1000298e                TCPStateMachine
                0x10002990                TCPUNASeqNr
                0x10002994                xQueue
                0x10002998                TCPLocalPort
                0x1000299c                _RxTCPBuffer
                0x10002a9c                TCPFlags
                0x10002aa0                RecdFrameMAC
                0x10002aa6                RecdIPFrameLength
                0x10002aa8                PWebSide
                0x10002aac                RemoteIP
                0x10002ab0                LastFrameSent
                0x10002ab2                TCPRemotePort
                0x10002ab4                TxFrame2Size
                0x10002ab8                TCPAckNr
                0x10002abc                TransmitControl
                0x10002abe                TxFrame1Size
                0x10002ac0                ISNGenHigh
                0x10002ac4                total
                0x10002ad0                _TxFrame2
                0x10002b1a                RecdFrameLength
                0x10002b1c                _TxFrame1
                0x10002d54                TCPSeqNr
                0x10002d58                RetryCounter
                0x10002d59                SocketStatus
 *fill*         0x10002d5a        0x2 00
 COMMON         0x10002d5c        0x4 c:/nxp/lpcxpresso_6.1.4_194/lpcxpresso/tools/bin/../lib/gcc/arm-none-eabi/4.6.2/../../../../arm-none-eabi/lib/armv7-m\libcr_c.a(initio.o)
                0x10002d5c                _extra
 COMMON         0x10002d60      0x140 c:/nxp/lpcxpresso_6.1.4_194/lpcxpresso/tools/bin/../lib/gcc/arm-none-eabi/4.6.2/../../../../arm-none-eabi/lib/armv7-m\libcr_c.a(stdio.o)
                0x10002d60                __Ciob
 COMMON         0x10002ea0        0x8 c:/nxp/lpcxpresso_6.1.4_194/lpcxpresso/tools/bin/../lib/gcc/arm-none-eabi/4.6.2/../../../../arm-none-eabi/lib/armv7-m\libcr_c.a(__init_alloc.o)
                0x10002ea0                __heaps
                0x10002ea4                __end_of_heap
                0x10002ea8                . = ALIGN (0x4)
                0x10002ea8                _ebss = .
                0x10002ea8                PROVIDE (end, .)

.noinit_RAM2    0x2007c000        0x0
 *(.noinit.$RAM2*)
 *(.noinit.$RamAHB32*)
                0x2007c000                . = ALIGN (0x4)

.noinit         0x10002ea8        0x0
                0x10002ea8                _noinit = .
 *(.noinit*)
                0x10002ea8                . = ALIGN (0x4)
                0x10002ea8                _end_noinit = .
                0x10002ea8                PROVIDE (_pvHeapStart, .)
                0x10008000                PROVIDE (_vStackTop, (__top_RamLoc32 - 0x0))
OUTPUT(Example11.axf elf32-littlearm)

.debug_info     0x00000000     0x8fff
 .debug_info    0x00000000      0x210 ./cr_startup_lpc17.o
 .debug_info    0x00000210      0xbd2 ./ethmac.o
 .debug_info    0x00000de2      0x8d0 ./ew_systick.o
 .debug_info    0x000016b2      0xc8d ./main.o
 .debug_info    0x0000233f      0xd64 ./tcpip.o
 .debug_info    0x000030a3      0x385 C:\Users\patricia\Documents\LPCXpresso_6.1.4_194\workspace2\CMSISv1p30_LPC17xx\Debug\libCMSISv1p30_LPC17xx.a(system_LPC17xx.o)
 .debug_info    0x00003428      0x220 C:\Users\patricia\Documents\LPCXpresso_6.1.4_194\workspace2\FreeRTOS_Library\Debug\libFreeRTOS_Library.a(port.o)
 .debug_info    0x00003648      0x12c C:\Users\patricia\Documents\LPCXpresso_6.1.4_194\workspace2\FreeRTOS_Library\Debug\libFreeRTOS_Library.a(basic_io.o)
 .debug_info    0x00003774       0xaa C:\Users\patricia\Documents\LPCXpresso_6.1.4_194\workspace2\FreeRTOS_Library\Debug\libFreeRTOS_Library.a(consoleprint.o)
 .debug_info    0x0000381e      0x814 C:\Users\patricia\Documents\LPCXpresso_6.1.4_194\workspace2\FreeRTOS_Library\Debug\libFreeRTOS_Library.a(queue.o)
 .debug_info    0x00004032      0xe7c C:\Users\patricia\Documents\LPCXpresso_6.1.4_194\workspace2\FreeRTOS_Library\Debug\libFreeRTOS_Library.a(tasks.o)
 .debug_info    0x00004eae      0x2ef C:\Users\patricia\Documents\LPCXpresso_6.1.4_194\workspace2\FreeRTOS_Library\Debug\libFreeRTOS_Library.a(heap_2.o)
 .debug_info    0x0000519d      0x2c5 C:\Users\patricia\Documents\LPCXpresso_6.1.4_194\workspace2\FreeRTOS_Library\Debug\libFreeRTOS_Library.a(list.o)
 .debug_info    0x00005462      0x53d C:\Users\patricia\Documents\LPCXpresso_6.1.4_194\workspace2\Lib_EaBaseBoard\Debug\libLib_EaBaseBoard.a(acc.o)
 .debug_info    0x0000599f      0x97d C:\Users\patricia\Documents\LPCXpresso_6.1.4_194\workspace2\Lib_EaBaseBoard\Debug\libLib_EaBaseBoard.a(oled.o)
 .debug_info    0x0000631c       0x65 C:\Users\patricia\Documents\LPCXpresso_6.1.4_194\workspace2\Lib_EaBaseBoard\Debug\libLib_EaBaseBoard.a(font5x7.o)
 .debug_info    0x00006381      0xb95 C:\Users\patricia\Documents\LPCXpresso_6.1.4_194\workspace2\Lib_MCU\Debug\libLib_MCU.a(lpc17xx_gpio.o)
 .debug_info    0x00006f16      0xcc3 C:\Users\patricia\Documents\LPCXpresso_6.1.4_194\workspace2\Lib_MCU\Debug\libLib_MCU.a(lpc17xx_i2c.o)
 .debug_info    0x00007bd9       0xcd C:\Users\patricia\Documents\LPCXpresso_6.1.4_194\workspace2\Lib_MCU\Debug\libLib_MCU.a(lpc17xx_libcfg_default.o)
 .debug_info    0x00007ca6      0x4b1 C:\Users\patricia\Documents\LPCXpresso_6.1.4_194\workspace2\Lib_MCU\Debug\libLib_MCU.a(lpc17xx_pinsel.o)
 .debug_info    0x00008157      0x867 C:\Users\patricia\Documents\LPCXpresso_6.1.4_194\workspace2\Lib_MCU\Debug\libLib_MCU.a(lpc17xx_ssp.o)
 .debug_info    0x000089be      0x641 C:\Users\patricia\Documents\LPCXpresso_6.1.4_194\workspace2\Lib_MCU\Debug\libLib_MCU.a(lpc17xx_clkpwr.o)

.debug_abbrev   0x00000000     0x1e76
 .debug_abbrev  0x00000000       0xb4 ./cr_startup_lpc17.o
 .debug_abbrev  0x000000b4      0x1b7 ./ethmac.o
 .debug_abbrev  0x0000026b      0x199 ./ew_systick.o
 .debug_abbrev  0x00000404      0x256 ./main.o
 .debug_abbrev  0x0000065a      0x1f9 ./tcpip.o
 .debug_abbrev  0x00000853       0xce C:\Users\patricia\Documents\LPCXpresso_6.1.4_194\workspace2\CMSISv1p30_LPC17xx\Debug\libCMSISv1p30_LPC17xx.a(system_LPC17xx.o)
 .debug_abbrev  0x00000921      0x141 C:\Users\patricia\Documents\LPCXpresso_6.1.4_194\workspace2\FreeRTOS_Library\Debug\libFreeRTOS_Library.a(port.o)
 .debug_abbrev  0x00000a62       0x9b C:\Users\patricia\Documents\LPCXpresso_6.1.4_194\workspace2\FreeRTOS_Library\Debug\libFreeRTOS_Library.a(basic_io.o)
 .debug_abbrev  0x00000afd       0x7b C:\Users\patricia\Documents\LPCXpresso_6.1.4_194\workspace2\FreeRTOS_Library\Debug\libFreeRTOS_Library.a(consoleprint.o)
 .debug_abbrev  0x00000b78      0x1b3 C:\Users\patricia\Documents\LPCXpresso_6.1.4_194\workspace2\FreeRTOS_Library\Debug\libFreeRTOS_Library.a(queue.o)
 .debug_abbrev  0x00000d2b      0x2b1 C:\Users\patricia\Documents\LPCXpresso_6.1.4_194\workspace2\FreeRTOS_Library\Debug\libFreeRTOS_Library.a(tasks.o)
 .debug_abbrev  0x00000fdc      0x19e C:\Users\patricia\Documents\LPCXpresso_6.1.4_194\workspace2\FreeRTOS_Library\Debug\libFreeRTOS_Library.a(heap_2.o)
 .debug_abbrev  0x0000117a       0xda C:\Users\patricia\Documents\LPCXpresso_6.1.4_194\workspace2\FreeRTOS_Library\Debug\libFreeRTOS_Library.a(list.o)
 .debug_abbrev  0x00001254      0x15c C:\Users\patricia\Documents\LPCXpresso_6.1.4_194\workspace2\Lib_EaBaseBoard\Debug\libLib_EaBaseBoard.a(acc.o)
 .debug_abbrev  0x000013b0      0x1f1 C:\Users\patricia\Documents\LPCXpresso_6.1.4_194\workspace2\Lib_EaBaseBoard\Debug\libLib_EaBaseBoard.a(oled.o)
 .debug_abbrev  0x000015a1       0x4b C:\Users\patricia\Documents\LPCXpresso_6.1.4_194\workspace2\Lib_EaBaseBoard\Debug\libLib_EaBaseBoard.a(font5x7.o)
 .debug_abbrev  0x000015ec      0x185 C:\Users\patricia\Documents\LPCXpresso_6.1.4_194\workspace2\Lib_MCU\Debug\libLib_MCU.a(lpc17xx_gpio.o)
 .debug_abbrev  0x00001771      0x24a C:\Users\patricia\Documents\LPCXpresso_6.1.4_194\workspace2\Lib_MCU\Debug\libLib_MCU.a(lpc17xx_i2c.o)
 .debug_abbrev  0x000019bb       0x6a C:\Users\patricia\Documents\LPCXpresso_6.1.4_194\workspace2\Lib_MCU\Debug\libLib_MCU.a(lpc17xx_libcfg_default.o)
 .debug_abbrev  0x00001a25      0x10a C:\Users\patricia\Documents\LPCXpresso_6.1.4_194\workspace2\Lib_MCU\Debug\libLib_MCU.a(lpc17xx_pinsel.o)
 .debug_abbrev  0x00001b2f      0x1d3 C:\Users\patricia\Documents\LPCXpresso_6.1.4_194\workspace2\Lib_MCU\Debug\libLib_MCU.a(lpc17xx_ssp.o)
 .debug_abbrev  0x00001d02      0x174 C:\Users\patricia\Documents\LPCXpresso_6.1.4_194\workspace2\Lib_MCU\Debug\libLib_MCU.a(lpc17xx_clkpwr.o)

.debug_loc      0x00000000     0x3adb
 .debug_loc     0x00000000      0x1f0 ./cr_startup_lpc17.o
 .debug_loc     0x000001f0      0x2ec ./ethmac.o
 .debug_loc     0x000004dc       0xc8 ./ew_systick.o
 .debug_loc     0x000005a4      0x3d4 ./main.o
 .debug_loc     0x00000978      0x5ac ./tcpip.o
 .debug_loc     0x00000f24       0x58 C:\Users\patricia\Documents\LPCXpresso_6.1.4_194\workspace2\CMSISv1p30_LPC17xx\Debug\libCMSISv1p30_LPC17xx.a(system_LPC17xx.o)
 .debug_loc     0x00000f7c       0x94 C:\Users\patricia\Documents\LPCXpresso_6.1.4_194\workspace2\FreeRTOS_Library\Debug\libFreeRTOS_Library.a(port.o)
 .debug_loc     0x00001010       0x9a C:\Users\patricia\Documents\LPCXpresso_6.1.4_194\workspace2\FreeRTOS_Library\Debug\libFreeRTOS_Library.a(basic_io.o)
 .debug_loc     0x000010aa       0x5c C:\Users\patricia\Documents\LPCXpresso_6.1.4_194\workspace2\FreeRTOS_Library\Debug\libFreeRTOS_Library.a(consoleprint.o)
 .debug_loc     0x00001106      0x68c C:\Users\patricia\Documents\LPCXpresso_6.1.4_194\workspace2\FreeRTOS_Library\Debug\libFreeRTOS_Library.a(queue.o)
 .debug_loc     0x00001792      0xa90 C:\Users\patricia\Documents\LPCXpresso_6.1.4_194\workspace2\FreeRTOS_Library\Debug\libFreeRTOS_Library.a(tasks.o)
 .debug_loc     0x00002222      0x201 C:\Users\patricia\Documents\LPCXpresso_6.1.4_194\workspace2\FreeRTOS_Library\Debug\libFreeRTOS_Library.a(heap_2.o)
 .debug_loc     0x00002423       0x4a C:\Users\patricia\Documents\LPCXpresso_6.1.4_194\workspace2\FreeRTOS_Library\Debug\libFreeRTOS_Library.a(list.o)
 .debug_loc     0x0000246d      0x1f0 C:\Users\patricia\Documents\LPCXpresso_6.1.4_194\workspace2\Lib_EaBaseBoard\Debug\libLib_EaBaseBoard.a(acc.o)
 .debug_loc     0x0000265d      0x33e C:\Users\patricia\Documents\LPCXpresso_6.1.4_194\workspace2\Lib_EaBaseBoard\Debug\libLib_EaBaseBoard.a(oled.o)
 .debug_loc     0x0000299b      0x4d0 C:\Users\patricia\Documents\LPCXpresso_6.1.4_194\workspace2\Lib_MCU\Debug\libLib_MCU.a(lpc17xx_gpio.o)
 .debug_loc     0x00002e6b      0x4e4 C:\Users\patricia\Documents\LPCXpresso_6.1.4_194\workspace2\Lib_MCU\Debug\libLib_MCU.a(lpc17xx_i2c.o)
 .debug_loc     0x0000334f       0x38 C:\Users\patricia\Documents\LPCXpresso_6.1.4_194\workspace2\Lib_MCU\Debug\libLib_MCU.a(lpc17xx_libcfg_default.o)
 .debug_loc     0x00003387      0x150 C:\Users\patricia\Documents\LPCXpresso_6.1.4_194\workspace2\Lib_MCU\Debug\libLib_MCU.a(lpc17xx_pinsel.o)
 .debug_loc     0x000034d7      0x448 C:\Users\patricia\Documents\LPCXpresso_6.1.4_194\workspace2\Lib_MCU\Debug\libLib_MCU.a(lpc17xx_ssp.o)
 .debug_loc     0x0000391f      0x1bc C:\Users\patricia\Documents\LPCXpresso_6.1.4_194\workspace2\Lib_MCU\Debug\libLib_MCU.a(lpc17xx_clkpwr.o)

.debug_aranges  0x00000000      0x7f8
 .debug_aranges
                0x00000000       0x70 ./cr_startup_lpc17.o
 .debug_aranges
                0x00000070       0x88 ./ethmac.o
 .debug_aranges
                0x000000f8       0x38 ./ew_systick.o
 .debug_aranges
                0x00000130       0xb0 ./main.o
 .debug_aranges
                0x000001e0      0x108 ./tcpip.o
 .debug_aranges
                0x000002e8       0x28 C:\Users\patricia\Documents\LPCXpresso_6.1.4_194\workspace2\CMSISv1p30_LPC17xx\Debug\libCMSISv1p30_LPC17xx.a(system_LPC17xx.o)
 .debug_aranges
                0x00000310       0x20 C:\Users\patricia\Documents\LPCXpresso_6.1.4_194\workspace2\FreeRTOS_Library\Debug\libFreeRTOS_Library.a(port.o)
 .debug_aranges
                0x00000330       0x20 C:\Users\patricia\Documents\LPCXpresso_6.1.4_194\workspace2\FreeRTOS_Library\Debug\libFreeRTOS_Library.a(basic_io.o)
 .debug_aranges
                0x00000350       0x20 C:\Users\patricia\Documents\LPCXpresso_6.1.4_194\workspace2\FreeRTOS_Library\Debug\libFreeRTOS_Library.a(consoleprint.o)
 .debug_aranges
                0x00000370       0x20 C:\Users\patricia\Documents\LPCXpresso_6.1.4_194\workspace2\FreeRTOS_Library\Debug\libFreeRTOS_Library.a(queue.o)
 .debug_aranges
                0x00000390       0x20 C:\Users\patricia\Documents\LPCXpresso_6.1.4_194\workspace2\FreeRTOS_Library\Debug\libFreeRTOS_Library.a(tasks.o)
 .debug_aranges
                0x000003b0       0x20 C:\Users\patricia\Documents\LPCXpresso_6.1.4_194\workspace2\FreeRTOS_Library\Debug\libFreeRTOS_Library.a(heap_2.o)
 .debug_aranges
                0x000003d0       0x20 C:\Users\patricia\Documents\LPCXpresso_6.1.4_194\workspace2\FreeRTOS_Library\Debug\libFreeRTOS_Library.a(list.o)
 .debug_aranges
                0x000003f0       0x60 C:\Users\patricia\Documents\LPCXpresso_6.1.4_194\workspace2\Lib_EaBaseBoard\Debug\libLib_EaBaseBoard.a(acc.o)
 .debug_aranges
                0x00000450       0x90 C:\Users\patricia\Documents\LPCXpresso_6.1.4_194\workspace2\Lib_EaBaseBoard\Debug\libLib_EaBaseBoard.a(oled.o)
 .debug_aranges
                0x000004e0       0xc8 C:\Users\patricia\Documents\LPCXpresso_6.1.4_194\workspace2\Lib_MCU\Debug\libLib_MCU.a(lpc17xx_gpio.o)
 .debug_aranges
                0x000005a8       0xd0 C:\Users\patricia\Documents\LPCXpresso_6.1.4_194\workspace2\Lib_MCU\Debug\libLib_MCU.a(lpc17xx_i2c.o)
 .debug_aranges
                0x00000678       0x20 C:\Users\patricia\Documents\LPCXpresso_6.1.4_194\workspace2\Lib_MCU\Debug\libLib_MCU.a(lpc17xx_libcfg_default.o)
 .debug_aranges
                0x00000698       0x48 C:\Users\patricia\Documents\LPCXpresso_6.1.4_194\workspace2\Lib_MCU\Debug\libLib_MCU.a(lpc17xx_pinsel.o)
 .debug_aranges
                0x000006e0       0xb8 C:\Users\patricia\Documents\LPCXpresso_6.1.4_194\workspace2\Lib_MCU\Debug\libLib_MCU.a(lpc17xx_ssp.o)
 .debug_aranges
                0x00000798       0x60 C:\Users\patricia\Documents\LPCXpresso_6.1.4_194\workspace2\Lib_MCU\Debug\libLib_MCU.a(lpc17xx_clkpwr.o)

.debug_ranges   0x00000000      0x6b0
 .debug_ranges  0x00000000       0x60 ./cr_startup_lpc17.o
 .debug_ranges  0x00000060       0x78 ./ethmac.o
 .debug_ranges  0x000000d8       0x28 ./ew_systick.o
 .debug_ranges  0x00000100       0xa0 ./main.o
 .debug_ranges  0x000001a0       0xf8 ./tcpip.o
 .debug_ranges  0x00000298       0x18 C:\Users\patricia\Documents\LPCXpresso_6.1.4_194\workspace2\CMSISv1p30_LPC17xx\Debug\libCMSISv1p30_LPC17xx.a(system_LPC17xx.o)
 .debug_ranges  0x000002b0       0x78 C:\Users\patricia\Documents\LPCXpresso_6.1.4_194\workspace2\FreeRTOS_Library\Debug\libFreeRTOS_Library.a(tasks.o)
 .debug_ranges  0x00000328       0x50 C:\Users\patricia\Documents\LPCXpresso_6.1.4_194\workspace2\Lib_EaBaseBoard\Debug\libLib_EaBaseBoard.a(acc.o)
 .debug_ranges  0x00000378       0x80 C:\Users\patricia\Documents\LPCXpresso_6.1.4_194\workspace2\Lib_EaBaseBoard\Debug\libLib_EaBaseBoard.a(oled.o)
 .debug_ranges  0x000003f8       0xb8 C:\Users\patricia\Documents\LPCXpresso_6.1.4_194\workspace2\Lib_MCU\Debug\libLib_MCU.a(lpc17xx_gpio.o)
 .debug_ranges  0x000004b0       0xc0 C:\Users\patricia\Documents\LPCXpresso_6.1.4_194\workspace2\Lib_MCU\Debug\libLib_MCU.a(lpc17xx_i2c.o)
 .debug_ranges  0x00000570       0x10 C:\Users\patricia\Documents\LPCXpresso_6.1.4_194\workspace2\Lib_MCU\Debug\libLib_MCU.a(lpc17xx_libcfg_default.o)
 .debug_ranges  0x00000580       0x38 C:\Users\patricia\Documents\LPCXpresso_6.1.4_194\workspace2\Lib_MCU\Debug\libLib_MCU.a(lpc17xx_pinsel.o)
 .debug_ranges  0x000005b8       0xa8 C:\Users\patricia\Documents\LPCXpresso_6.1.4_194\workspace2\Lib_MCU\Debug\libLib_MCU.a(lpc17xx_ssp.o)
 .debug_ranges  0x00000660       0x50 C:\Users\patricia\Documents\LPCXpresso_6.1.4_194\workspace2\Lib_MCU\Debug\libLib_MCU.a(lpc17xx_clkpwr.o)

.debug_line     0x00000000     0x7944
 .debug_line    0x00000000      0x45d ./cr_startup_lpc17.o
 .debug_line    0x0000045d      0x586 ./ethmac.o
 .debug_line    0x000009e3      0x3de ./ew_systick.o
 .debug_line    0x00000dc1      0x8c0 ./main.o
 .debug_line    0x00001681      0x7f4 ./tcpip.o
 .debug_line    0x00001e75      0x412 C:\Users\patricia\Documents\LPCXpresso_6.1.4_194\workspace2\CMSISv1p30_LPC17xx\Debug\libCMSISv1p30_LPC17xx.a(system_LPC17xx.o)
 .debug_line    0x00002287      0x504 C:\Users\patricia\Documents\LPCXpresso_6.1.4_194\workspace2\FreeRTOS_Library\Debug\libFreeRTOS_Library.a(port.o)
 .debug_line    0x0000278b      0x504 C:\Users\patricia\Documents\LPCXpresso_6.1.4_194\workspace2\FreeRTOS_Library\Debug\libFreeRTOS_Library.a(basic_io.o)
 .debug_line    0x00002c8f      0x2d8 C:\Users\patricia\Documents\LPCXpresso_6.1.4_194\workspace2\FreeRTOS_Library\Debug\libFreeRTOS_Library.a(consoleprint.o)
 .debug_line    0x00002f67      0x618 C:\Users\patricia\Documents\LPCXpresso_6.1.4_194\workspace2\FreeRTOS_Library\Debug\libFreeRTOS_Library.a(queue.o)
 .debug_line    0x0000357f      0x820 C:\Users\patricia\Documents\LPCXpresso_6.1.4_194\workspace2\FreeRTOS_Library\Debug\libFreeRTOS_Library.a(tasks.o)
 .debug_line    0x00003d9f      0x53e C:\Users\patricia\Documents\LPCXpresso_6.1.4_194\workspace2\FreeRTOS_Library\Debug\libFreeRTOS_Library.a(heap_2.o)
 .debug_line    0x000042dd      0x504 C:\Users\patricia\Documents\LPCXpresso_6.1.4_194\workspace2\FreeRTOS_Library\Debug\libFreeRTOS_Library.a(list.o)
 .debug_line    0x000047e1      0x50c C:\Users\patricia\Documents\LPCXpresso_6.1.4_194\workspace2\Lib_EaBaseBoard\Debug\libLib_EaBaseBoard.a(acc.o)
 .debug_line    0x00004ced      0x791 C:\Users\patricia\Documents\LPCXpresso_6.1.4_194\workspace2\Lib_EaBaseBoard\Debug\libLib_EaBaseBoard.a(oled.o)
 .debug_line    0x0000547e       0x90 C:\Users\patricia\Documents\LPCXpresso_6.1.4_194\workspace2\Lib_EaBaseBoard\Debug\libLib_EaBaseBoard.a(font5x7.o)
 .debug_line    0x0000550e      0x5fa C:\Users\patricia\Documents\LPCXpresso_6.1.4_194\workspace2\Lib_MCU\Debug\libLib_MCU.a(lpc17xx_gpio.o)
 .debug_line    0x00005b08      0x915 C:\Users\patricia\Documents\LPCXpresso_6.1.4_194\workspace2\Lib_MCU\Debug\libLib_MCU.a(lpc17xx_i2c.o)
 .debug_line    0x0000641d      0x38c C:\Users\patricia\Documents\LPCXpresso_6.1.4_194\workspace2\Lib_MCU\Debug\libLib_MCU.a(lpc17xx_libcfg_default.o)
 .debug_line    0x000067a9      0x479 C:\Users\patricia\Documents\LPCXpresso_6.1.4_194\workspace2\Lib_MCU\Debug\libLib_MCU.a(lpc17xx_pinsel.o)
 .debug_line    0x00006c22      0x848 C:\Users\patricia\Documents\LPCXpresso_6.1.4_194\workspace2\Lib_MCU\Debug\libLib_MCU.a(lpc17xx_ssp.o)
 .debug_line    0x0000746a      0x4da C:\Users\patricia\Documents\LPCXpresso_6.1.4_194\workspace2\Lib_MCU\Debug\libLib_MCU.a(lpc17xx_clkpwr.o)

.debug_macinfo  0x00000000    0xbfb78
 .debug_macinfo
                0x00000000     0x3d1a ./cr_startup_lpc17.o
 .debug_macinfo
                0x00003d1a     0xa4e0 ./ethmac.o
 .debug_macinfo
                0x0000e1fa     0x810e ./ew_systick.o
 .debug_macinfo
                0x00016308     0xed1e ./main.o
 .debug_macinfo
                0x00025026     0xa4b1 ./tcpip.o
 .debug_macinfo
                0x0002f4d7     0x83f8 C:\Users\patricia\Documents\LPCXpresso_6.1.4_194\workspace2\CMSISv1p30_LPC17xx\Debug\libCMSISv1p30_LPC17xx.a(system_LPC17xx.o)
 .debug_macinfo
                0x000378cf     0x9de1 C:\Users\patricia\Documents\LPCXpresso_6.1.4_194\workspace2\FreeRTOS_Library\Debug\libFreeRTOS_Library.a(port.o)
 .debug_macinfo
                0x000416b0     0x9e2d C:\Users\patricia\Documents\LPCXpresso_6.1.4_194\workspace2\FreeRTOS_Library\Debug\libFreeRTOS_Library.a(basic_io.o)
 .debug_macinfo
                0x0004b4dd     0x2b75 C:\Users\patricia\Documents\LPCXpresso_6.1.4_194\workspace2\FreeRTOS_Library\Debug\libFreeRTOS_Library.a(consoleprint.o)
 .debug_macinfo
                0x0004e052     0xa4c3 C:\Users\patricia\Documents\LPCXpresso_6.1.4_194\workspace2\FreeRTOS_Library\Debug\libFreeRTOS_Library.a(queue.o)
 .debug_macinfo
                0x00058515     0xa761 C:\Users\patricia\Documents\LPCXpresso_6.1.4_194\workspace2\FreeRTOS_Library\Debug\libFreeRTOS_Library.a(tasks.o)
 .debug_macinfo
                0x00062c76     0x9f77 C:\Users\patricia\Documents\LPCXpresso_6.1.4_194\workspace2\FreeRTOS_Library\Debug\libFreeRTOS_Library.a(heap_2.o)
 .debug_macinfo
                0x0006cbed     0x98ca C:\Users\patricia\Documents\LPCXpresso_6.1.4_194\workspace2\FreeRTOS_Library\Debug\libFreeRTOS_Library.a(list.o)
 .debug_macinfo
                0x000764b7     0x8f1b C:\Users\patricia\Documents\LPCXpresso_6.1.4_194\workspace2\Lib_EaBaseBoard\Debug\libLib_EaBaseBoard.a(acc.o)
 .debug_macinfo
                0x0007f3d2     0xa143 C:\Users\patricia\Documents\LPCXpresso_6.1.4_194\workspace2\Lib_EaBaseBoard\Debug\libLib_EaBaseBoard.a(oled.o)
 .debug_macinfo
                0x00089515     0x332a C:\Users\patricia\Documents\LPCXpresso_6.1.4_194\workspace2\Lib_EaBaseBoard\Debug\libLib_EaBaseBoard.a(font5x7.o)
 .debug_macinfo
                0x0008c83f     0x86b8 C:\Users\patricia\Documents\LPCXpresso_6.1.4_194\workspace2\Lib_MCU\Debug\libLib_MCU.a(lpc17xx_gpio.o)
 .debug_macinfo
                0x00094ef7     0xa5d8 C:\Users\patricia\Documents\LPCXpresso_6.1.4_194\workspace2\Lib_MCU\Debug\libLib_MCU.a(lpc17xx_i2c.o)
 .debug_macinfo
                0x0009f4cf     0x400d C:\Users\patricia\Documents\LPCXpresso_6.1.4_194\workspace2\Lib_MCU\Debug\libLib_MCU.a(lpc17xx_libcfg_default.o)
 .debug_macinfo
                0x000a34dc     0x87d3 C:\Users\patricia\Documents\LPCXpresso_6.1.4_194\workspace2\Lib_MCU\Debug\libLib_MCU.a(lpc17xx_pinsel.o)
 .debug_macinfo
                0x000abcaf     0xa8d0 C:\Users\patricia\Documents\LPCXpresso_6.1.4_194\workspace2\Lib_MCU\Debug\libLib_MCU.a(lpc17xx_ssp.o)
 .debug_macinfo
                0x000b657f     0x95f9 C:\Users\patricia\Documents\LPCXpresso_6.1.4_194\workspace2\Lib_MCU\Debug\libLib_MCU.a(lpc17xx_clkpwr.o)

.debug_str      0x00000000     0x2ff2
 .debug_str     0x00000000      0x1da ./cr_startup_lpc17.o
                                0x214 (size before relaxing)
 .debug_str     0x000001da      0x561 ./ethmac.o
                                0x6b9 (size before relaxing)
 .debug_str     0x0000073b      0x442 ./ew_systick.o
                                0x5b2 (size before relaxing)
 .debug_str     0x00000b7d      0x58a ./main.o
                                0x73e (size before relaxing)
 .debug_str     0x00001107      0x2bb ./tcpip.o
                                0x785 (size before relaxing)
 .debug_str     0x000013c2       0x8e C:\Users\patricia\Documents\LPCXpresso_6.1.4_194\workspace2\CMSISv1p30_LPC17xx\Debug\libCMSISv1p30_LPC17xx.a(system_LPC17xx.o)
                                0x2c0 (size before relaxing)
 .debug_str     0x00001450      0x186 C:\Users\patricia\Documents\LPCXpresso_6.1.4_194\workspace2\FreeRTOS_Library\Debug\libFreeRTOS_Library.a(port.o)
                                0x281 (size before relaxing)
 .debug_str     0x000015d6       0x54 C:\Users\patricia\Documents\LPCXpresso_6.1.4_194\workspace2\FreeRTOS_Library\Debug\libFreeRTOS_Library.a(basic_io.o)
                                0x18d (size before relaxing)
 .debug_str     0x0000162a       0x37 C:\Users\patricia\Documents\LPCXpresso_6.1.4_194\workspace2\FreeRTOS_Library\Debug\libFreeRTOS_Library.a(consoleprint.o)
                                0x115 (size before relaxing)
 .debug_str     0x00001661      0x3ca C:\Users\patricia\Documents\LPCXpresso_6.1.4_194\workspace2\FreeRTOS_Library\Debug\libFreeRTOS_Library.a(queue.o)
                                0x53c (size before relaxing)
 .debug_str     0x00001a2b      0x616 C:\Users\patricia\Documents\LPCXpresso_6.1.4_194\workspace2\FreeRTOS_Library\Debug\libFreeRTOS_Library.a(tasks.o)
                                0x8d5 (size before relaxing)
 .debug_str     0x00002041      0x150 C:\Users\patricia\Documents\LPCXpresso_6.1.4_194\workspace2\FreeRTOS_Library\Debug\libFreeRTOS_Library.a(heap_2.o)
                                0x2a8 (size before relaxing)
 .debug_str     0x00002191       0x92 C:\Users\patricia\Documents\LPCXpresso_6.1.4_194\workspace2\FreeRTOS_Library\Debug\libFreeRTOS_Library.a(list.o)
                                0x26f (size before relaxing)
 .debug_str     0x00002223      0x227 C:\Users\patricia\Documents\LPCXpresso_6.1.4_194\workspace2\Lib_EaBaseBoard\Debug\libLib_EaBaseBoard.a(acc.o)
                                0x3a6 (size before relaxing)
 .debug_str     0x0000244a      0x202 C:\Users\patricia\Documents\LPCXpresso_6.1.4_194\workspace2\Lib_EaBaseBoard\Debug\libLib_EaBaseBoard.a(oled.o)
                                0x3c3 (size before relaxing)
 .debug_str     0x0000264c       0x11 C:\Users\patricia\Documents\LPCXpresso_6.1.4_194\workspace2\Lib_EaBaseBoard\Debug\libLib_EaBaseBoard.a(font5x7.o)
                                 0xce (size before relaxing)
 .debug_str     0x0000265d      0x25c C:\Users\patricia\Documents\LPCXpresso_6.1.4_194\workspace2\Lib_MCU\Debug\libLib_MCU.a(lpc17xx_gpio.o)
                                0x47f (size before relaxing)
 .debug_str     0x000028b9      0x323 C:\Users\patricia\Documents\LPCXpresso_6.1.4_194\workspace2\Lib_MCU\Debug\libLib_MCU.a(lpc17xx_i2c.o)
                                0x815 (size before relaxing)
 .debug_str     0x00002bdc       0x32 C:\Users\patricia\Documents\LPCXpresso_6.1.4_194\workspace2\Lib_MCU\Debug\libLib_MCU.a(lpc17xx_libcfg_default.o)
                                0x158 (size before relaxing)
 .debug_str     0x00002c0e      0x108 C:\Users\patricia\Documents\LPCXpresso_6.1.4_194\workspace2\Lib_MCU\Debug\libLib_MCU.a(lpc17xx_pinsel.o)
                                0x3b4 (size before relaxing)
 .debug_str     0x00002d16      0x211 C:\Users\patricia\Documents\LPCXpresso_6.1.4_194\workspace2\Lib_MCU\Debug\libLib_MCU.a(lpc17xx_ssp.o)
                                0x492 (size before relaxing)
 .debug_str     0x00002f27       0xcb C:\Users\patricia\Documents\LPCXpresso_6.1.4_194\workspace2\Lib_MCU\Debug\libLib_MCU.a(lpc17xx_clkpwr.o)
                                0x3b0 (size before relaxing)

.comment        0x00000000       0xe0
 .comment       0x00000000       0x70 ./cr_startup_lpc17.o
                                 0x71 (size before relaxing)
 .comment       0x00000000       0x71 ./ethmac.o
 .comment       0x00000000       0x71 ./ew_systick.o
 .comment       0x00000000       0x71 ./main.o
 .comment       0x00000000       0x71 ./tcpip.o
 .comment       0x00000000       0x71 C:\Users\patricia\Documents\LPCXpresso_6.1.4_194\workspace2\CMSISv1p30_LPC17xx\Debug\libCMSISv1p30_LPC17xx.a(system_LPC17xx.o)
 .comment       0x00000000       0x71 C:\Users\patricia\Documents\LPCXpresso_6.1.4_194\workspace2\FreeRTOS_Library\Debug\libFreeRTOS_Library.a(port.o)
 .comment       0x00000000       0x71 C:\Users\patricia\Documents\LPCXpresso_6.1.4_194\workspace2\FreeRTOS_Library\Debug\libFreeRTOS_Library.a(basic_io.o)
 .comment       0x00000000       0x71 C:\Users\patricia\Documents\LPCXpresso_6.1.4_194\workspace2\FreeRTOS_Library\Debug\libFreeRTOS_Library.a(consoleprint.o)
 .comment       0x00000000       0x71 C:\Users\patricia\Documents\LPCXpresso_6.1.4_194\workspace2\FreeRTOS_Library\Debug\libFreeRTOS_Library.a(queue.o)
 .comment       0x00000000       0x71 C:\Users\patricia\Documents\LPCXpresso_6.1.4_194\workspace2\FreeRTOS_Library\Debug\libFreeRTOS_Library.a(tasks.o)
 .comment       0x00000000       0x71 C:\Users\patricia\Documents\LPCXpresso_6.1.4_194\workspace2\FreeRTOS_Library\Debug\libFreeRTOS_Library.a(heap_2.o)
 .comment       0x00000000       0x71 C:\Users\patricia\Documents\LPCXpresso_6.1.4_194\workspace2\FreeRTOS_Library\Debug\libFreeRTOS_Library.a(list.o)
 .comment       0x00000000       0x71 C:\Users\patricia\Documents\LPCXpresso_6.1.4_194\workspace2\Lib_EaBaseBoard\Debug\libLib_EaBaseBoard.a(acc.o)
 .comment       0x00000000       0x71 C:\Users\patricia\Documents\LPCXpresso_6.1.4_194\workspace2\Lib_EaBaseBoard\Debug\libLib_EaBaseBoard.a(oled.o)
 .comment       0x00000000       0x71 C:\Users\patricia\Documents\LPCXpresso_6.1.4_194\workspace2\Lib_EaBaseBoard\Debug\libLib_EaBaseBoard.a(font5x7.o)
 .comment       0x00000000       0x71 C:\Users\patricia\Documents\LPCXpresso_6.1.4_194\workspace2\Lib_MCU\Debug\libLib_MCU.a(lpc17xx_gpio.o)
 .comment       0x00000000       0x71 C:\Users\patricia\Documents\LPCXpresso_6.1.4_194\workspace2\Lib_MCU\Debug\libLib_MCU.a(lpc17xx_i2c.o)
 .comment       0x00000000       0x71 C:\Users\patricia\Documents\LPCXpresso_6.1.4_194\workspace2\Lib_MCU\Debug\libLib_MCU.a(lpc17xx_libcfg_default.o)
 .comment       0x00000000       0x71 C:\Users\patricia\Documents\LPCXpresso_6.1.4_194\workspace2\Lib_MCU\Debug\libLib_MCU.a(lpc17xx_pinsel.o)
 .comment       0x00000000       0x71 C:\Users\patricia\Documents\LPCXpresso_6.1.4_194\workspace2\Lib_MCU\Debug\libLib_MCU.a(lpc17xx_ssp.o)
 .comment       0x00000000       0x71 C:\Users\patricia\Documents\LPCXpresso_6.1.4_194\workspace2\Lib_MCU\Debug\libLib_MCU.a(lpc17xx_clkpwr.o)
 .comment       0x00000070       0x70 c:/nxp/lpcxpresso_6.1.4_194/lpcxpresso/tools/bin/../lib/gcc/arm-none-eabi/4.6.2/../../../../arm-none-eabi/lib/armv7-m\libcr_semihost.a(_cr__main.o)
                                 0x71 (size before relaxing)
 .comment       0x00000000       0x71 c:/nxp/lpcxpresso_6.1.4_194/lpcxpresso/tools/bin/../lib/gcc/arm-none-eabi/4.6.2/../../../../arm-none-eabi/lib/armv7-m\libcr_c.a(memcpy.o)
 .comment       0x00000000       0x71 c:/nxp/lpcxpresso_6.1.4_194/lpcxpresso/tools/bin/../lib/gcc/arm-none-eabi/4.6.2/../../../../arm-none-eabi/lib/armv7-m\libcr_c.a(memset.o)
 .comment       0x00000000       0x71 c:/nxp/lpcxpresso_6.1.4_194/lpcxpresso/tools/bin/../lib/gcc/arm-none-eabi/4.6.2/../../../../arm-none-eabi/lib/armv7-m\libcr_c.a(fpprintf.o)
 .comment       0x00000000       0x71 c:/nxp/lpcxpresso_6.1.4_194/lpcxpresso/tools/bin/../lib/gcc/arm-none-eabi/4.6.2/../../../../arm-none-eabi/lib/armv7-m\libcr_c.a(initio.o)
 .comment       0x00000000       0x71 c:/nxp/lpcxpresso_6.1.4_194/lpcxpresso/tools/bin/../lib/gcc/arm-none-eabi/4.6.2/../../../../arm-none-eabi/lib/armv7-m\libcr_c.a(memcmp.o)
 .comment       0x00000000       0x71 c:/nxp/lpcxpresso_6.1.4_194/lpcxpresso/tools/bin/../lib/gcc/arm-none-eabi/4.6.2/../../../../arm-none-eabi/lib/armv7-m\libcr_c.a(printf.o)
 .comment       0x00000000       0x71 c:/nxp/lpcxpresso_6.1.4_194/lpcxpresso/tools/bin/../lib/gcc/arm-none-eabi/4.6.2/../../../../arm-none-eabi/lib/armv7-m\libcr_c.a(setvbuf.o)
 .comment       0x00000000       0x71 c:/nxp/lpcxpresso_6.1.4_194/lpcxpresso/tools/bin/../lib/gcc/arm-none-eabi/4.6.2/../../../../arm-none-eabi/lib/armv7-m\libcr_c.a(stdio.o)
 .comment       0x00000000       0x71 c:/nxp/lpcxpresso_6.1.4_194/lpcxpresso/tools/bin/../lib/gcc/arm-none-eabi/4.6.2/../../../../arm-none-eabi/lib/armv7-m\libcr_c.a(strcpy.o)
 .comment       0x00000000       0x71 c:/nxp/lpcxpresso_6.1.4_194/lpcxpresso/tools/bin/../lib/gcc/arm-none-eabi/4.6.2/../../../../arm-none-eabi/lib/armv7-m\libcr_c.a(strlen.o)
 .comment       0x00000000       0x71 c:/nxp/lpcxpresso_6.1.4_194/lpcxpresso/tools/bin/../lib/gcc/arm-none-eabi/4.6.2/../../../../arm-none-eabi/lib/armv7-m\libcr_c.a(strncpy.o)
 .comment       0x00000000       0x71 c:/nxp/lpcxpresso_6.1.4_194/lpcxpresso/tools/bin/../lib/gcc/arm-none-eabi/4.6.2/../../../../arm-none-eabi/lib/armv7-m\libcr_c.a(__fillbuf.o)
 .comment       0x00000000       0x71 c:/nxp/lpcxpresso_6.1.4_194/lpcxpresso/tools/bin/../lib/gcc/arm-none-eabi/4.6.2/../../../../arm-none-eabi/lib/armv7-m\libcr_c.a(_deferredlazyseek.o)
 .comment       0x00000000       0x71 c:/nxp/lpcxpresso_6.1.4_194/lpcxpresso/tools/bin/../lib/gcc/arm-none-eabi/4.6.2/../../../../arm-none-eabi/lib/armv7-m\libcr_c.a(_fdopen.o)
 .comment       0x00000000       0x71 c:/nxp/lpcxpresso_6.1.4_194/lpcxpresso/tools/bin/../lib/gcc/arm-none-eabi/4.6.2/../../../../arm-none-eabi/lib/armv7-m\libcr_c.a(_fflush.o)
 .comment       0x00000000       0x71 c:/nxp/lpcxpresso_6.1.4_194/lpcxpresso/tools/bin/../lib/gcc/arm-none-eabi/4.6.2/../../../../arm-none-eabi/lib/armv7-m\libcr_c.a(_frexpl.o)
 .comment       0x00000000       0x71 c:/nxp/lpcxpresso_6.1.4_194/lpcxpresso/tools/bin/../lib/gcc/arm-none-eabi/4.6.2/../../../../arm-none-eabi/lib/armv7-m\libcr_c.a(_ldexpl.o)
 .comment       0x00000000       0x71 c:/nxp/lpcxpresso_6.1.4_194/lpcxpresso/tools/bin/../lib/gcc/arm-none-eabi/4.6.2/../../../../arm-none-eabi/lib/armv7-m\libcr_c.a(_writebuf.o)
 .comment       0x00000000       0x71 c:/nxp/lpcxpresso_6.1.4_194/lpcxpresso/tools/bin/../lib/gcc/arm-none-eabi/4.6.2/../../../../arm-none-eabi/lib/armv7-m\libcr_c.a(alloc.o)
 .comment       0x00000000       0x71 c:/nxp/lpcxpresso_6.1.4_194/lpcxpresso/tools/bin/../lib/gcc/arm-none-eabi/4.6.2/../../../../arm-none-eabi/lib/armv7-m\libcr_c.a(errno.o)
 .comment       0x00000000       0x71 c:/nxp/lpcxpresso_6.1.4_194/lpcxpresso/tools/bin/../lib/gcc/arm-none-eabi/4.6.2/../../../../arm-none-eabi/lib/armv7-m\libcr_c.a(fclose.o)
 .comment       0x00000000       0x71 c:/nxp/lpcxpresso_6.1.4_194/lpcxpresso/tools/bin/../lib/gcc/arm-none-eabi/4.6.2/../../../../arm-none-eabi/lib/armv7-m\libcr_c.a(fflush.o)
 .comment       0x00000000       0x71 c:/nxp/lpcxpresso_6.1.4_194/lpcxpresso/tools/bin/../lib/gcc/arm-none-eabi/4.6.2/../../../../arm-none-eabi/lib/armv7-m\libcr_c.a(fseek.o)
 .comment       0x00000000       0x71 c:/nxp/lpcxpresso_6.1.4_194/lpcxpresso/tools/bin/../lib/gcc/arm-none-eabi/4.6.2/../../../../arm-none-eabi/lib/armv7-m\libcr_c.a(ftell.o)
 .comment       0x00000000       0x71 c:/nxp/lpcxpresso_6.1.4_194/lpcxpresso/tools/bin/../lib/gcc/arm-none-eabi/4.6.2/../../../../arm-none-eabi/lib/armv7-m\libcr_c.a(remove.o)
 .comment       0x00000000       0x71 c:/nxp/lpcxpresso_6.1.4_194/lpcxpresso/tools/bin/../lib/gcc/arm-none-eabi/4.6.2/../../../../arm-none-eabi/lib/armv7-m\libcr_c.a(__init_alloc.o)
 .comment       0x00000000       0x71 c:/nxp/lpcxpresso_6.1.4_194/lpcxpresso/tools/bin/../lib/gcc/arm-none-eabi/4.6.2/../../../../arm-none-eabi/lib/armv7-m\libcr_c.a(_do_fflush.o)
 .comment       0x00000000       0x71 c:/nxp/lpcxpresso_6.1.4_194/lpcxpresso/tools/bin/../lib/gcc/arm-none-eabi/4.6.2/../../../../arm-none-eabi/lib/armv7-m\libcr_c.a(_hugeval.o)
 .comment       0x00000000       0x71 c:/nxp/lpcxpresso_6.1.4_194/lpcxpresso/tools/bin/../lib/gcc/arm-none-eabi/4.6.2/armv7-m\libcr_eabihelpers.a(double.o)
 .comment       0x00000000       0x71 c:/nxp/lpcxpresso_6.1.4_194/lpcxpresso/tools/bin/../lib/gcc/arm-none-eabi/4.6.2/../../../../arm-none-eabi/lib/armv7-m\libcr_semihost.a(_cr_sbrk.o)
 .comment       0x00000000       0x71 c:/nxp/lpcxpresso_6.1.4_194/lpcxpresso/tools/bin/../lib/gcc/arm-none-eabi/4.6.2/../../../../arm-none-eabi/lib/armv7-m\libcr_semihost.a(_cr_check_heap.o)

.ARM.attributes
                0x00000000       0x31
 .ARM.attributes
                0x00000000       0x33 ./cr_startup_lpc17.o
 .ARM.attributes
                0x00000033       0x33 ./ethmac.o
 .ARM.attributes
                0x00000066       0x33 ./ew_systick.o
 .ARM.attributes
                0x00000099       0x33 ./main.o
 .ARM.attributes
                0x000000cc       0x33 ./tcpip.o
 .ARM.attributes
                0x000000ff       0x33 C:\Users\patricia\Documents\LPCXpresso_6.1.4_194\workspace2\CMSISv1p30_LPC17xx\Debug\libCMSISv1p30_LPC17xx.a(system_LPC17xx.o)
 .ARM.attributes
                0x00000132       0x33 C:\Users\patricia\Documents\LPCXpresso_6.1.4_194\workspace2\FreeRTOS_Library\Debug\libFreeRTOS_Library.a(port.o)
 .ARM.attributes
                0x00000165       0x33 C:\Users\patricia\Documents\LPCXpresso_6.1.4_194\workspace2\FreeRTOS_Library\Debug\libFreeRTOS_Library.a(basic_io.o)
 .ARM.attributes
                0x00000198       0x33 C:\Users\patricia\Documents\LPCXpresso_6.1.4_194\workspace2\FreeRTOS_Library\Debug\libFreeRTOS_Library.a(consoleprint.o)
 .ARM.attributes
                0x000001cb       0x33 C:\Users\patricia\Documents\LPCXpresso_6.1.4_194\workspace2\FreeRTOS_Library\Debug\libFreeRTOS_Library.a(queue.o)
 .ARM.attributes
                0x000001fe       0x33 C:\Users\patricia\Documents\LPCXpresso_6.1.4_194\workspace2\FreeRTOS_Library\Debug\libFreeRTOS_Library.a(tasks.o)
 .ARM.attributes
                0x00000231       0x33 C:\Users\patricia\Documents\LPCXpresso_6.1.4_194\workspace2\FreeRTOS_Library\Debug\libFreeRTOS_Library.a(heap_2.o)
 .ARM.attributes
                0x00000264       0x33 C:\Users\patricia\Documents\LPCXpresso_6.1.4_194\workspace2\FreeRTOS_Library\Debug\libFreeRTOS_Library.a(list.o)
 .ARM.attributes
                0x00000297       0x33 C:\Users\patricia\Documents\LPCXpresso_6.1.4_194\workspace2\Lib_EaBaseBoard\Debug\libLib_EaBaseBoard.a(acc.o)
 .ARM.attributes
                0x000002ca       0x33 C:\Users\patricia\Documents\LPCXpresso_6.1.4_194\workspace2\Lib_EaBaseBoard\Debug\libLib_EaBaseBoard.a(oled.o)
 .ARM.attributes
                0x000002fd       0x33 C:\Users\patricia\Documents\LPCXpresso_6.1.4_194\workspace2\Lib_EaBaseBoard\Debug\libLib_EaBaseBoard.a(font5x7.o)
 .ARM.attributes
                0x00000330       0x33 C:\Users\patricia\Documents\LPCXpresso_6.1.4_194\workspace2\Lib_MCU\Debug\libLib_MCU.a(lpc17xx_gpio.o)
 .ARM.attributes
                0x00000363       0x33 C:\Users\patricia\Documents\LPCXpresso_6.1.4_194\workspace2\Lib_MCU\Debug\libLib_MCU.a(lpc17xx_i2c.o)
 .ARM.attributes
                0x00000396       0x33 C:\Users\patricia\Documents\LPCXpresso_6.1.4_194\workspace2\Lib_MCU\Debug\libLib_MCU.a(lpc17xx_libcfg_default.o)
 .ARM.attributes
                0x000003c9       0x33 C:\Users\patricia\Documents\LPCXpresso_6.1.4_194\workspace2\Lib_MCU\Debug\libLib_MCU.a(lpc17xx_pinsel.o)
 .ARM.attributes
                0x000003fc       0x33 C:\Users\patricia\Documents\LPCXpresso_6.1.4_194\workspace2\Lib_MCU\Debug\libLib_MCU.a(lpc17xx_ssp.o)
 .ARM.attributes
                0x0000042f       0x33 C:\Users\patricia\Documents\LPCXpresso_6.1.4_194\workspace2\Lib_MCU\Debug\libLib_MCU.a(lpc17xx_clkpwr.o)
 .ARM.attributes
                0x00000462       0x21 c:/nxp/lpcxpresso_6.1.4_194/lpcxpresso/tools/bin/../lib/gcc/arm-none-eabi/4.6.2/../../../../arm-none-eabi/lib/armv7-m\libcr_semihost.a(__sys_write.o)
 .ARM.attributes
                0x00000483       0x33 c:/nxp/lpcxpresso_6.1.4_194/lpcxpresso/tools/bin/../lib/gcc/arm-none-eabi/4.6.2/../../../../arm-none-eabi/lib/armv7-m\libcr_semihost.a(_cr__main.o)
 .ARM.attributes
                0x000004b6       0x33 c:/nxp/lpcxpresso_6.1.4_194/lpcxpresso/tools/bin/../lib/gcc/arm-none-eabi/4.6.2/../../../../arm-none-eabi/lib/armv7-m\libcr_c.a(memcpy.o)
 .ARM.attributes
                0x000004e9       0x33 c:/nxp/lpcxpresso_6.1.4_194/lpcxpresso/tools/bin/../lib/gcc/arm-none-eabi/4.6.2/../../../../arm-none-eabi/lib/armv7-m\libcr_c.a(memset.o)
 .ARM.attributes
                0x0000051c       0x33 c:/nxp/lpcxpresso_6.1.4_194/lpcxpresso/tools/bin/../lib/gcc/arm-none-eabi/4.6.2/../../../../arm-none-eabi/lib/armv7-m\libcr_c.a(fpprintf.o)
 .ARM.attributes
                0x0000054f       0x33 c:/nxp/lpcxpresso_6.1.4_194/lpcxpresso/tools/bin/../lib/gcc/arm-none-eabi/4.6.2/../../../../arm-none-eabi/lib/armv7-m\libcr_c.a(initio.o)
 .ARM.attributes
                0x00000582       0x33 c:/nxp/lpcxpresso_6.1.4_194/lpcxpresso/tools/bin/../lib/gcc/arm-none-eabi/4.6.2/../../../../arm-none-eabi/lib/armv7-m\libcr_c.a(memcmp.o)
 .ARM.attributes
                0x000005b5       0x33 c:/nxp/lpcxpresso_6.1.4_194/lpcxpresso/tools/bin/../lib/gcc/arm-none-eabi/4.6.2/../../../../arm-none-eabi/lib/armv7-m\libcr_c.a(printf.o)
 .ARM.attributes
                0x000005e8       0x33 c:/nxp/lpcxpresso_6.1.4_194/lpcxpresso/tools/bin/../lib/gcc/arm-none-eabi/4.6.2/../../../../arm-none-eabi/lib/armv7-m\libcr_c.a(setvbuf.o)
 .ARM.attributes
                0x0000061b       0x33 c:/nxp/lpcxpresso_6.1.4_194/lpcxpresso/tools/bin/../lib/gcc/arm-none-eabi/4.6.2/../../../../arm-none-eabi/lib/armv7-m\libcr_c.a(stdio.o)
 .ARM.attributes
                0x0000064e       0x33 c:/nxp/lpcxpresso_6.1.4_194/lpcxpresso/tools/bin/../lib/gcc/arm-none-eabi/4.6.2/../../../../arm-none-eabi/lib/armv7-m\libcr_c.a(strcpy.o)
 .ARM.attributes
                0x00000681       0x33 c:/nxp/lpcxpresso_6.1.4_194/lpcxpresso/tools/bin/../lib/gcc/arm-none-eabi/4.6.2/../../../../arm-none-eabi/lib/armv7-m\libcr_c.a(strlen.o)
 .ARM.attributes
                0x000006b4       0x33 c:/nxp/lpcxpresso_6.1.4_194/lpcxpresso/tools/bin/../lib/gcc/arm-none-eabi/4.6.2/../../../../arm-none-eabi/lib/armv7-m\libcr_c.a(strncpy.o)
 .ARM.attributes
                0x000006e7       0x33 c:/nxp/lpcxpresso_6.1.4_194/lpcxpresso/tools/bin/../lib/gcc/arm-none-eabi/4.6.2/../../../../arm-none-eabi/lib/armv7-m\libcr_c.a(__fillbuf.o)
 .ARM.attributes
                0x0000071a       0x33 c:/nxp/lpcxpresso_6.1.4_194/lpcxpresso/tools/bin/../lib/gcc/arm-none-eabi/4.6.2/../../../../arm-none-eabi/lib/armv7-m\libcr_c.a(_deferredlazyseek.o)
 .ARM.attributes
                0x0000074d       0x33 c:/nxp/lpcxpresso_6.1.4_194/lpcxpresso/tools/bin/../lib/gcc/arm-none-eabi/4.6.2/../../../../arm-none-eabi/lib/armv7-m\libcr_c.a(_fdopen.o)
 .ARM.attributes
                0x00000780       0x33 c:/nxp/lpcxpresso_6.1.4_194/lpcxpresso/tools/bin/../lib/gcc/arm-none-eabi/4.6.2/../../../../arm-none-eabi/lib/armv7-m\libcr_c.a(_fflush.o)
 .ARM.attributes
                0x000007b3       0x33 c:/nxp/lpcxpresso_6.1.4_194/lpcxpresso/tools/bin/../lib/gcc/arm-none-eabi/4.6.2/../../../../arm-none-eabi/lib/armv7-m\libcr_c.a(_frexpl.o)
 .ARM.attributes
                0x000007e6       0x33 c:/nxp/lpcxpresso_6.1.4_194/lpcxpresso/tools/bin/../lib/gcc/arm-none-eabi/4.6.2/../../../../arm-none-eabi/lib/armv7-m\libcr_c.a(_ldexpl.o)
 .ARM.attributes
                0x00000819       0x33 c:/nxp/lpcxpresso_6.1.4_194/lpcxpresso/tools/bin/../lib/gcc/arm-none-eabi/4.6.2/../../../../arm-none-eabi/lib/armv7-m\libcr_c.a(_writebuf.o)
 .ARM.attributes
                0x0000084c       0x33 c:/nxp/lpcxpresso_6.1.4_194/lpcxpresso/tools/bin/../lib/gcc/arm-none-eabi/4.6.2/../../../../arm-none-eabi/lib/armv7-m\libcr_c.a(alloc.o)
 .ARM.attributes
                0x0000087f       0x33 c:/nxp/lpcxpresso_6.1.4_194/lpcxpresso/tools/bin/../lib/gcc/arm-none-eabi/4.6.2/../../../../arm-none-eabi/lib/armv7-m\libcr_c.a(errno.o)
 .ARM.attributes
                0x000008b2       0x33 c:/nxp/lpcxpresso_6.1.4_194/lpcxpresso/tools/bin/../lib/gcc/arm-none-eabi/4.6.2/../../../../arm-none-eabi/lib/armv7-m\libcr_c.a(fclose.o)
 .ARM.attributes
                0x000008e5       0x33 c:/nxp/lpcxpresso_6.1.4_194/lpcxpresso/tools/bin/../lib/gcc/arm-none-eabi/4.6.2/../../../../arm-none-eabi/lib/armv7-m\libcr_c.a(fflush.o)
 .ARM.attributes
                0x00000918       0x33 c:/nxp/lpcxpresso_6.1.4_194/lpcxpresso/tools/bin/../lib/gcc/arm-none-eabi/4.6.2/../../../../arm-none-eabi/lib/armv7-m\libcr_c.a(fseek.o)
 .ARM.attributes
                0x0000094b       0x33 c:/nxp/lpcxpresso_6.1.4_194/lpcxpresso/tools/bin/../lib/gcc/arm-none-eabi/4.6.2/../../../../arm-none-eabi/lib/armv7-m\libcr_c.a(ftell.o)
 .ARM.attributes
                0x0000097e       0x33 c:/nxp/lpcxpresso_6.1.4_194/lpcxpresso/tools/bin/../lib/gcc/arm-none-eabi/4.6.2/../../../../arm-none-eabi/lib/armv7-m\libcr_c.a(remove.o)
 .ARM.attributes
                0x000009b1       0x33 c:/nxp/lpcxpresso_6.1.4_194/lpcxpresso/tools/bin/../lib/gcc/arm-none-eabi/4.6.2/../../../../arm-none-eabi/lib/armv7-m\libcr_c.a(__init_alloc.o)
 .ARM.attributes
                0x000009e4       0x33 c:/nxp/lpcxpresso_6.1.4_194/lpcxpresso/tools/bin/../lib/gcc/arm-none-eabi/4.6.2/../../../../arm-none-eabi/lib/armv7-m\libcr_c.a(_do_fflush.o)
 .ARM.attributes
                0x00000a17       0x33 c:/nxp/lpcxpresso_6.1.4_194/lpcxpresso/tools/bin/../lib/gcc/arm-none-eabi/4.6.2/../../../../arm-none-eabi/lib/armv7-m\libcr_c.a(_hugeval.o)
 .ARM.attributes
                0x00000a4a       0x21 c:/nxp/lpcxpresso_6.1.4_194/lpcxpresso/tools/bin/../lib/gcc/arm-none-eabi/4.6.2/armv7-m\libcr_eabihelpers.a(division.o)
 .ARM.attributes
                0x00000a6b       0x33 c:/nxp/lpcxpresso_6.1.4_194/lpcxpresso/tools/bin/../lib/gcc/arm-none-eabi/4.6.2/armv7-m\libcr_eabihelpers.a(double.o)
 .ARM.attributes
                0x00000a9e       0x21 c:/nxp/lpcxpresso_6.1.4_194/lpcxpresso/tools/bin/../lib/gcc/arm-none-eabi/4.6.2/armv7-m\libcr_eabihelpers.a(memcpy.o)
 .ARM.attributes
                0x00000abf       0x21 c:/nxp/lpcxpresso_6.1.4_194/lpcxpresso/tools/bin/../lib/gcc/arm-none-eabi/4.6.2/../../../../arm-none-eabi/lib/armv7-m\libcr_semihost.a(__sys_appexit.o)
 .ARM.attributes
                0x00000ae0       0x21 c:/nxp/lpcxpresso_6.1.4_194/lpcxpresso/tools/bin/../lib/gcc/arm-none-eabi/4.6.2/../../../../arm-none-eabi/lib/armv7-m\libcr_semihost.a(__sys_close.o)
 .ARM.attributes
                0x00000b01       0x21 c:/nxp/lpcxpresso_6.1.4_194/lpcxpresso/tools/bin/../lib/gcc/arm-none-eabi/4.6.2/../../../../arm-none-eabi/lib/armv7-m\libcr_semihost.a(__sys_flen.o)
 .ARM.attributes
                0x00000b22       0x21 c:/nxp/lpcxpresso_6.1.4_194/lpcxpresso/tools/bin/../lib/gcc/arm-none-eabi/4.6.2/../../../../arm-none-eabi/lib/armv7-m\libcr_semihost.a(__sys_istty.o)
 .ARM.attributes
                0x00000b43       0x21 c:/nxp/lpcxpresso_6.1.4_194/lpcxpresso/tools/bin/../lib/gcc/arm-none-eabi/4.6.2/../../../../arm-none-eabi/lib/armv7-m\libcr_semihost.a(__sys_read.o)
 .ARM.attributes
                0x00000b64       0x21 c:/nxp/lpcxpresso_6.1.4_194/lpcxpresso/tools/bin/../lib/gcc/arm-none-eabi/4.6.2/../../../../arm-none-eabi/lib/armv7-m\libcr_semihost.a(__sys_readc.o)
 .ARM.attributes
                0x00000b85       0x21 c:/nxp/lpcxpresso_6.1.4_194/lpcxpresso/tools/bin/../lib/gcc/arm-none-eabi/4.6.2/../../../../arm-none-eabi/lib/armv7-m\libcr_semihost.a(__sys_remove.o)
 .ARM.attributes
                0x00000ba6       0x21 c:/nxp/lpcxpresso_6.1.4_194/lpcxpresso/tools/bin/../lib/gcc/arm-none-eabi/4.6.2/../../../../arm-none-eabi/lib/armv7-m\libcr_semihost.a(__sys_rename.o)
 .ARM.attributes
                0x00000bc7       0x21 c:/nxp/lpcxpresso_6.1.4_194/lpcxpresso/tools/bin/../lib/gcc/arm-none-eabi/4.6.2/../../../../arm-none-eabi/lib/armv7-m\libcr_semihost.a(__sys_seek.o)
 .ARM.attributes
                0x00000be8       0x21 c:/nxp/lpcxpresso_6.1.4_194/lpcxpresso/tools/bin/../lib/gcc/arm-none-eabi/4.6.2/../../../../arm-none-eabi/lib/armv7-m\libcr_semihost.a(__sys_tmpnam.o)
 .ARM.attributes
                0x00000c09       0x33 c:/nxp/lpcxpresso_6.1.4_194/lpcxpresso/tools/bin/../lib/gcc/arm-none-eabi/4.6.2/../../../../arm-none-eabi/lib/armv7-m\libcr_semihost.a(_cr_sbrk.o)
 .ARM.attributes
                0x00000c3c       0x33 c:/nxp/lpcxpresso_6.1.4_194/lpcxpresso/tools/bin/../lib/gcc/arm-none-eabi/4.6.2/../../../../arm-none-eabi/lib/armv7-m\libcr_semihost.a(_cr_check_heap.o)

.debug_frame    0x00000000     0x1ca0
 .debug_frame   0x00000000      0x120 ./cr_startup_lpc17.o
 .debug_frame   0x00000120      0x1a0 ./ethmac.o
 .debug_frame   0x000002c0       0x84 ./ew_systick.o
 .debug_frame   0x00000344      0x240 ./main.o
 .debug_frame   0x00000584      0x354 ./tcpip.o
 .debug_frame   0x000008d8       0x48 C:\Users\patricia\Documents\LPCXpresso_6.1.4_194\workspace2\CMSISv1p30_LPC17xx\Debug\libCMSISv1p30_LPC17xx.a(system_LPC17xx.o)
 .debug_frame   0x00000920       0xc0 C:\Users\patricia\Documents\LPCXpresso_6.1.4_194\workspace2\FreeRTOS_Library\Debug\libFreeRTOS_Library.a(port.o)
 .debug_frame   0x000009e0       0x48 C:\Users\patricia\Documents\LPCXpresso_6.1.4_194\workspace2\FreeRTOS_Library\Debug\libFreeRTOS_Library.a(basic_io.o)
 .debug_frame   0x00000a28       0x28 C:\Users\patricia\Documents\LPCXpresso_6.1.4_194\workspace2\FreeRTOS_Library\Debug\libFreeRTOS_Library.a(consoleprint.o)
 .debug_frame   0x00000a50      0x19c C:\Users\patricia\Documents\LPCXpresso_6.1.4_194\workspace2\FreeRTOS_Library\Debug\libFreeRTOS_Library.a(queue.o)
 .debug_frame   0x00000bec      0x2cc C:\Users\patricia\Documents\LPCXpresso_6.1.4_194\workspace2\FreeRTOS_Library\Debug\libFreeRTOS_Library.a(tasks.o)
 .debug_frame   0x00000eb8       0x68 C:\Users\patricia\Documents\LPCXpresso_6.1.4_194\workspace2\FreeRTOS_Library\Debug\libFreeRTOS_Library.a(heap_2.o)
 .debug_frame   0x00000f20       0x68 C:\Users\patricia\Documents\LPCXpresso_6.1.4_194\workspace2\FreeRTOS_Library\Debug\libFreeRTOS_Library.a(list.o)
 .debug_frame   0x00000f88      0x12c C:\Users\patricia\Documents\LPCXpresso_6.1.4_194\workspace2\Lib_EaBaseBoard\Debug\libLib_EaBaseBoard.a(acc.o)
 .debug_frame   0x000010b4      0x1ec C:\Users\patricia\Documents\LPCXpresso_6.1.4_194\workspace2\Lib_EaBaseBoard\Debug\libLib_EaBaseBoard.a(oled.o)
 .debug_frame   0x000012a0      0x2c4 C:\Users\patricia\Documents\LPCXpresso_6.1.4_194\workspace2\Lib_MCU\Debug\libLib_MCU.a(lpc17xx_gpio.o)
 .debug_frame   0x00001564      0x2c8 C:\Users\patricia\Documents\LPCXpresso_6.1.4_194\workspace2\Lib_MCU\Debug\libLib_MCU.a(lpc17xx_i2c.o)
 .debug_frame   0x0000182c       0x2c C:\Users\patricia\Documents\LPCXpresso_6.1.4_194\workspace2\Lib_MCU\Debug\libLib_MCU.a(lpc17xx_libcfg_default.o)
 .debug_frame   0x00001858       0xbc C:\Users\patricia\Documents\LPCXpresso_6.1.4_194\workspace2\Lib_MCU\Debug\libLib_MCU.a(lpc17xx_pinsel.o)
 .debug_frame   0x00001914      0x280 C:\Users\patricia\Documents\LPCXpresso_6.1.4_194\workspace2\Lib_MCU\Debug\libLib_MCU.a(lpc17xx_ssp.o)
 .debug_frame   0x00001b94      0x10c C:\Users\patricia\Documents\LPCXpresso_6.1.4_194\workspace2\Lib_MCU\Debug\libLib_MCU.a(lpc17xx_clkpwr.o)
