16:20:33 **** Build of configuration Debug for project Example11 ****
make all 
Building file: ../cr_startup_lpc17.c
Invoking: MCU C Compiler
arm-none-eabi-gcc -DDEBUG -D__USE_CMSIS=CMSISv1p30_LPC17xx -D__CODE_RED -D__REDLIB__ -I"C:\Users\patricia\Documents\LPCXpresso_6.1.4_194\workspace2\FreeRTOS_Library\demo_code" -I"C:\Users\patricia\Documents\LPCXpresso_6.1.4_194\workspace2\CMSISv1p30_LPC17xx\inc" -I"C:\Users\patricia\Documents\LPCXpresso_6.1.4_194\workspace2\FreeRTOS_Library\include" -I"C:\Users\patricia\Documents\LPCXpresso_6.1.4_194\workspace2\FreeRTOS_Library\portable" -I"C:\Users\patricia\Documents\LPCXpresso_6.1.4_194\workspace2\Lib_EaBaseBoard\inc" -I"C:\Users\patricia\Documents\LPCXpresso_6.1.4_194\workspace2\Lib_MCU\inc" -O0 -g3 -fsigned-char -c -fmessage-length=0 -fno-builtin -ffunction-sections -mcpu=cortex-m3 -mthumb -MMD -MP -MF"cr_startup_lpc17.d" -MT"cr_startup_lpc17.d" -o "cr_startup_lpc17.o" "../cr_startup_lpc17.c"
Finished building: ../cr_startup_lpc17.c
 
Building file: ../ethmac.c
Invoking: MCU C Compiler
arm-none-eabi-gcc -DDEBUG -D__USE_CMSIS=CMSISv1p30_LPC17xx -D__CODE_RED -D__REDLIB__ -I"C:\Users\patricia\Documents\LPCXpresso_6.1.4_194\workspace2\FreeRTOS_Library\demo_code" -I"C:\Users\patricia\Documents\LPCXpresso_6.1.4_194\workspace2\CMSISv1p30_LPC17xx\inc" -I"C:\Users\patricia\Documents\LPCXpresso_6.1.4_194\workspace2\FreeRTOS_Library\include" -I"C:\Users\patricia\Documents\LPCXpresso_6.1.4_194\workspace2\FreeRTOS_Library\portable" -I"C:\Users\patricia\Documents\LPCXpresso_6.1.4_194\workspace2\Lib_EaBaseBoard\inc" -I"C:\Users\patricia\Documents\LPCXpresso_6.1.4_194\workspace2\Lib_MCU\inc" -O0 -g3 -fsigned-char -c -fmessage-length=0 -fno-builtin -ffunction-sections -mcpu=cortex-m3 -mthumb -MMD -MP -MF"ethmac.d" -MT"ethmac.d" -o "ethmac.o" "../ethmac.c"
Finished building: ../ethmac.c
 
Building file: ../ew_systick.c
Invoking: MCU C Compiler
arm-none-eabi-gcc -DDEBUG -D__USE_CMSIS=CMSISv1p30_LPC17xx -D__CODE_RED -D__REDLIB__ -I"C:\Users\patricia\Documents\LPCXpresso_6.1.4_194\workspace2\FreeRTOS_Library\demo_code" -I"C:\Users\patricia\Documents\LPCXpresso_6.1.4_194\workspace2\CMSISv1p30_LPC17xx\inc" -I"C:\Users\patricia\Documents\LPCXpresso_6.1.4_194\workspace2\FreeRTOS_Library\include" -I"C:\Users\patricia\Documents\LPCXpresso_6.1.4_194\workspace2\FreeRTOS_Library\portable" -I"C:\Users\patricia\Documents\LPCXpresso_6.1.4_194\workspace2\Lib_EaBaseBoard\inc" -I"C:\Users\patricia\Documents\LPCXpresso_6.1.4_194\workspace2\Lib_MCU\inc" -O0 -g3 -fsigned-char -c -fmessage-length=0 -fno-builtin -ffunction-sections -mcpu=cortex-m3 -mthumb -MMD -MP -MF"ew_systick.d" -MT"ew_systick.d" -o "ew_systick.o" "../ew_systick.c"
Finished building: ../ew_systick.c
 
Building file: ../main.c
Invoking: MCU C Compiler
arm-none-eabi-gcc -DDEBUG -D__USE_CMSIS=CMSISv1p30_LPC17xx -D__CODE_RED -D__REDLIB__ -I"C:\Users\patricia\Documents\LPCXpresso_6.1.4_194\workspace2\FreeRTOS_Library\demo_code" -I"C:\Users\patricia\Documents\LPCXpresso_6.1.4_194\workspace2\CMSISv1p30_LPC17xx\inc" -I"C:\Users\patricia\Documents\LPCXpresso_6.1.4_194\workspace2\FreeRTOS_Library\include" -I"C:\Users\patricia\Documents\LPCXpresso_6.1.4_194\workspace2\FreeRTOS_Library\portable" -I"C:\Users\patricia\Documents\LPCXpresso_6.1.4_194\workspace2\Lib_EaBaseBoard\inc" -I"C:\Users\patricia\Documents\LPCXpresso_6.1.4_194\workspace2\Lib_MCU\inc" -O0 -g3 -fsigned-char -c -fmessage-length=0 -fno-builtin -ffunction-sections -mcpu=cortex-m3 -mthumb -MMD -MP -MF"main.d" -MT"main.d" -o "main.o" "../main.c"
Finished building: ../main.c
 
Building file: ../tcpip.c
Invoking: MCU C Compiler
arm-none-eabi-gcc -DDEBUG -D__USE_CMSIS=CMSISv1p30_LPC17xx -D__CODE_RED -D__REDLIB__ -I"C:\Users\patricia\Documents\LPCXpresso_6.1.4_194\workspace2\FreeRTOS_Library\demo_code" -I"C:\Users\patricia\Documents\LPCXpresso_6.1.4_194\workspace2\CMSISv1p30_LPC17xx\inc" -I"C:\Users\patricia\Documents\LPCXpresso_6.1.4_194\workspace2\FreeRTOS_Library\include" -I"C:\Users\patricia\Documents\LPCXpresso_6.1.4_194\workspace2\FreeRTOS_Library\portable" -I"C:\Users\patricia\Documents\LPCXpresso_6.1.4_194\workspace2\Lib_EaBaseBoard\inc" -I"C:\Users\patricia\Documents\LPCXpresso_6.1.4_194\workspace2\Lib_MCU\inc" -O0 -g3 -fsigned-char -c -fmessage-length=0 -fno-builtin -ffunction-sections -mcpu=cortex-m3 -mthumb -MMD -MP -MF"tcpip.d" -MT"tcpip.d" -o "tcpip.o" "../tcpip.c"
Finished building: ../tcpip.c
 
Building target: Example11.axf
Invoking: MCU Linker
arm-none-eabi-gcc -nostdlib -L"C:\Users\patricia\Documents\LPCXpresso_6.1.4_194\workspace2\CMSISv1p30_LPC17xx\Debug" -L"C:\Users\patricia\Documents\LPCXpresso_6.1.4_194\workspace2\CMSISv1p30_LPC17xx\inc" -L"C:\Users\patricia\Documents\LPCXpresso_6.1.4_194\workspace2\FreeRTOS_Library\Debug" -L"C:\Users\patricia\Documents\LPCXpresso_6.1.4_194\workspace2\Lib_EaBaseBoard\Debug" -L"C:\Users\patricia\Documents\LPCXpresso_6.1.4_194\workspace2\Lib_MCU\Debug" -Xlinker --gc-sections -Xlinker -Map=Example11.map -mcpu=cortex-m3 -mthumb -T "Example11_Debug.ld" -o "Example11.axf"  ./cr_startup_lpc17.o ./ethmac.o ./ew_systick.o ./main.o ./tcpip.o   -lCMSISv1p30_LPC17xx -lFreeRTOS_Library -lLib_EaBaseBoard -lLib_MCU
Finished building target: Example11.axf
 
make --no-print-directory post-build
Performing post-build steps
arm-none-eabi-size Example11.axf; # arm-none-eabi-objcopy -O ihex Example11.axf Example11.hex ;
   text	   data	    bss	    dec	    hex	filename
  37584	     12	  12700	  50296	   c478	Example11.axf
 

16:20:35 Build Finished (took 2s.540ms)

