20:18:54 **** Build of configuration Debug for project Example10 ****
make all 
Building file: ../cr_startup_lpc17.c
Invoking: MCU C Compiler
arm-none-eabi-gcc -DDEBUG -D__USE_CMSIS=CMSISv1p30_LPC17xx -D__CODE_RED -D__REDLIB__ -I"C:\Users\patricia\Documents\LPCXpresso_6.1.4_194\workspace2\FreeRTOS_Library\demo_code" -I"C:\Users\patricia\Documents\LPCXpresso_6.1.4_194\workspace2\CMSISv1p30_LPC17xx\inc" -I"C:\Users\patricia\Documents\LPCXpresso_6.1.4_194\workspace2\FreeRTOS_Library\include" -I"C:\Users\patricia\Documents\LPCXpresso_6.1.4_194\workspace2\FreeRTOS_Library\portable" -O0 -g3 -fsigned-char -c -fmessage-length=0 -fno-builtin -ffunction-sections -mcpu=cortex-m3 -mthumb -MMD -MP -MF"cr_startup_lpc17.d" -MT"cr_startup_lpc17.d" -o "cr_startup_lpc17.o" "../cr_startup_lpc17.c"
Finished building: ../cr_startup_lpc17.c
 
Building file: ../main.c
Invoking: MCU C Compiler
arm-none-eabi-gcc -DDEBUG -D__USE_CMSIS=CMSISv1p30_LPC17xx -D__CODE_RED -D__REDLIB__ -I"C:\Users\patricia\Documents\LPCXpresso_6.1.4_194\workspace2\FreeRTOS_Library\demo_code" -I"C:\Users\patricia\Documents\LPCXpresso_6.1.4_194\workspace2\CMSISv1p30_LPC17xx\inc" -I"C:\Users\patricia\Documents\LPCXpresso_6.1.4_194\workspace2\FreeRTOS_Library\include" -I"C:\Users\patricia\Documents\LPCXpresso_6.1.4_194\workspace2\FreeRTOS_Library\portable" -O0 -g3 -fsigned-char -c -fmessage-length=0 -fno-builtin -ffunction-sections -mcpu=cortex-m3 -mthumb -MMD -MP -MF"main.d" -MT"main.d" -o "main.o" "../main.c"
Finished building: ../main.c
 
Building target: Example10.axf
Invoking: MCU Linker
arm-none-eabi-gcc -nostdlib -L"C:\Users\patricia\Documents\LPCXpresso_6.1.4_194\workspace2\CMSISv1p30_LPC17xx\Debug" -L"C:\Users\patricia\Documents\LPCXpresso_6.1.4_194\workspace2\FreeRTOS_Library\Debug" -Xlinker --gc-sections -Xlinker -Map=Example10.map -mcpu=cortex-m3 -mthumb -T "Example10_Debug.ld" -o "Example10.axf"  ./cr_startup_lpc17.o ./main.o   -lCMSISv1p30_LPC17xx -lFreeRTOS_Library
Finished building target: Example10.axf
 
make --no-print-directory post-build
Performing post-build steps
arm-none-eabi-size Example10.axf; # arm-none-eabi-objcopy -O ihex Example10.axf Example10.hex ;
   text	   data	    bss	    dec	    hex	filename
  17688	      8	  10916	  28612	   6fc4	Example10.axf
 

20:18:55 Build Finished (took 885ms)

