12:32:57 **** Build of configuration Debug for project Lib_CMSISv1p30_LPC17xx ****
make all 
Building file: ../src/._core_cm3.c
Invoking: MCU C Compiler
arm-none-eabi-gcc -DDEBUG -D__CODE_RED -D__REDLIB__ -I"C:\Users\patricia\Documents\LPCXpresso_6.1.4_194\workspace2\Lib_CMSISv1p30_LPC17xx\inc" -O0 -g3 -Wall -c -fmessage-length=0 -fno-builtin -ffunction-sections -mcpu=cortex-m3 -mthumb -MMD -MP -MF"src/._core_cm3.d" -MT"src/._core_cm3.d" -o "src/._core_cm3.o" "../src/._core_cm3.c"
../src/._core_cm3.c:1:1: warning: null character(s) ignored [enabled by default]
../src/._core_cm3.c:1:2: error: stray '\5' in program
../src/._core_cm3.c:1:2: error: stray '\26' in program
../src/._core_cm3.c:1:2: error: stray '\7' in program
../src/._core_cm3.c:1:5: warning: null character(s) ignored [enabled by default]
../src/._core_cm3.c:1:2: error: stray '\2' in program
../src/._core_cm3.c:1:7: warning: null character(s) ignored [enabled by default]
../src/._core_cm3.c:1:9: error: unknown type name 'Mac'
../src/._core_cm3.c:1:16: error: expected '=', ',', ';', 'asm' or '__attribute__' before 'X'
../src/._core_cm3.c:1:17: warning: null character(s) ignored [enabled by default]
../src/._core_cm3.c:1:16: error: stray '\2' in program
../src/._core_cm3.c:1:27: warning: null character(s) ignored [enabled by default]
../src/._core_cm3.c:1:35: warning: null character(s) ignored [enabled by default]
../src/._core_cm3.c:1:16: error: stray '\16' in program
../src/._core_cm3.c:1:16: error: stray '\260' in program
../src/._core_cm3.c:1:39: warning: null character(s) ignored [enabled by default]
../src/._core_cm3.c:1:16: error: stray '\2' in program
../src/._core_cm3.c:1:43: warning: null character(s) ignored [enabled by default]
../src/._core_cm3.c:1:16: error: stray '\16' in program
../src/._core_cm3.c:1:16: error: stray '\342' in program
../src/._core_cm3.c:1:47: warning: null character(s) ignored [enabled by default]
../src/._core_cm3.c:1:16: error: stray '\1' in program
../src/._core_cm3.c:1:16: error: stray '\36' in program
../src/._core_cm3.c:1:51: warning: null character(s) ignored [enabled by default]
../src/._core_cm3.c:1:16: error: stray '\232' in program
../src/._core_cm3.c:1:16: error: stray '\311' in program
../src/._core_cm3.c:1:16: error: stray '\377' in program
../src/._core_cm3.c:1:93: warning: null character(s) ignored [enabled by default]
../src/._core_cm3.c:1:16: error: stray '\16' in program
../src/._core_cm3.c:1:16: error: stray '\342' in program
../src/._core_cm3.c:1:97: warning: null character(s) ignored [enabled by default]
../src/._core_cm3.c:1:16: error: stray '\230' in program
../src/._core_cm3.c:1:101: warning: null character(s) ignored [enabled by default]
../src/._core_cm3.c:1:104: error: expected identifier or '(' before '.' token
../src/._core_cm3.c:1:105: warning: null character(s) ignored [enabled by default]
../src/._core_cm3.c:1:104: error: stray '\1' in program
../src/._core_cm3.c:1:121: warning: null character(s) ignored [enabled by default]
../src/._core_cm3.c:1:104: error: stray '\230' in program
../src/._core_cm3.c:1:125: warning: null character(s) ignored [enabled by default]
../src/._core_cm3.c:1:129: warning: null character(s) ignored [enabled by default]
../src/._core_cm3.c:1:104: error: stray '\25' in program
../src/._core_cm3.c:1:152: warning: null character(s) ignored [enabled by default]
../src/._core_cm3.c:1:158: error: invalid suffix "d2d072f" on integer constant
../src/._core_cm3.c:1:158: error: expected identifier or '(' before numeric constant
../src/._core_cm3.c:1:174: error: expected '=', ',', ';', 'asm' or '__attribute__' before '.' token
../src/._core_cm3.c:1:179: error: expected identifier or '(' before '|' token
../src/._core_cm3.c:1:199: warning: null character(s) ignored [enabled by default]
../src/._core_cm3.c:1:179: error: stray '\1' in program
../src/._core_cm3.c:1:3814: warning: null character(s) ignored [enabled by default]
../src/._core_cm3.c:1:179: error: stray '\1' in program
../src/._core_cm3.c:1:3818: warning: null character(s) ignored [enabled by default]
../src/._core_cm3.c:1:179: error: stray '\36' in program
../src/._core_cm3.c:1:3870: warning: null character(s) ignored [enabled by default]
../src/._core_cm3.c:1:179: error: stray '\1' in program
../src/._core_cm3.c:1:4070: warning: null character(s) ignored [enabled by default]
../src/._core_cm3.c:1:179: error: stray '\1' in program
../src/._core_cm3.c:1:4074: warning: null character(s) ignored [enabled by default]
../src/._core_cm3.c:1:179: error: stray '\36' in program
../src/._core_cm3.c:1:4083: warning: null character(s) ignored [enabled by default]
../src/._core_cm3.c:1:179: error: stray '\34' in program
../src/._core_cm3.c:1:4093: warning: null character(s) ignored [enabled by default]
../src/._core_cm3.c:1:179: error: stray '\36' in program
../src/._core_cm3.c:1:179: error: stray '\377' in program
../src/._core_cm3.c:1:179: error: stray '\377' in program
make: *** [src/._core_cm3.o] Error 1
12:32:58 **** Build of configuration Debug for project Lib_MCU ****
make all 
Building file: ../src/._lpc17xx_adc.c
Invoking: MCU C Compiler
arm-none-eabi-gcc -DDEBUG -D__CODE_RED -D__REDLIB__ -I"C:\Users\patricia\Documents\LPCXpresso_6.1.4_194\workspace2\Lib_CMSISv1p30_LPC17xx\inc" -I"C:\Users\patricia\Documents\LPCXpresso_6.1.4_194\workspace2\Lib_MCU\inc" -O0 -g3 -Wall -c -fmessage-length=0 -fno-builtin -ffunction-sections -mcpu=cortex-m3 -mthumb -MMD -MP -MF"src/._lpc17xx_adc.d" -MT"src/._lpc17xx_adc.d" -o "src/._lpc17xx_adc.o" "../src/._lpc17xx_adc.c"
../src/._lpc17xx_adc.c:1:1: warning: null character(s) ignored [enabled by default]
../src/._lpc17xx_adc.c:1:2: error: stray '\5' in program
../src/._lpc17xx_adc.c:1:2: error: stray '\26' in program
../src/._lpc17xx_adc.c:1:2: error: stray '\7' in program
../src/._lpc17xx_adc.c:1:5: warning: null character(s) ignored [enabled by default]
../src/._lpc17xx_adc.c:1:2: error: stray '\2' in program
../src/._lpc17xx_adc.c:1:7: warning: null character(s) ignored [enabled by default]
../src/._lpc17xx_adc.c:1:9: error: unknown type name 'Mac'
../src/._lpc17xx_adc.c:1:16: error: expected '=', ',', ';', 'asm' or '__attribute__' before 'X'
../src/._lpc17xx_adc.c:1:17: warning: null character(s) ignored [enabled by default]
../src/._lpc17xx_adc.c:1:16: error: stray '\2' in program
../src/._lpc17xx_adc.c:1:27: warning: null character(s) ignored [enabled by default]
../src/._lpc17xx_adc.c:1:35: warning: null character(s) ignored [enabled by default]
../src/._lpc17xx_adc.c:1:16: error: stray '\16' in program
../src/._lpc17xx_adc.c:1:16: error: stray '\260' in program
../src/._lpc17xx_adc.c:1:39: warning: null character(s) ignored [enabled by default]
../src/._lpc17xx_adc.c:1:16: error: stray '\2' in program
../src/._lpc17xx_adc.c:1:43: warning: null character(s) ignored [enabled by default]
../src/._lpc17xx_adc.c:1:16: error: stray '\16' in program
../src/._lpc17xx_adc.c:1:16: error: stray '\342' in program
../src/._lpc17xx_adc.c:1:47: warning: null character(s) ignored [enabled by default]
../src/._lpc17xx_adc.c:1:16: error: stray '\1' in program
../src/._lpc17xx_adc.c:1:16: error: stray '\36' in program
../src/._lpc17xx_adc.c:1:51: warning: null character(s) ignored [enabled by default]
../src/._lpc17xx_adc.c:1:16: error: stray '\232' in program
../src/._lpc17xx_adc.c:1:16: error: stray '\311' in program
../src/._lpc17xx_adc.c:1:16: error: stray '\377' in program
../src/._lpc17xx_adc.c:1:93: warning: null character(s) ignored [enabled by default]
../src/._lpc17xx_adc.c:1:16: error: stray '\16' in program
../src/._lpc17xx_adc.c:1:16: error: stray '\342' in program
../src/._lpc17xx_adc.c:1:97: warning: null character(s) ignored [enabled by default]
../src/._lpc17xx_adc.c:1:16: error: stray '\230' in program
../src/._lpc17xx_adc.c:1:101: warning: null character(s) ignored [enabled by default]
../src/._lpc17xx_adc.c:1:104: error: expected identifier or '(' before '.' token
../src/._lpc17xx_adc.c:1:105: warning: null character(s) ignored [enabled by default]
../src/._lpc17xx_adc.c:1:104: error: stray '\1' in program
../src/._lpc17xx_adc.c:1:121: warning: null character(s) ignored [enabled by default]
../src/._lpc17xx_adc.c:1:104: error: stray '\230' in program
../src/._lpc17xx_adc.c:1:125: warning: null character(s) ignored [enabled by default]
../src/._lpc17xx_adc.c:1:129: warning: null character(s) ignored [enabled by default]
../src/._lpc17xx_adc.c:1:104: error: stray '\25' in program
../src/._lpc17xx_adc.c:1:152: warning: null character(s) ignored [enabled by default]
../src/._lpc17xx_adc.c:1:158: error: invalid suffix "d2d072f" on integer constant
../src/._lpc17xx_adc.c:1:158: error: expected identifier or '(' before numeric constant
../src/._lpc17xx_adc.c:1:174: error: expected '=', ',', ';', 'asm' or '__attribute__' before '.' token
../src/._lpc17xx_adc.c:1:179: error: expected identifier or '(' before '|' token
../src/._lpc17xx_adc.c:1:199: warning: null character(s) ignored [enabled by default]
../src/._lpc17xx_adc.c:1:179: error: stray '\1' in program
../src/._lpc17xx_adc.c:1:3814: warning: null character(s) ignored [enabled by default]
../src/._lpc17xx_adc.c:1:179: error: stray '\1' in program
../src/._lpc17xx_adc.c:1:3818: warning: null character(s) ignored [enabled by default]
../src/._lpc17xx_adc.c:1:179: error: stray '\36' in program
../src/._lpc17xx_adc.c:1:3870: warning: null character(s) ignored [enabled by default]
../src/._lpc17xx_adc.c:1:179: error: stray '\1' in program
../src/._lpc17xx_adc.c:1:4070: warning: null character(s) ignored [enabled by default]
../src/._lpc17xx_adc.c:1:179: error: stray '\1' in program
../src/._lpc17xx_adc.c:1:4074: warning: null character(s) ignored [enabled by default]
../src/._lpc17xx_adc.c:1:179: error: stray '\36' in program
../src/._lpc17xx_adc.c:1:4083: warning: null character(s) ignored [enabled by default]
../src/._lpc17xx_adc.c:1:179: error: stray '\34' in program
../src/._lpc17xx_adc.c:1:4093: warning: null character(s) ignored [enabled by default]
../src/._lpc17xx_adc.c:1:179: error: stray '\36' in program
../src/._lpc17xx_adc.c:1:179: error: stray '\377' in program
../src/._lpc17xx_adc.c:1:179: error: stray '\377' in program
make: *** [src/._lpc17xx_adc.o] Error 1
12:32:59 **** Build of configuration Debug for project Lib_FatFs_SD ****
make all 
Building file: ../src/._ff.c
Invoking: MCU C Compiler
arm-none-eabi-gcc -DDEBUG -D__CODE_RED -D__REDLIB__ -I"C:\Users\patricia\Documents\LPCXpresso_6.1.4_194\workspace2\Lib_CMSISv1p30_LPC17xx\inc" -I"C:\Users\patricia\Documents\LPCXpresso_6.1.4_194\workspace2\Lib_FatFs_SD\inc" -I"C:\Users\patricia\Documents\LPCXpresso_6.1.4_194\workspace2\Lib_MCU\inc" -O0 -g3 -Wall -c -fmessage-length=0 -fno-builtin -ffunction-sections -mcpu=cortex-m3 -mthumb -MMD -MP -MF"src/._ff.d" -MT"src/._ff.d" -o "src/._ff.o" "../src/._ff.c"
../src/._ff.c:1:1: warning: null character(s) ignored [enabled by default]
../src/._ff.c:1:2: error: stray '\5' in program
../src/._ff.c:1:2: error: stray '\26' in program
../src/._ff.c:1:2: error: stray '\7' in program
../src/._ff.c:1:5: warning: null character(s) ignored [enabled by default]
../src/._ff.c:1:2: error: stray '\2' in program
../src/._ff.c:1:7: warning: null character(s) ignored [enabled by default]
../src/._ff.c:1:9: error: unknown type name 'Mac'
../src/._ff.c:1:16: error: expected '=', ',', ';', 'asm' or '__attribute__' before 'X'
../src/._ff.c:1:17: warning: null character(s) ignored [enabled by default]
../src/._ff.c:1:16: error: stray '\2' in program
../src/._ff.c:1:27: warning: null character(s) ignored [enabled by default]
../src/._ff.c:1:35: warning: null character(s) ignored [enabled by default]
../src/._ff.c:1:16: error: stray '\16' in program
../src/._ff.c:1:16: error: stray '\260' in program
../src/._ff.c:1:39: warning: null character(s) ignored [enabled by default]
../src/._ff.c:1:16: error: stray '\2' in program
../src/._ff.c:1:43: warning: null character(s) ignored [enabled by default]
../src/._ff.c:1:16: error: stray '\16' in program
../src/._ff.c:1:16: error: stray '\342' in program
../src/._ff.c:1:47: warning: null character(s) ignored [enabled by default]
../src/._ff.c:1:16: error: stray '\1' in program
../src/._ff.c:1:16: error: stray '\36' in program
../src/._ff.c:1:51: warning: null character(s) ignored [enabled by default]
../src/._ff.c:1:16: error: stray '\232' in program
../src/._ff.c:1:16: error: stray '\311' in program
../src/._ff.c:1:16: error: stray '\377' in program
../src/._ff.c:1:93: warning: null character(s) ignored [enabled by default]
../src/._ff.c:1:16: error: stray '\16' in program
../src/._ff.c:1:16: error: stray '\342' in program
../src/._ff.c:1:97: warning: null character(s) ignored [enabled by default]
../src/._ff.c:1:16: error: stray '\230' in program
../src/._ff.c:1:101: warning: null character(s) ignored [enabled by default]
../src/._ff.c:1:104: error: expected identifier or '(' before '.' token
../src/._ff.c:1:105: warning: null character(s) ignored [enabled by default]
../src/._ff.c:1:104: error: stray '\1' in program
../src/._ff.c:1:121: warning: null character(s) ignored [enabled by default]
../src/._ff.c:1:104: error: stray '\230' in program
../src/._ff.c:1:125: warning: null character(s) ignored [enabled by default]
../src/._ff.c:1:129: warning: null character(s) ignored [enabled by default]
../src/._ff.c:1:104: error: stray '\25' in program
../src/._ff.c:1:152: warning: null character(s) ignored [enabled by default]
../src/._ff.c:1:158: error: invalid suffix "d2d072f" on integer constant
../src/._ff.c:1:158: error: expected identifier or '(' before numeric constant
../src/._ff.c:1:174: error: expected '=', ',', ';', 'asm' or '__attribute__' before '.' token
../src/._ff.c:1:179: error: expected identifier or '(' before '|' token
../src/._ff.c:1:199: warning: null character(s) ignored [enabled by default]
../src/._ff.c:1:179: error: stray '\1' in program
../src/._ff.c:1:3814: warning: null character(s) ignored [enabled by default]
../src/._ff.c:1:179: error: stray '\1' in program
../src/._ff.c:1:3818: warning: null character(s) ignored [enabled by default]
../src/._ff.c:1:179: error: stray '\36' in program
../src/._ff.c:1:3870: warning: null character(s) ignored [enabled by default]
../src/._ff.c:1:179: error: stray '\1' in program
../src/._ff.c:1:4070: warning: null character(s) ignored [enabled by default]
../src/._ff.c:1:179: error: stray '\1' in program
../src/._ff.c:1:4074: warning: null character(s) ignored [enabled by default]
../src/._ff.c:1:179: error: stray '\36' in program
../src/._ff.c:1:4083: warning: null character(s) ignored [enabled by default]
../src/._ff.c:1:179: error: stray '\34' in program
../src/._ff.c:1:4093: warning: null character(s) ignored [enabled by default]
../src/._ff.c:1:179: error: stray '\36' in program
../src/._ff.c:1:179: error: stray '\377' in program
../src/._ff.c:1:179: error: stray '\377' in program
make: *** [src/._ff.o] Error 1
12:32:59 **** Build of configuration Debug for project Lib_EaBaseBoard ****
make all 
Building file: ../src/._acc.c
Invoking: MCU C Compiler
arm-none-eabi-gcc -DDEBUG -D__CODE_RED -D__REDLIB__ -I"C:\Users\patricia\Documents\LPCXpresso_6.1.4_194\workspace2\Lib_CMSISv1p30_LPC17xx\inc" -I"C:\Users\patricia\Documents\LPCXpresso_6.1.4_194\workspace2\Lib_EaBaseBoard\inc" -I"C:\Users\patricia\Documents\LPCXpresso_6.1.4_194\workspace2\Lib_MCU\inc" -O0 -g3 -Wall -c -fmessage-length=0 -fno-builtin -ffunction-sections -mcpu=cortex-m3 -mthumb -MMD -MP -MF"src/._acc.d" -MT"src/._acc.d" -o "src/._acc.o" "../src/._acc.c"
../src/._acc.c:1:1: warning: null character(s) ignored [enabled by default]
../src/._acc.c:1:2: error: stray '\5' in program
../src/._acc.c:1:2: error: stray '\26' in program
../src/._acc.c:1:2: error: stray '\7' in program
../src/._acc.c:1:5: warning: null character(s) ignored [enabled by default]
../src/._acc.c:1:2: error: stray '\2' in program
../src/._acc.c:1:7: warning: null character(s) ignored [enabled by default]
../src/._acc.c:1:9: error: unknown type name 'Mac'
../src/._acc.c:1:16: error: expected '=', ',', ';', 'asm' or '__attribute__' before 'X'
../src/._acc.c:1:17: warning: null character(s) ignored [enabled by default]
../src/._acc.c:1:16: error: stray '\2' in program
../src/._acc.c:1:27: warning: null character(s) ignored [enabled by default]
../src/._acc.c:1:35: warning: null character(s) ignored [enabled by default]
../src/._acc.c:1:16: error: stray '\16' in program
../src/._acc.c:1:16: error: stray '\260' in program
../src/._acc.c:1:39: warning: null character(s) ignored [enabled by default]
../src/._acc.c:1:16: error: stray '\2' in program
../src/._acc.c:1:43: warning: null character(s) ignored [enabled by default]
../src/._acc.c:1:16: error: stray '\16' in program
../src/._acc.c:1:16: error: stray '\342' in program
../src/._acc.c:1:47: warning: null character(s) ignored [enabled by default]
../src/._acc.c:1:16: error: stray '\1' in program
../src/._acc.c:1:16: error: stray '\36' in program
../src/._acc.c:1:51: warning: null character(s) ignored [enabled by default]
../src/._acc.c:1:16: error: stray '\232' in program
../src/._acc.c:1:16: error: stray '\311' in program
../src/._acc.c:1:16: error: stray '\377' in program
../src/._acc.c:1:93: warning: null character(s) ignored [enabled by default]
../src/._acc.c:1:16: error: stray '\16' in program
../src/._acc.c:1:16: error: stray '\342' in program
../src/._acc.c:1:97: warning: null character(s) ignored [enabled by default]
../src/._acc.c:1:16: error: stray '\230' in program
../src/._acc.c:1:101: warning: null character(s) ignored [enabled by default]
../src/._acc.c:1:104: error: expected identifier or '(' before '.' token
../src/._acc.c:1:105: warning: null character(s) ignored [enabled by default]
../src/._acc.c:1:104: error: stray '\1' in program
../src/._acc.c:1:121: warning: null character(s) ignored [enabled by default]
../src/._acc.c:1:104: error: stray '\230' in program
../src/._acc.c:1:125: warning: null character(s) ignored [enabled by default]
../src/._acc.c:1:129: warning: null character(s) ignored [enabled by default]
../src/._acc.c:1:104: error: stray '\25' in program
../src/._acc.c:1:152: warning: null character(s) ignored [enabled by default]
../src/._acc.c:1:158: error: invalid suffix "d2d072f" on integer constant
../src/._acc.c:1:158: error: expected identifier or '(' before numeric constant
../src/._acc.c:1:174: error: expected '=', ',', ';', 'asm' or '__attribute__' before '.' token
../src/._acc.c:1:179: error: expected identifier or '(' before '|' token
../src/._acc.c:1:199: warning: null character(s) ignored [enabled by default]
../src/._acc.c:1:179: error: stray '\1' in program
../src/._acc.c:1:3814: warning: null character(s) ignored [enabled by default]
../src/._acc.c:1:179: error: stray '\1' in program
../src/._acc.c:1:3818: warning: null character(s) ignored [enabled by default]
../src/._acc.c:1:179: error: stray '\36' in program
../src/._acc.c:1:3870: warning: null character(s) ignored [enabled by default]
../src/._acc.c:1:179: error: stray '\1' in program
../src/._acc.c:1:4070: warning: null character(s) ignored [enabled by default]
../src/._acc.c:1:179: error: stray '\1' in program
../src/._acc.c:1:4074: warning: null character(s) ignored [enabled by default]
../src/._acc.c:1:179: error: stray '\36' in program
../src/._acc.c:1:4083: warning: null character(s) ignored [enabled by default]
../src/._acc.c:1:179: error: stray '\34' in program
../src/._acc.c:1:4093: warning: null character(s) ignored [enabled by default]
../src/._acc.c:1:179: error: stray '\36' in program
../src/._acc.c:1:179: error: stray '\377' in program
../src/._acc.c:1:179: error: stray '\377' in program
make: *** [src/._acc.o] Error 1
12:34:12 **** Build of configuration Debug for project CMSISv1p30_LPC17xx ****
make all 
Building file: ../src/core_cm3.c
Invoking: MCU C Compiler
arm-none-eabi-gcc -DDEBUG -D__CODE_RED -D__REDLIB__ -I"C:\Users\patricia\Documents\LPCXpresso_6.1.4_194\workspace2\CMSISv1p30_LPC17xx\inc" -O0 -g3 -Wall -c -fmessage-length=0 -fno-builtin -ffunction-sections -mcpu=cortex-m3 -mthumb -MMD -MP -MF"src/core_cm3.d" -MT"src/core_cm3.d" -o "src/core_cm3.o" "../src/core_cm3.c"
Finished building: ../src/core_cm3.c
 
Building file: ../src/system_LPC17xx.c
Invoking: MCU C Compiler
arm-none-eabi-gcc -DDEBUG -D__CODE_RED -D__REDLIB__ -I"C:\Users\patricia\Documents\LPCXpresso_6.1.4_194\workspace2\CMSISv1p30_LPC17xx\inc" -O0 -g3 -Wall -c -fmessage-length=0 -fno-builtin -ffunction-sections -mcpu=cortex-m3 -mthumb -MMD -MP -MF"src/system_LPC17xx.d" -MT"src/system_LPC17xx.d" -o "src/system_LPC17xx.o" "../src/system_LPC17xx.c"
Finished building: ../src/system_LPC17xx.c
 
Building target: libCMSISv1p30_LPC17xx.a
Invoking: MCU Archiver
arm-none-eabi-ar -r  "libCMSISv1p30_LPC17xx.a"  ./src/core_cm3.o ./src/system_LPC17xx.o   
c:\nxp\LPCXpresso_6.1.4_194\lpcxpresso\tools\bin\arm-none-eabi-ar.exe: creating libCMSISv1p30_LPC17xx.a
Finished building target: libCMSISv1p30_LPC17xx.a
 
make --no-print-directory post-build
Performing post-build steps
arm-none-eabi-size libCMSISv1p30_LPC17xx.a ; # arm-none-eabi-objdump -h -S libCMSISv1p30_LPC17xx.a >libCMSISv1p30_LPC17xx.lss
   text	   data	    bss	    dec	    hex	filename
    652	      0	      0	    652	    28c	core_cm3.o (ex libCMSISv1p30_LPC17xx.a)
   1276	      4	      0	   1280	    500	system_LPC17xx.o (ex libCMSISv1p30_LPC17xx.a)
 
12:34:14 **** Build of configuration Debug for project FreeRTOS_Library ****
make all 
Building file: ../portable/heap_2.c
Invoking: MCU C Compiler
arm-none-eabi-gcc -D__REDLIB__ -I"C:\Users\patricia\Documents\LPCXpresso_6.1.4_194\workspace2\FreeRTOS_Library\include" -I"C:\Users\patricia\Documents\LPCXpresso_6.1.4_194\workspace2\CMSISv1p30_LPC17xx\inc" -I"C:\Users\patricia\Documents\LPCXpresso_6.1.4_194\workspace2\FreeRTOS_Library\portable" -I"C:\Users\patricia\Documents\LPCXpresso_6.1.4_194\workspace2\FreeRTOS_Library\demo_code" -O1 -g3 -Wall -c -fmessage-length=0 -mcpu=cortex-m3 -mthumb -MMD -MP -MF"portable/heap_2.d" -MT"portable/heap_2.d" -o "portable/heap_2.o" "../portable/heap_2.c"
Finished building: ../portable/heap_2.c
 
Building file: ../portable/port.c
Invoking: MCU C Compiler
arm-none-eabi-gcc -D__REDLIB__ -I"C:\Users\patricia\Documents\LPCXpresso_6.1.4_194\workspace2\FreeRTOS_Library\include" -I"C:\Users\patricia\Documents\LPCXpresso_6.1.4_194\workspace2\CMSISv1p30_LPC17xx\inc" -I"C:\Users\patricia\Documents\LPCXpresso_6.1.4_194\workspace2\FreeRTOS_Library\portable" -I"C:\Users\patricia\Documents\LPCXpresso_6.1.4_194\workspace2\FreeRTOS_Library\demo_code" -O1 -g3 -Wall -c -fmessage-length=0 -mcpu=cortex-m3 -mthumb -MMD -MP -MF"portable/port.d" -MT"portable/port.d" -o "portable/port.o" "../portable/port.c"
Finished building: ../portable/port.c
 
Building file: ../demo_code/basic_io.c
Invoking: MCU C Compiler
arm-none-eabi-gcc -D__REDLIB__ -I"C:\Users\patricia\Documents\LPCXpresso_6.1.4_194\workspace2\FreeRTOS_Library\include" -I"C:\Users\patricia\Documents\LPCXpresso_6.1.4_194\workspace2\CMSISv1p30_LPC17xx\inc" -I"C:\Users\patricia\Documents\LPCXpresso_6.1.4_194\workspace2\FreeRTOS_Library\portable" -I"C:\Users\patricia\Documents\LPCXpresso_6.1.4_194\workspace2\FreeRTOS_Library\demo_code" -O1 -g3 -Wall -c -fmessage-length=0 -mcpu=cortex-m3 -mthumb -MMD -MP -MF"demo_code/basic_io.d" -MT"demo_code/basic_io.d" -o "demo_code/basic_io.o" "../demo_code/basic_io.c"
Finished building: ../demo_code/basic_io.c
 
Building file: ../demo_code/consoleprint.c
Invoking: MCU C Compiler
arm-none-eabi-gcc -D__REDLIB__ -I"C:\Users\patricia\Documents\LPCXpresso_6.1.4_194\workspace2\FreeRTOS_Library\include" -I"C:\Users\patricia\Documents\LPCXpresso_6.1.4_194\workspace2\CMSISv1p30_LPC17xx\inc" -I"C:\Users\patricia\Documents\LPCXpresso_6.1.4_194\workspace2\FreeRTOS_Library\portable" -I"C:\Users\patricia\Documents\LPCXpresso_6.1.4_194\workspace2\FreeRTOS_Library\demo_code" -O1 -g3 -Wall -c -fmessage-length=0 -mcpu=cortex-m3 -mthumb -MMD -MP -MF"demo_code/consoleprint.d" -MT"demo_code/consoleprint.d" -o "demo_code/consoleprint.o" "../demo_code/consoleprint.c"
Finished building: ../demo_code/consoleprint.c
 
Building file: ../list.c
Invoking: MCU C Compiler
arm-none-eabi-gcc -D__REDLIB__ -I"C:\Users\patricia\Documents\LPCXpresso_6.1.4_194\workspace2\FreeRTOS_Library\include" -I"C:\Users\patricia\Documents\LPCXpresso_6.1.4_194\workspace2\CMSISv1p30_LPC17xx\inc" -I"C:\Users\patricia\Documents\LPCXpresso_6.1.4_194\workspace2\FreeRTOS_Library\portable" -I"C:\Users\patricia\Documents\LPCXpresso_6.1.4_194\workspace2\FreeRTOS_Library\demo_code" -O1 -g3 -Wall -c -fmessage-length=0 -mcpu=cortex-m3 -mthumb -MMD -MP -MF"list.d" -MT"list.d" -o "list.o" "../list.c"
Finished building: ../list.c
 
Building file: ../queue.c
Invoking: MCU C Compiler
arm-none-eabi-gcc -D__REDLIB__ -I"C:\Users\patricia\Documents\LPCXpresso_6.1.4_194\workspace2\FreeRTOS_Library\include" -I"C:\Users\patricia\Documents\LPCXpresso_6.1.4_194\workspace2\CMSISv1p30_LPC17xx\inc" -I"C:\Users\patricia\Documents\LPCXpresso_6.1.4_194\workspace2\FreeRTOS_Library\portable" -I"C:\Users\patricia\Documents\LPCXpresso_6.1.4_194\workspace2\FreeRTOS_Library\demo_code" -O1 -g3 -Wall -c -fmessage-length=0 -mcpu=cortex-m3 -mthumb -MMD -MP -MF"queue.d" -MT"queue.d" -o "queue.o" "../queue.c"
Finished building: ../queue.c
 
Building file: ../tasks.c
Invoking: MCU C Compiler
arm-none-eabi-gcc -D__REDLIB__ -I"C:\Users\patricia\Documents\LPCXpresso_6.1.4_194\workspace2\FreeRTOS_Library\include" -I"C:\Users\patricia\Documents\LPCXpresso_6.1.4_194\workspace2\CMSISv1p30_LPC17xx\inc" -I"C:\Users\patricia\Documents\LPCXpresso_6.1.4_194\workspace2\FreeRTOS_Library\portable" -I"C:\Users\patricia\Documents\LPCXpresso_6.1.4_194\workspace2\FreeRTOS_Library\demo_code" -O1 -g3 -Wall -c -fmessage-length=0 -mcpu=cortex-m3 -mthumb -MMD -MP -MF"tasks.d" -MT"tasks.d" -o "tasks.o" "../tasks.c"
Finished building: ../tasks.c
 
Building target: libFreeRTOS_Library.a
Invoking: MCU Archiver
arm-none-eabi-ar -r  "libFreeRTOS_Library.a"  ./portable/heap_2.o ./portable/port.o  ./demo_code/basic_io.o ./demo_code/consoleprint.o  ./list.o ./queue.o ./tasks.o   
c:\nxp\LPCXpresso_6.1.4_194\lpcxpresso\tools\bin\arm-none-eabi-ar.exe: creating libFreeRTOS_Library.a
Finished building target: libFreeRTOS_Library.a
 
make --no-print-directory post-build
Performing post-build steps
arm-none-eabi-size libFreeRTOS_Library.a ; # arm-none-eabi-objdump -h -S libFreeRTOS_Library.a >libFreeRTOS_Library.lss
   text	   data	    bss	    dec	    hex	filename
    320	      4	  10264	  10588	   295c	heap_2.o (ex libFreeRTOS_Library.a)
    344	      4	      0	    348	    15c	port.o (ex libFreeRTOS_Library.a)
     92	      0	     52	    144	     90	basic_io.o (ex libFreeRTOS_Library.a)
     24	      0	      0	     24	     18	consoleprint.o (ex libFreeRTOS_Library.a)
    164	      0	      0	    164	     a4	list.o (ex libFreeRTOS_Library.a)
   1252	      0	      0	   1252	    4e4	queue.o (ex libFreeRTOS_Library.a)
   3264	      0	    256	   3520	    dc0	tasks.o (ex libFreeRTOS_Library.a)
 
12:34:18 **** Build of configuration Debug for project Example08 ****
make all 
Building file: ../cr_startup_lpc17.c
Invoking: MCU C Compiler
arm-none-eabi-gcc -DDEBUG -D__USE_CMSIS=CMSISv1p30_LPC17xx -D__CODE_RED -D__REDLIB__ -I"C:\Users\patricia\Documents\LPCXpresso_6.1.4_194\workspace2\FreeRTOS_Library\demo_code" -I"C:\Users\patricia\Documents\LPCXpresso_6.1.4_194\workspace2\CMSISv1p30_LPC17xx\inc" -I"C:\Users\patricia\Documents\LPCXpresso_6.1.4_194\workspace2\FreeRTOS_Library\include" -I"C:\Users\patricia\Documents\LPCXpresso_6.1.4_194\workspace2\FreeRTOS_Library\portable" -O0 -g3 -fsigned-char -c -fmessage-length=0 -fno-builtin -ffunction-sections -mcpu=cortex-m3 -mthumb -MMD -MP -MF"cr_startup_lpc17.d" -MT"cr_startup_lpc17.d" -o "cr_startup_lpc17.o" "../cr_startup_lpc17.c"
Finished building: ../cr_startup_lpc17.c
 
Building file: ../main.c
Invoking: MCU C Compiler
arm-none-eabi-gcc -DDEBUG -D__USE_CMSIS=CMSISv1p30_LPC17xx -D__CODE_RED -D__REDLIB__ -I"C:\Users\patricia\Documents\LPCXpresso_6.1.4_194\workspace2\FreeRTOS_Library\demo_code" -I"C:\Users\patricia\Documents\LPCXpresso_6.1.4_194\workspace2\CMSISv1p30_LPC17xx\inc" -I"C:\Users\patricia\Documents\LPCXpresso_6.1.4_194\workspace2\FreeRTOS_Library\include" -I"C:\Users\patricia\Documents\LPCXpresso_6.1.4_194\workspace2\FreeRTOS_Library\portable" -O0 -g3 -fsigned-char -c -fmessage-length=0 -fno-builtin -ffunction-sections -mcpu=cortex-m3 -mthumb -MMD -MP -MF"main.d" -MT"main.d" -o "main.o" "../main.c"
Finished building: ../main.c
 
Building target: Example08.axf
Invoking: MCU Linker
arm-none-eabi-gcc -nostdlib -L"C:\Users\patricia\Documents\LPCXpresso_6.1.4_194\workspace2\CMSISv1p30_LPC17xx\Debug" -L"C:\Users\patricia\Documents\LPCXpresso_6.1.4_194\workspace2\FreeRTOS_Library\Debug" -Xlinker --gc-sections -Xlinker -Map=Example08.map -mcpu=cortex-m3 -mthumb -T "Example08_Debug.ld" -o "Example08.axf"  ./cr_startup_lpc17.o ./main.o   -lCMSISv1p30_LPC17xx -lFreeRTOS_Library
Finished building target: Example08.axf
 
make --no-print-directory post-build
Performing post-build steps
arm-none-eabi-size Example08.axf; # arm-none-eabi-objcopy -O ihex Example08.axf Example08.hex ;
   text	   data	    bss	    dec	    hex	filename
  16240	      8	  10916	  27164	   6a1c	Example08.axf
 
12:34:24 **** Incremental Build of configuration Debug for project CMSISv1p30_LPC17xx ****
make all 
make: Nothing to be done for `all'.
12:34:25 **** Incremental Build of configuration Debug for project FreeRTOS_Library ****
make all 
make: Nothing to be done for `all'.
12:34:26 **** Incremental Build of configuration Debug for project Example08 ****
make all 
make: Nothing to be done for `all'.
12:57:50 **** Incremental Build of configuration Debug for project Lib_CMSISv1p30_LPC17xx ****
make all 
Building file: ../src/._core_cm3.c
Invoking: MCU C Compiler
arm-none-eabi-gcc -DDEBUG -D__CODE_RED -D__REDLIB__ -I"C:\Users\patricia\Documents\LPCXpresso_6.1.4_194\workspace2\Lib_CMSISv1p30_LPC17xx\inc" -O0 -g3 -Wall -c -fmessage-length=0 -fno-builtin -ffunction-sections -mcpu=cortex-m3 -mthumb -MMD -MP -MF"src/._core_cm3.d" -MT"src/._core_cm3.d" -o "src/._core_cm3.o" "../src/._core_cm3.c"
../src/._core_cm3.c:1:1: warning: null character(s) ignored [enabled by default]
../src/._core_cm3.c:1:2: error: stray '\5' in program
../src/._core_cm3.c:1:2: error: stray '\26' in program
../src/._core_cm3.c:1:2: error: stray '\7' in program
../src/._core_cm3.c:1:5: warning: null character(s) ignored [enabled by default]
../src/._core_cm3.c:1:2: error: stray '\2' in program
../src/._core_cm3.c:1:7: warning: null character(s) ignored [enabled by default]
../src/._core_cm3.c:1:9: error: unknown type name 'Mac'
../src/._core_cm3.c:1:16: error: expected '=', ',', ';', 'asm' or '__attribute__' before 'X'
../src/._core_cm3.c:1:17: warning: null character(s) ignored [enabled by default]
../src/._core_cm3.c:1:16: error: stray '\2' in program
../src/._core_cm3.c:1:27: warning: null character(s) ignored [enabled by default]
../src/._core_cm3.c:1:35: warning: null character(s) ignored [enabled by default]
../src/._core_cm3.c:1:16: error: stray '\16' in program
../src/._core_cm3.c:1:16: error: stray '\260' in program
../src/._core_cm3.c:1:39: warning: null character(s) ignored [enabled by default]
../src/._core_cm3.c:1:16: error: stray '\2' in program
../src/._core_cm3.c:1:43: warning: null character(s) ignored [enabled by default]
../src/._core_cm3.c:1:16: error: stray '\16' in program
../src/._core_cm3.c:1:16: error: stray '\342' in program
../src/._core_cm3.c:1:47: warning: null character(s) ignored [enabled by default]
../src/._core_cm3.c:1:16: error: stray '\1' in program
../src/._core_cm3.c:1:16: error: stray '\36' in program
../src/._core_cm3.c:1:51: warning: null character(s) ignored [enabled by default]
../src/._core_cm3.c:1:16: error: stray '\232' in program
../src/._core_cm3.c:1:16: error: stray '\311' in program
../src/._core_cm3.c:1:16: error: stray '\377' in program
../src/._core_cm3.c:1:93: warning: null character(s) ignored [enabled by default]
../src/._core_cm3.c:1:16: error: stray '\16' in program
../src/._core_cm3.c:1:16: error: stray '\342' in program
../src/._core_cm3.c:1:97: warning: null character(s) ignored [enabled by default]
../src/._core_cm3.c:1:16: error: stray '\230' in program
../src/._core_cm3.c:1:101: warning: null character(s) ignored [enabled by default]
../src/._core_cm3.c:1:104: error: expected identifier or '(' before '.' token
../src/._core_cm3.c:1:105: warning: null character(s) ignored [enabled by default]
../src/._core_cm3.c:1:104: error: stray '\1' in program
../src/._core_cm3.c:1:121: warning: null character(s) ignored [enabled by default]
../src/._core_cm3.c:1:104: error: stray '\230' in program
../src/._core_cm3.c:1:125: warning: null character(s) ignored [enabled by default]
../src/._core_cm3.c:1:129: warning: null character(s) ignored [enabled by default]
../src/._core_cm3.c:1:104: error: stray '\25' in program
../src/._core_cm3.c:1:152: warning: null character(s) ignored [enabled by default]
../src/._core_cm3.c:1:158: error: invalid suffix "d2d072f" on integer constant
../src/._core_cm3.c:1:158: error: expected identifier or '(' before numeric constant
../src/._core_cm3.c:1:174: error: expected '=', ',', ';', 'asm' or '__attribute__' before '.' token
../src/._core_cm3.c:1:179: error: expected identifier or '(' before '|' token
../src/._core_cm3.c:1:199: warning: null character(s) ignored [enabled by default]
../src/._core_cm3.c:1:179: error: stray '\1' in program
../src/._core_cm3.c:1:3814: warning: null character(s) ignored [enabled by default]
../src/._core_cm3.c:1:179: error: stray '\1' in program
../src/._core_cm3.c:1:3818: warning: null character(s) ignored [enabled by default]
../src/._core_cm3.c:1:179: error: stray '\36' in program
../src/._core_cm3.c:1:3870: warning: null character(s) ignored [enabled by default]
../src/._core_cm3.c:1:179: error: stray '\1' in program
../src/._core_cm3.c:1:4070: warning: null character(s) ignored [enabled by default]
../src/._core_cm3.c:1:179: error: stray '\1' in program
../src/._core_cm3.c:1:4074: warning: null character(s) ignored [enabled by default]
../src/._core_cm3.c:1:179: error: stray '\36' in program
../src/._core_cm3.c:1:4083: warning: null character(s) ignored [enabled by default]
../src/._core_cm3.c:1:179: error: stray '\34' in program
../src/._core_cm3.c:1:4093: warning: null character(s) ignored [enabled by default]
../src/._core_cm3.c:1:179: error: stray '\36' in program
../src/._core_cm3.c:1:179: error: stray '\377' in program
../src/._core_cm3.c:1:179: error: stray '\377' in program
make: *** [src/._core_cm3.o] Error 1
12:57:51 **** Incremental Build of configuration Debug for project Lib_MCU ****
make all 
Building file: ../src/._lpc17xx_adc.c
Invoking: MCU C Compiler
arm-none-eabi-gcc -DDEBUG -D__CODE_RED -D__REDLIB__ -I"C:\Users\patricia\Documents\LPCXpresso_6.1.4_194\workspace2\Lib_CMSISv1p30_LPC17xx\inc" -I"C:\Users\patricia\Documents\LPCXpresso_6.1.4_194\workspace2\Lib_MCU\inc" -O0 -g3 -Wall -c -fmessage-length=0 -fno-builtin -ffunction-sections -mcpu=cortex-m3 -mthumb -MMD -MP -MF"src/._lpc17xx_adc.d" -MT"src/._lpc17xx_adc.d" -o "src/._lpc17xx_adc.o" "../src/._lpc17xx_adc.c"
../src/._lpc17xx_adc.c:1:1: warning: null character(s) ignored [enabled by default]
../src/._lpc17xx_adc.c:1:2: error: stray '\5' in program
../src/._lpc17xx_adc.c:1:2: error: stray '\26' in program
../src/._lpc17xx_adc.c:1:2: error: stray '\7' in program
../src/._lpc17xx_adc.c:1:5: warning: null character(s) ignored [enabled by default]
../src/._lpc17xx_adc.c:1:2: error: stray '\2' in program
../src/._lpc17xx_adc.c:1:7: warning: null character(s) ignored [enabled by default]
../src/._lpc17xx_adc.c:1:9: error: unknown type name 'Mac'
../src/._lpc17xx_adc.c:1:16: error: expected '=', ',', ';', 'asm' or '__attribute__' before 'X'
../src/._lpc17xx_adc.c:1:17: warning: null character(s) ignored [enabled by default]
../src/._lpc17xx_adc.c:1:16: error: stray '\2' in program
../src/._lpc17xx_adc.c:1:27: warning: null character(s) ignored [enabled by default]
../src/._lpc17xx_adc.c:1:35: warning: null character(s) ignored [enabled by default]
../src/._lpc17xx_adc.c:1:16: error: stray '\16' in program
../src/._lpc17xx_adc.c:1:16: error: stray '\260' in program
../src/._lpc17xx_adc.c:1:39: warning: null character(s) ignored [enabled by default]
../src/._lpc17xx_adc.c:1:16: error: stray '\2' in program
../src/._lpc17xx_adc.c:1:43: warning: null character(s) ignored [enabled by default]
../src/._lpc17xx_adc.c:1:16: error: stray '\16' in program
../src/._lpc17xx_adc.c:1:16: error: stray '\342' in program
../src/._lpc17xx_adc.c:1:47: warning: null character(s) ignored [enabled by default]
../src/._lpc17xx_adc.c:1:16: error: stray '\1' in program
../src/._lpc17xx_adc.c:1:16: error: stray '\36' in program
../src/._lpc17xx_adc.c:1:51: warning: null character(s) ignored [enabled by default]
../src/._lpc17xx_adc.c:1:16: error: stray '\232' in program
../src/._lpc17xx_adc.c:1:16: error: stray '\311' in program
../src/._lpc17xx_adc.c:1:16: error: stray '\377' in program
../src/._lpc17xx_adc.c:1:93: warning: null character(s) ignored [enabled by default]
../src/._lpc17xx_adc.c:1:16: error: stray '\16' in program
../src/._lpc17xx_adc.c:1:16: error: stray '\342' in program
../src/._lpc17xx_adc.c:1:97: warning: null character(s) ignored [enabled by default]
../src/._lpc17xx_adc.c:1:16: error: stray '\230' in program
../src/._lpc17xx_adc.c:1:101: warning: null character(s) ignored [enabled by default]
../src/._lpc17xx_adc.c:1:104: error: expected identifier or '(' before '.' token
../src/._lpc17xx_adc.c:1:105: warning: null character(s) ignored [enabled by default]
../src/._lpc17xx_adc.c:1:104: error: stray '\1' in program
../src/._lpc17xx_adc.c:1:121: warning: null character(s) ignored [enabled by default]
../src/._lpc17xx_adc.c:1:104: error: stray '\230' in program
../src/._lpc17xx_adc.c:1:125: warning: null character(s) ignored [enabled by default]
../src/._lpc17xx_adc.c:1:129: warning: null character(s) ignored [enabled by default]
../src/._lpc17xx_adc.c:1:104: error: stray '\25' in program
../src/._lpc17xx_adc.c:1:152: warning: null character(s) ignored [enabled by default]
../src/._lpc17xx_adc.c:1:158: error: invalid suffix "d2d072f" on integer constant
../src/._lpc17xx_adc.c:1:158: error: expected identifier or '(' before numeric constant
../src/._lpc17xx_adc.c:1:174: error: expected '=', ',', ';', 'asm' or '__attribute__' before '.' token
../src/._lpc17xx_adc.c:1:179: error: expected identifier or '(' before '|' token
../src/._lpc17xx_adc.c:1:199: warning: null character(s) ignored [enabled by default]
../src/._lpc17xx_adc.c:1:179: error: stray '\1' in program
../src/._lpc17xx_adc.c:1:3814: warning: null character(s) ignored [enabled by default]
../src/._lpc17xx_adc.c:1:179: error: stray '\1' in program
../src/._lpc17xx_adc.c:1:3818: warning: null character(s) ignored [enabled by default]
../src/._lpc17xx_adc.c:1:179: error: stray '\36' in program
../src/._lpc17xx_adc.c:1:3870: warning: null character(s) ignored [enabled by default]
../src/._lpc17xx_adc.c:1:179: error: stray '\1' in program
../src/._lpc17xx_adc.c:1:4070: warning: null character(s) ignored [enabled by default]
../src/._lpc17xx_adc.c:1:179: error: stray '\1' in program
../src/._lpc17xx_adc.c:1:4074: warning: null character(s) ignored [enabled by default]
../src/._lpc17xx_adc.c:1:179: error: stray '\36' in program
../src/._lpc17xx_adc.c:1:4083: warning: null character(s) ignored [enabled by default]
../src/._lpc17xx_adc.c:1:179: error: stray '\34' in program
../src/._lpc17xx_adc.c:1:4093: warning: null character(s) ignored [enabled by default]
../src/._lpc17xx_adc.c:1:179: error: stray '\36' in program
../src/._lpc17xx_adc.c:1:179: error: stray '\377' in program
../src/._lpc17xx_adc.c:1:179: error: stray '\377' in program
make: *** [src/._lpc17xx_adc.o] Error 1
12:57:52 **** Incremental Build of configuration Debug for project Lib_EaBaseBoard ****
make all 
Building file: ../src/._acc.c
Invoking: MCU C Compiler
arm-none-eabi-gcc -DDEBUG -D__CODE_RED -D__REDLIB__ -I"C:\Users\patricia\Documents\LPCXpresso_6.1.4_194\workspace2\Lib_CMSISv1p30_LPC17xx\inc" -I"C:\Users\patricia\Documents\LPCXpresso_6.1.4_194\workspace2\Lib_EaBaseBoard\inc" -I"C:\Users\patricia\Documents\LPCXpresso_6.1.4_194\workspace2\Lib_MCU\inc" -O0 -g3 -Wall -c -fmessage-length=0 -fno-builtin -ffunction-sections -mcpu=cortex-m3 -mthumb -MMD -MP -MF"src/._acc.d" -MT"src/._acc.d" -o "src/._acc.o" "../src/._acc.c"
../src/._acc.c:1:1: warning: null character(s) ignored [enabled by default]
../src/._acc.c:1:2: error: stray '\5' in program
../src/._acc.c:1:2: error: stray '\26' in program
../src/._acc.c:1:2: error: stray '\7' in program
../src/._acc.c:1:5: warning: null character(s) ignored [enabled by default]
../src/._acc.c:1:2: error: stray '\2' in program
../src/._acc.c:1:7: warning: null character(s) ignored [enabled by default]
../src/._acc.c:1:9: error: unknown type name 'Mac'
../src/._acc.c:1:16: error: expected '=', ',', ';', 'asm' or '__attribute__' before 'X'
../src/._acc.c:1:17: warning: null character(s) ignored [enabled by default]
../src/._acc.c:1:16: error: stray '\2' in program
../src/._acc.c:1:27: warning: null character(s) ignored [enabled by default]
../src/._acc.c:1:35: warning: null character(s) ignored [enabled by default]
../src/._acc.c:1:16: error: stray '\16' in program
../src/._acc.c:1:16: error: stray '\260' in program
../src/._acc.c:1:39: warning: null character(s) ignored [enabled by default]
../src/._acc.c:1:16: error: stray '\2' in program
../src/._acc.c:1:43: warning: null character(s) ignored [enabled by default]
../src/._acc.c:1:16: error: stray '\16' in program
../src/._acc.c:1:16: error: stray '\342' in program
../src/._acc.c:1:47: warning: null character(s) ignored [enabled by default]
../src/._acc.c:1:16: error: stray '\1' in program
../src/._acc.c:1:16: error: stray '\36' in program
../src/._acc.c:1:51: warning: null character(s) ignored [enabled by default]
../src/._acc.c:1:16: error: stray '\232' in program
../src/._acc.c:1:16: error: stray '\311' in program
../src/._acc.c:1:16: error: stray '\377' in program
../src/._acc.c:1:93: warning: null character(s) ignored [enabled by default]
../src/._acc.c:1:16: error: stray '\16' in program
../src/._acc.c:1:16: error: stray '\342' in program
../src/._acc.c:1:97: warning: null character(s) ignored [enabled by default]
../src/._acc.c:1:16: error: stray '\230' in program
../src/._acc.c:1:101: warning: null character(s) ignored [enabled by default]
../src/._acc.c:1:104: error: expected identifier or '(' before '.' token
../src/._acc.c:1:105: warning: null character(s) ignored [enabled by default]
../src/._acc.c:1:104: error: stray '\1' in program
../src/._acc.c:1:121: warning: null character(s) ignored [enabled by default]
../src/._acc.c:1:104: error: stray '\230' in program
../src/._acc.c:1:125: warning: null character(s) ignored [enabled by default]
../src/._acc.c:1:129: warning: null character(s) ignored [enabled by default]
../src/._acc.c:1:104: error: stray '\25' in program
../src/._acc.c:1:152: warning: null character(s) ignored [enabled by default]
../src/._acc.c:1:158: error: invalid suffix "d2d072f" on integer constant
../src/._acc.c:1:158: error: expected identifier or '(' before numeric constant
../src/._acc.c:1:174: error: expected '=', ',', ';', 'asm' or '__attribute__' before '.' token
../src/._acc.c:1:179: error: expected identifier or '(' before '|' token
../src/._acc.c:1:199: warning: null character(s) ignored [enabled by default]
../src/._acc.c:1:179: error: stray '\1' in program
../src/._acc.c:1:3814: warning: null character(s) ignored [enabled by default]
../src/._acc.c:1:179: error: stray '\1' in program
../src/._acc.c:1:3818: warning: null character(s) ignored [enabled by default]
../src/._acc.c:1:179: error: stray '\36' in program
../src/._acc.c:1:3870: warning: null character(s) ignored [enabled by default]
../src/._acc.c:1:179: error: stray '\1' in program
../src/._acc.c:1:4070: warning: null character(s) ignored [enabled by default]
../src/._acc.c:1:179: error: stray '\1' in program
../src/._acc.c:1:4074: warning: null character(s) ignored [enabled by default]
../src/._acc.c:1:179: error: stray '\36' in program
../src/._acc.c:1:4083: warning: null character(s) ignored [enabled by default]
../src/._acc.c:1:179: error: stray '\34' in program
../src/._acc.c:1:4093: warning: null character(s) ignored [enabled by default]
../src/._acc.c:1:179: error: stray '\36' in program
../src/._acc.c:1:179: error: stray '\377' in program
../src/._acc.c:1:179: error: stray '\377' in program
make: *** [src/._acc.o] Error 1
12:57:53 **** Clean-only build of configuration Debug for project easyweb ****
make clean 
rm -rf  ./src/cr_startup_lpc17.o ./src/easyweb.o ./src/ethmac.o ./src/ew_systick.o ./src/tcpip.o  ./src/cr_startup_lpc17.d ./src/easyweb.d ./src/ethmac.d ./src/ew_systick.d ./src/tcpip.d  easyweb.axf
 
12:57:54 **** Build of configuration Debug for project easyweb ****
make all 
Building file: ../src/cr_startup_lpc17.c
Invoking: MCU C Compiler
arm-none-eabi-gcc -DDEBUG -D__USE_CMSIS=CMSISv1p30_LPC17xx -D__CODE_RED -D__NEWLIB__ -I"C:\Users\patricia\Documents\LPCXpresso_6.1.4_194\workspace2\Lib_CMSISv1p30_LPC17xx\inc" -I"C:\Users\patricia\Documents\LPCXpresso_6.1.4_194\workspace2\Lib_EaBaseBoard\inc" -I"C:\Users\patricia\Documents\LPCXpresso_6.1.4_194\workspace2\Lib_MCU\inc" -O0 -g3 -Wall -c -fmessage-length=0 -fno-builtin -ffunction-sections -mcpu=cortex-m3 -mthumb -MMD -MP -MF"src/cr_startup_lpc17.d" -MT"src/cr_startup_lpc17.d" -o "src/cr_startup_lpc17.o" "../src/cr_startup_lpc17.c"
Finished building: ../src/cr_startup_lpc17.c
 
Building file: ../src/easyweb.c
Invoking: MCU C Compiler
arm-none-eabi-gcc -DDEBUG -D__USE_CMSIS=CMSISv1p30_LPC17xx -D__CODE_RED -D__NEWLIB__ -I"C:\Users\patricia\Documents\LPCXpresso_6.1.4_194\workspace2\Lib_CMSISv1p30_LPC17xx\inc" -I"C:\Users\patricia\Documents\LPCXpresso_6.1.4_194\workspace2\Lib_EaBaseBoard\inc" -I"C:\Users\patricia\Documents\LPCXpresso_6.1.4_194\workspace2\Lib_MCU\inc" -O0 -g3 -Wall -c -fmessage-length=0 -fno-builtin -ffunction-sections -mcpu=cortex-m3 -mthumb -MMD -MP -MF"src/easyweb.d" -MT"src/easyweb.d" -o "src/easyweb.o" "../src/easyweb.c"
../src/easyweb.c: In function 'main':
../src/easyweb.c:150:4: warning: format '%d' expects argument of type 'int', but argument 3 has type 'int32_t' [-Wformat]
../src/easyweb.c:151:4: warning: pointer targets in passing argument 3 of 'oled_putString' differ in signedness [-Wpointer-sign]
C:\Users\patricia\Documents\LPCXpresso_6.1.4_194\workspace2\Lib_EaBaseBoard\inc/oled.h:29:6: note: expected 'uint8_t *' but argument is of type 'char *'
../src/easyweb.c:152:4: warning: format '%d' expects argument of type 'int', but argument 3 has type 'int32_t' [-Wformat]
../src/easyweb.c:153:4: warning: pointer targets in passing argument 3 of 'oled_putString' differ in signedness [-Wpointer-sign]
C:\Users\patricia\Documents\LPCXpresso_6.1.4_194\workspace2\Lib_EaBaseBoard\inc/oled.h:29:6: note: expected 'uint8_t *' but argument is of type 'char *'
../src/easyweb.c:154:4: warning: format '%d' expects argument of type 'int', but argument 3 has type 'int32_t' [-Wformat]
../src/easyweb.c:155:4: warning: pointer targets in passing argument 3 of 'oled_putString' differ in signedness [-Wpointer-sign]
C:\Users\patricia\Documents\LPCXpresso_6.1.4_194\workspace2\Lib_EaBaseBoard\inc/oled.h:29:6: note: expected 'uint8_t *' but argument is of type 'char *'
../src/easyweb.c: In function 'InsertDynamicValues':
../src/easyweb.c:250:7: warning: format '%d' expects argument of type 'int', but argument 3 has type 'int32_t' [-Wformat]
../src/easyweb.c:256:7: warning: format '%d' expects argument of type 'int', but argument 3 has type 'int32_t' [-Wformat]
../src/easyweb.c:262:7: warning: format '%d' expects argument of type 'int', but argument 3 has type 'int32_t' [-Wformat]
Finished building: ../src/easyweb.c
 
Building file: ../src/ethmac.c
Invoking: MCU C Compiler
arm-none-eabi-gcc -DDEBUG -D__USE_CMSIS=CMSISv1p30_LPC17xx -D__CODE_RED -D__NEWLIB__ -I"C:\Users\patricia\Documents\LPCXpresso_6.1.4_194\workspace2\Lib_CMSISv1p30_LPC17xx\inc" -I"C:\Users\patricia\Documents\LPCXpresso_6.1.4_194\workspace2\Lib_EaBaseBoard\inc" -I"C:\Users\patricia\Documents\LPCXpresso_6.1.4_194\workspace2\Lib_MCU\inc" -O0 -g3 -Wall -c -fmessage-length=0 -fno-builtin -ffunction-sections -mcpu=cortex-m3 -mthumb -MMD -MP -MF"src/ethmac.d" -MT"src/ethmac.d" -o "src/ethmac.o" "../src/ethmac.c"
Finished building: ../src/ethmac.c
 
Building file: ../src/ew_systick.c
Invoking: MCU C Compiler
arm-none-eabi-gcc -DDEBUG -D__USE_CMSIS=CMSISv1p30_LPC17xx -D__CODE_RED -D__NEWLIB__ -I"C:\Users\patricia\Documents\LPCXpresso_6.1.4_194\workspace2\Lib_CMSISv1p30_LPC17xx\inc" -I"C:\Users\patricia\Documents\LPCXpresso_6.1.4_194\workspace2\Lib_EaBaseBoard\inc" -I"C:\Users\patricia\Documents\LPCXpresso_6.1.4_194\workspace2\Lib_MCU\inc" -O0 -g3 -Wall -c -fmessage-length=0 -fno-builtin -ffunction-sections -mcpu=cortex-m3 -mthumb -MMD -MP -MF"src/ew_systick.d" -MT"src/ew_systick.d" -o "src/ew_systick.o" "../src/ew_systick.c"
Finished building: ../src/ew_systick.c
 
Building file: ../src/tcpip.c
Invoking: MCU C Compiler
arm-none-eabi-gcc -DDEBUG -D__USE_CMSIS=CMSISv1p30_LPC17xx -D__CODE_RED -D__NEWLIB__ -I"C:\Users\patricia\Documents\LPCXpresso_6.1.4_194\workspace2\Lib_CMSISv1p30_LPC17xx\inc" -I"C:\Users\patricia\Documents\LPCXpresso_6.1.4_194\workspace2\Lib_EaBaseBoard\inc" -I"C:\Users\patricia\Documents\LPCXpresso_6.1.4_194\workspace2\Lib_MCU\inc" -O0 -g3 -Wall -c -fmessage-length=0 -fno-builtin -ffunction-sections -mcpu=cortex-m3 -mthumb -MMD -MP -MF"src/tcpip.d" -MT"src/tcpip.d" -o "src/tcpip.o" "../src/tcpip.c"
../src/tcpip.c: In function 'TCPClose':
../src/tcpip.c:103:3: warning: enumeration value 'CLOSED' not handled in switch [-Wswitch]
../src/tcpip.c:103:3: warning: enumeration value 'FIN_WAIT_1' not handled in switch [-Wswitch]
../src/tcpip.c:103:3: warning: enumeration value 'FIN_WAIT_2' not handled in switch [-Wswitch]
../src/tcpip.c:103:3: warning: enumeration value 'CLOSE_WAIT' not handled in switch [-Wswitch]
../src/tcpip.c:103:3: warning: enumeration value 'CLOSING' not handled in switch [-Wswitch]
../src/tcpip.c:103:3: warning: enumeration value 'LAST_ACK' not handled in switch [-Wswitch]
../src/tcpip.c:103:3: warning: enumeration value 'TIME_WAIT' not handled in switch [-Wswitch]
../src/tcpip.c: In function 'DoNetworkStuff':
../src/tcpip.c:216:6: warning: suggest explicit braces to avoid ambiguous 'else' [-Wparentheses]
../src/tcpip.c:242:3: warning: enumeration value 'SYN_SENT' not handled in switch [-Wswitch]
../src/tcpip.c:242:3: warning: enumeration value 'FIN_WAIT_1' not handled in switch [-Wswitch]
../src/tcpip.c:242:3: warning: enumeration value 'FIN_WAIT_2' not handled in switch [-Wswitch]
../src/tcpip.c:242:3: warning: enumeration value 'CLOSING' not handled in switch [-Wswitch]
../src/tcpip.c:242:3: warning: enumeration value 'LAST_ACK' not handled in switch [-Wswitch]
../src/tcpip.c:242:3: warning: enumeration value 'TIME_WAIT' not handled in switch [-Wswitch]
../src/tcpip.c: In function 'ProcessTCPFrame':
../src/tcpip.c:633:9: warning: enumeration value 'CLOSED' not handled in switch [-Wswitch]
../src/tcpip.c:633:9: warning: enumeration value 'LISTENING' not handled in switch [-Wswitch]
../src/tcpip.c:633:9: warning: enumeration value 'SYN_SENT' not handled in switch [-Wswitch]
../src/tcpip.c:633:9: warning: enumeration value 'ESTABLISHED' not handled in switch [-Wswitch]
../src/tcpip.c:633:9: warning: enumeration value 'FIN_WAIT_2' not handled in switch [-Wswitch]
../src/tcpip.c:633:9: warning: enumeration value 'CLOSE_WAIT' not handled in switch [-Wswitch]
../src/tcpip.c:679:9: warning: enumeration value 'CLOSED' not handled in switch [-Wswitch]
../src/tcpip.c:679:9: warning: enumeration value 'LISTENING' not handled in switch [-Wswitch]
../src/tcpip.c:679:9: warning: enumeration value 'SYN_SENT' not handled in switch [-Wswitch]
../src/tcpip.c:679:9: warning: enumeration value 'CLOSE_WAIT' not handled in switch [-Wswitch]
../src/tcpip.c:679:9: warning: enumeration value 'CLOSING' not handled in switch [-Wswitch]
../src/tcpip.c:679:9: warning: enumeration value 'LAST_ACK' not handled in switch [-Wswitch]
Finished building: ../src/tcpip.c
 
Building target: easyweb.axf
Invoking: MCU Linker
arm-none-eabi-gcc -nostdlib -L"C:\Users\patricia\Documents\LPCXpresso_6.1.4_194\workspace2\Lib_CMSISv1p30_LPC17xx\Debug" -L"C:\Users\patricia\Documents\LPCXpresso_6.1.4_194\workspace2\Lib_EaBaseBoard\Debug" -L"C:\Users\patricia\Documents\LPCXpresso_6.1.4_194\workspace2\Lib_MCU\Debug" -Xlinker --gc-sections -Xlinker -Map=easyweb.map -mcpu=cortex-m3 -mthumb -T "easyweb_Debug.ld" -o "easyweb.axf"  ./src/cr_startup_lpc17.o ./src/easyweb.o ./src/ethmac.o ./src/ew_systick.o ./src/tcpip.o   -lLib_CMSISv1p30_LPC17xx -lLib_EaBaseBoard -lLib_MCU
c:/nxp/lpcxpresso_6.1.4_194/lpcxpresso/tools/bin/../lib/gcc/arm-none-eabi/4.6.2/../../../../arm-none-eabi/bin/ld.exe: cannot find -lLib_CMSISv1p30_LPC17xx
c:/nxp/lpcxpresso_6.1.4_194/lpcxpresso/tools/bin/../lib/gcc/arm-none-eabi/4.6.2/../../../../arm-none-eabi/bin/ld.exe: cannot find -lLib_EaBaseBoard
c:/nxp/lpcxpresso_6.1.4_194/lpcxpresso/tools/bin/../lib/gcc/arm-none-eabi/4.6.2/../../../../arm-none-eabi/bin/ld.exe: cannot find -lLib_MCU
collect2: ld returned 1 exit status
make: *** [easyweb.axf] Error 1
12:59:00 **** Incremental Build of configuration Debug for project Lib_CMSISv1p30_LPC17xx ****
make all 
Building file: ../src/._core_cm3.c
Invoking: MCU C Compiler
arm-none-eabi-gcc -DDEBUG -D__CODE_RED -D__REDLIB__ -I"C:\Users\patricia\Documents\LPCXpresso_6.1.4_194\workspace2\Lib_CMSISv1p30_LPC17xx\inc" -O0 -g3 -Wall -c -fmessage-length=0 -fno-builtin -ffunction-sections -mcpu=cortex-m3 -mthumb -MMD -MP -MF"src/._core_cm3.d" -MT"src/._core_cm3.d" -o "src/._core_cm3.o" "../src/._core_cm3.c"
../src/._core_cm3.c:1:1: warning: null character(s) ignored [enabled by default]
../src/._core_cm3.c:1:2: error: stray '\5' in program
../src/._core_cm3.c:1:2: error: stray '\26' in program
../src/._core_cm3.c:1:2: error: stray '\7' in program
../src/._core_cm3.c:1:5: warning: null character(s) ignored [enabled by default]
../src/._core_cm3.c:1:2: error: stray '\2' in program
../src/._core_cm3.c:1:7: warning: null character(s) ignored [enabled by default]
../src/._core_cm3.c:1:9: error: unknown type name 'Mac'
../src/._core_cm3.c:1:16: error: expected '=', ',', ';', 'asm' or '__attribute__' before 'X'
../src/._core_cm3.c:1:17: warning: null character(s) ignored [enabled by default]
../src/._core_cm3.c:1:16: error: stray '\2' in program
../src/._core_cm3.c:1:27: warning: null character(s) ignored [enabled by default]
../src/._core_cm3.c:1:35: warning: null character(s) ignored [enabled by default]
../src/._core_cm3.c:1:16: error: stray '\16' in program
../src/._core_cm3.c:1:16: error: stray '\260' in program
../src/._core_cm3.c:1:39: warning: null character(s) ignored [enabled by default]
../src/._core_cm3.c:1:16: error: stray '\2' in program
../src/._core_cm3.c:1:43: warning: null character(s) ignored [enabled by default]
../src/._core_cm3.c:1:16: error: stray '\16' in program
../src/._core_cm3.c:1:16: error: stray '\342' in program
../src/._core_cm3.c:1:47: warning: null character(s) ignored [enabled by default]
../src/._core_cm3.c:1:16: error: stray '\1' in program
../src/._core_cm3.c:1:16: error: stray '\36' in program
../src/._core_cm3.c:1:51: warning: null character(s) ignored [enabled by default]
../src/._core_cm3.c:1:16: error: stray '\232' in program
../src/._core_cm3.c:1:16: error: stray '\311' in program
../src/._core_cm3.c:1:16: error: stray '\377' in program
../src/._core_cm3.c:1:93: warning: null character(s) ignored [enabled by default]
../src/._core_cm3.c:1:16: error: stray '\16' in program
../src/._core_cm3.c:1:16: error: stray '\342' in program
../src/._core_cm3.c:1:97: warning: null character(s) ignored [enabled by default]
../src/._core_cm3.c:1:16: error: stray '\230' in program
../src/._core_cm3.c:1:101: warning: null character(s) ignored [enabled by default]
../src/._core_cm3.c:1:104: error: expected identifier or '(' before '.' token
../src/._core_cm3.c:1:105: warning: null character(s) ignored [enabled by default]
../src/._core_cm3.c:1:104: error: stray '\1' in program
../src/._core_cm3.c:1:121: warning: null character(s) ignored [enabled by default]
../src/._core_cm3.c:1:104: error: stray '\230' in program
../src/._core_cm3.c:1:125: warning: null character(s) ignored [enabled by default]
../src/._core_cm3.c:1:129: warning: null character(s) ignored [enabled by default]
../src/._core_cm3.c:1:104: error: stray '\25' in program
../src/._core_cm3.c:1:152: warning: null character(s) ignored [enabled by default]
../src/._core_cm3.c:1:158: error: invalid suffix "d2d072f" on integer constant
../src/._core_cm3.c:1:158: error: expected identifier or '(' before numeric constant
../src/._core_cm3.c:1:174: error: expected '=', ',', ';', 'asm' or '__attribute__' before '.' token
../src/._core_cm3.c:1:179: error: expected identifier or '(' before '|' token
../src/._core_cm3.c:1:199: warning: null character(s) ignored [enabled by default]
../src/._core_cm3.c:1:179: error: stray '\1' in program
../src/._core_cm3.c:1:3814: warning: null character(s) ignored [enabled by default]
../src/._core_cm3.c:1:179: error: stray '\1' in program
../src/._core_cm3.c:1:3818: warning: null character(s) ignored [enabled by default]
../src/._core_cm3.c:1:179: error: stray '\36' in program
../src/._core_cm3.c:1:3870: warning: null character(s) ignored [enabled by default]
../src/._core_cm3.c:1:179: error: stray '\1' in program
../src/._core_cm3.c:1:4070: warning: null character(s) ignored [enabled by default]
../src/._core_cm3.c:1:179: error: stray '\1' in program
../src/._core_cm3.c:1:4074: warning: null character(s) ignored [enabled by default]
../src/._core_cm3.c:1:179: error: stray '\36' in program
../src/._core_cm3.c:1:4083: warning: null character(s) ignored [enabled by default]
../src/._core_cm3.c:1:179: error: stray '\34' in program
../src/._core_cm3.c:1:4093: warning: null character(s) ignored [enabled by default]
../src/._core_cm3.c:1:179: error: stray '\36' in program
../src/._core_cm3.c:1:179: error: stray '\377' in program
../src/._core_cm3.c:1:179: error: stray '\377' in program
make: *** [src/._core_cm3.o] Error 1
12:59:01 **** Incremental Build of configuration Debug for project Lib_MCU ****
make all 
Building file: ../src/._lpc17xx_adc.c
Invoking: MCU C Compiler
arm-none-eabi-gcc -DDEBUG -D__CODE_RED -D__REDLIB__ -I"C:\Users\patricia\Documents\LPCXpresso_6.1.4_194\workspace2\Lib_CMSISv1p30_LPC17xx\inc" -I"C:\Users\patricia\Documents\LPCXpresso_6.1.4_194\workspace2\Lib_MCU\inc" -O0 -g3 -Wall -c -fmessage-length=0 -fno-builtin -ffunction-sections -mcpu=cortex-m3 -mthumb -MMD -MP -MF"src/._lpc17xx_adc.d" -MT"src/._lpc17xx_adc.d" -o "src/._lpc17xx_adc.o" "../src/._lpc17xx_adc.c"
../src/._lpc17xx_adc.c:1:1: warning: null character(s) ignored [enabled by default]
../src/._lpc17xx_adc.c:1:2: error: stray '\5' in program
../src/._lpc17xx_adc.c:1:2: error: stray '\26' in program
../src/._lpc17xx_adc.c:1:2: error: stray '\7' in program
../src/._lpc17xx_adc.c:1:5: warning: null character(s) ignored [enabled by default]
../src/._lpc17xx_adc.c:1:2: error: stray '\2' in program
../src/._lpc17xx_adc.c:1:7: warning: null character(s) ignored [enabled by default]
../src/._lpc17xx_adc.c:1:9: error: unknown type name 'Mac'
../src/._lpc17xx_adc.c:1:16: error: expected '=', ',', ';', 'asm' or '__attribute__' before 'X'
../src/._lpc17xx_adc.c:1:17: warning: null character(s) ignored [enabled by default]
../src/._lpc17xx_adc.c:1:16: error: stray '\2' in program
../src/._lpc17xx_adc.c:1:27: warning: null character(s) ignored [enabled by default]
../src/._lpc17xx_adc.c:1:35: warning: null character(s) ignored [enabled by default]
../src/._lpc17xx_adc.c:1:16: error: stray '\16' in program
../src/._lpc17xx_adc.c:1:16: error: stray '\260' in program
../src/._lpc17xx_adc.c:1:39: warning: null character(s) ignored [enabled by default]
../src/._lpc17xx_adc.c:1:16: error: stray '\2' in program
../src/._lpc17xx_adc.c:1:43: warning: null character(s) ignored [enabled by default]
../src/._lpc17xx_adc.c:1:16: error: stray '\16' in program
../src/._lpc17xx_adc.c:1:16: error: stray '\342' in program
../src/._lpc17xx_adc.c:1:47: warning: null character(s) ignored [enabled by default]
../src/._lpc17xx_adc.c:1:16: error: stray '\1' in program
../src/._lpc17xx_adc.c:1:16: error: stray '\36' in program
../src/._lpc17xx_adc.c:1:51: warning: null character(s) ignored [enabled by default]
../src/._lpc17xx_adc.c:1:16: error: stray '\232' in program
../src/._lpc17xx_adc.c:1:16: error: stray '\311' in program
../src/._lpc17xx_adc.c:1:16: error: stray '\377' in program
../src/._lpc17xx_adc.c:1:93: warning: null character(s) ignored [enabled by default]
../src/._lpc17xx_adc.c:1:16: error: stray '\16' in program
../src/._lpc17xx_adc.c:1:16: error: stray '\342' in program
../src/._lpc17xx_adc.c:1:97: warning: null character(s) ignored [enabled by default]
../src/._lpc17xx_adc.c:1:16: error: stray '\230' in program
../src/._lpc17xx_adc.c:1:101: warning: null character(s) ignored [enabled by default]
../src/._lpc17xx_adc.c:1:104: error: expected identifier or '(' before '.' token
../src/._lpc17xx_adc.c:1:105: warning: null character(s) ignored [enabled by default]
../src/._lpc17xx_adc.c:1:104: error: stray '\1' in program
../src/._lpc17xx_adc.c:1:121: warning: null character(s) ignored [enabled by default]
../src/._lpc17xx_adc.c:1:104: error: stray '\230' in program
../src/._lpc17xx_adc.c:1:125: warning: null character(s) ignored [enabled by default]
../src/._lpc17xx_adc.c:1:129: warning: null character(s) ignored [enabled by default]
../src/._lpc17xx_adc.c:1:104: error: stray '\25' in program
../src/._lpc17xx_adc.c:1:152: warning: null character(s) ignored [enabled by default]
../src/._lpc17xx_adc.c:1:158: error: invalid suffix "d2d072f" on integer constant
../src/._lpc17xx_adc.c:1:158: error: expected identifier or '(' before numeric constant
../src/._lpc17xx_adc.c:1:174: error: expected '=', ',', ';', 'asm' or '__attribute__' before '.' token
../src/._lpc17xx_adc.c:1:179: error: expected identifier or '(' before '|' token
../src/._lpc17xx_adc.c:1:199: warning: null character(s) ignored [enabled by default]
../src/._lpc17xx_adc.c:1:179: error: stray '\1' in program
../src/._lpc17xx_adc.c:1:3814: warning: null character(s) ignored [enabled by default]
../src/._lpc17xx_adc.c:1:179: error: stray '\1' in program
../src/._lpc17xx_adc.c:1:3818: warning: null character(s) ignored [enabled by default]
../src/._lpc17xx_adc.c:1:179: error: stray '\36' in program
../src/._lpc17xx_adc.c:1:3870: warning: null character(s) ignored [enabled by default]
../src/._lpc17xx_adc.c:1:179: error: stray '\1' in program
../src/._lpc17xx_adc.c:1:4070: warning: null character(s) ignored [enabled by default]
../src/._lpc17xx_adc.c:1:179: error: stray '\1' in program
../src/._lpc17xx_adc.c:1:4074: warning: null character(s) ignored [enabled by default]
../src/._lpc17xx_adc.c:1:179: error: stray '\36' in program
../src/._lpc17xx_adc.c:1:4083: warning: null character(s) ignored [enabled by default]
../src/._lpc17xx_adc.c:1:179: error: stray '\34' in program
../src/._lpc17xx_adc.c:1:4093: warning: null character(s) ignored [enabled by default]
../src/._lpc17xx_adc.c:1:179: error: stray '\36' in program
../src/._lpc17xx_adc.c:1:179: error: stray '\377' in program
../src/._lpc17xx_adc.c:1:179: error: stray '\377' in program
make: *** [src/._lpc17xx_adc.o] Error 1
12:59:02 **** Incremental Build of configuration Debug for project Lib_EaBaseBoard ****
make all 
Building file: ../src/._acc.c
Invoking: MCU C Compiler
arm-none-eabi-gcc -DDEBUG -D__CODE_RED -D__REDLIB__ -I"C:\Users\patricia\Documents\LPCXpresso_6.1.4_194\workspace2\Lib_CMSISv1p30_LPC17xx\inc" -I"C:\Users\patricia\Documents\LPCXpresso_6.1.4_194\workspace2\Lib_EaBaseBoard\inc" -I"C:\Users\patricia\Documents\LPCXpresso_6.1.4_194\workspace2\Lib_MCU\inc" -O0 -g3 -Wall -c -fmessage-length=0 -fno-builtin -ffunction-sections -mcpu=cortex-m3 -mthumb -MMD -MP -MF"src/._acc.d" -MT"src/._acc.d" -o "src/._acc.o" "../src/._acc.c"
../src/._acc.c:1:1: warning: null character(s) ignored [enabled by default]
../src/._acc.c:1:2: error: stray '\5' in program
../src/._acc.c:1:2: error: stray '\26' in program
../src/._acc.c:1:2: error: stray '\7' in program
../src/._acc.c:1:5: warning: null character(s) ignored [enabled by default]
../src/._acc.c:1:2: error: stray '\2' in program
../src/._acc.c:1:7: warning: null character(s) ignored [enabled by default]
../src/._acc.c:1:9: error: unknown type name 'Mac'
../src/._acc.c:1:16: error: expected '=', ',', ';', 'asm' or '__attribute__' before 'X'
../src/._acc.c:1:17: warning: null character(s) ignored [enabled by default]
../src/._acc.c:1:16: error: stray '\2' in program
../src/._acc.c:1:27: warning: null character(s) ignored [enabled by default]
../src/._acc.c:1:35: warning: null character(s) ignored [enabled by default]
../src/._acc.c:1:16: error: stray '\16' in program
../src/._acc.c:1:16: error: stray '\260' in program
../src/._acc.c:1:39: warning: null character(s) ignored [enabled by default]
../src/._acc.c:1:16: error: stray '\2' in program
../src/._acc.c:1:43: warning: null character(s) ignored [enabled by default]
../src/._acc.c:1:16: error: stray '\16' in program
../src/._acc.c:1:16: error: stray '\342' in program
../src/._acc.c:1:47: warning: null character(s) ignored [enabled by default]
../src/._acc.c:1:16: error: stray '\1' in program
../src/._acc.c:1:16: error: stray '\36' in program
../src/._acc.c:1:51: warning: null character(s) ignored [enabled by default]
../src/._acc.c:1:16: error: stray '\232' in program
../src/._acc.c:1:16: error: stray '\311' in program
../src/._acc.c:1:16: error: stray '\377' in program
../src/._acc.c:1:93: warning: null character(s) ignored [enabled by default]
../src/._acc.c:1:16: error: stray '\16' in program
../src/._acc.c:1:16: error: stray '\342' in program
../src/._acc.c:1:97: warning: null character(s) ignored [enabled by default]
../src/._acc.c:1:16: error: stray '\230' in program
../src/._acc.c:1:101: warning: null character(s) ignored [enabled by default]
../src/._acc.c:1:104: error: expected identifier or '(' before '.' token
../src/._acc.c:1:105: warning: null character(s) ignored [enabled by default]
../src/._acc.c:1:104: error: stray '\1' in program
../src/._acc.c:1:121: warning: null character(s) ignored [enabled by default]
../src/._acc.c:1:104: error: stray '\230' in program
../src/._acc.c:1:125: warning: null character(s) ignored [enabled by default]
../src/._acc.c:1:129: warning: null character(s) ignored [enabled by default]
../src/._acc.c:1:104: error: stray '\25' in program
../src/._acc.c:1:152: warning: null character(s) ignored [enabled by default]
../src/._acc.c:1:158: error: invalid suffix "d2d072f" on integer constant
../src/._acc.c:1:158: error: expected identifier or '(' before numeric constant
../src/._acc.c:1:174: error: expected '=', ',', ';', 'asm' or '__attribute__' before '.' token
../src/._acc.c:1:179: error: expected identifier or '(' before '|' token
../src/._acc.c:1:199: warning: null character(s) ignored [enabled by default]
../src/._acc.c:1:179: error: stray '\1' in program
../src/._acc.c:1:3814: warning: null character(s) ignored [enabled by default]
../src/._acc.c:1:179: error: stray '\1' in program
../src/._acc.c:1:3818: warning: null character(s) ignored [enabled by default]
../src/._acc.c:1:179: error: stray '\36' in program
../src/._acc.c:1:3870: warning: null character(s) ignored [enabled by default]
../src/._acc.c:1:179: error: stray '\1' in program
../src/._acc.c:1:4070: warning: null character(s) ignored [enabled by default]
../src/._acc.c:1:179: error: stray '\1' in program
../src/._acc.c:1:4074: warning: null character(s) ignored [enabled by default]
../src/._acc.c:1:179: error: stray '\36' in program
../src/._acc.c:1:4083: warning: null character(s) ignored [enabled by default]
../src/._acc.c:1:179: error: stray '\34' in program
../src/._acc.c:1:4093: warning: null character(s) ignored [enabled by default]
../src/._acc.c:1:179: error: stray '\36' in program
../src/._acc.c:1:179: error: stray '\377' in program
../src/._acc.c:1:179: error: stray '\377' in program
make: *** [src/._acc.o] Error 1
12:59:03 **** Incremental Build of configuration Debug for project easyweb ****
make all 
Building target: easyweb.axf
Invoking: MCU Linker
arm-none-eabi-gcc -nostdlib -L"C:\Users\patricia\Documents\LPCXpresso_6.1.4_194\workspace2\Lib_CMSISv1p30_LPC17xx\Debug" -L"C:\Users\patricia\Documents\LPCXpresso_6.1.4_194\workspace2\Lib_EaBaseBoard\Debug" -L"C:\Users\patricia\Documents\LPCXpresso_6.1.4_194\workspace2\Lib_MCU\Debug" -Xlinker --gc-sections -Xlinker -Map=easyweb.map -mcpu=cortex-m3 -mthumb -T "easyweb_Debug.ld" -o "easyweb.axf"  ./src/cr_startup_lpc17.o ./src/easyweb.o ./src/ethmac.o ./src/ew_systick.o ./src/tcpip.o   -lLib_CMSISv1p30_LPC17xx -lLib_EaBaseBoard -lLib_MCU
c:/nxp/lpcxpresso_6.1.4_194/lpcxpresso/tools/bin/../lib/gcc/arm-none-eabi/4.6.2/../../../../arm-none-eabi/bin/ld.exe: cannot find -lLib_CMSISv1p30_LPC17xx
c:/nxp/lpcxpresso_6.1.4_194/lpcxpresso/tools/bin/../lib/gcc/arm-none-eabi/4.6.2/../../../../arm-none-eabi/bin/ld.exe: cannot find -lLib_EaBaseBoard
c:/nxp/lpcxpresso_6.1.4_194/lpcxpresso/tools/bin/../lib/gcc/arm-none-eabi/4.6.2/../../../../arm-none-eabi/bin/ld.exe: cannot find -lLib_MCU
collect2: ld returned 1 exit status
make: *** [easyweb.axf] Error 1
13:00:12 **** Incremental Build of configuration Debug for project CMSISv1p30_LPC17xx ****
make all 
make: Nothing to be done for `all'.
13:00:13 **** Incremental Build of configuration Debug for project FreeRTOS_Library ****
make all 
make: Nothing to be done for `all'.
13:00:14 **** Incremental Build of configuration Debug for project Example08 ****
make all 
make: Nothing to be done for `all'.
13:00:18 **** Incremental Build of configuration Debug for project CMSISv1p30_LPC17xx ****
make all 
make: Nothing to be done for `all'.
13:00:18 **** Incremental Build of configuration Debug for project FreeRTOS_Library ****
make all 
make: Nothing to be done for `all'.
13:00:20 **** Incremental Build of configuration Debug for project Example08 ****
make all 
make: Nothing to be done for `all'.
13:56:43 **** Incremental Build of configuration Debug for project CMSISv1p30_LPC17xx ****
make all 
make: Nothing to be done for `all'.
13:56:44 **** Incremental Build of configuration Debug for project FreeRTOS_Library ****
make all 
make: Nothing to be done for `all'.
13:56:45 **** Build of configuration Debug for project Example11 ****
make all 
Building file: ../cr_startup_lpc17.c
Invoking: MCU C Compiler
arm-none-eabi-gcc -DDEBUG -D__USE_CMSIS=CMSISv1p30_LPC17xx -D__CODE_RED -D__REDLIB__ -I"C:\Users\patricia\Documents\LPCXpresso_6.1.4_194\workspace2\FreeRTOS_Library\demo_code" -I"C:\Users\patricia\Documents\LPCXpresso_6.1.4_194\workspace2\CMSISv1p30_LPC17xx\inc" -I"C:\Users\patricia\Documents\LPCXpresso_6.1.4_194\workspace2\FreeRTOS_Library\include" -I"C:\Users\patricia\Documents\LPCXpresso_6.1.4_194\workspace2\FreeRTOS_Library\portable" -O0 -g3 -fsigned-char -c -fmessage-length=0 -fno-builtin -ffunction-sections -mcpu=cortex-m3 -mthumb -MMD -MP -MF"cr_startup_lpc17.d" -MT"cr_startup_lpc17.d" -o "cr_startup_lpc17.o" "../cr_startup_lpc17.c"
Finished building: ../cr_startup_lpc17.c
 
Building file: ../ethmac.c
Invoking: MCU C Compiler
arm-none-eabi-gcc -DDEBUG -D__USE_CMSIS=CMSISv1p30_LPC17xx -D__CODE_RED -D__REDLIB__ -I"C:\Users\patricia\Documents\LPCXpresso_6.1.4_194\workspace2\FreeRTOS_Library\demo_code" -I"C:\Users\patricia\Documents\LPCXpresso_6.1.4_194\workspace2\CMSISv1p30_LPC17xx\inc" -I"C:\Users\patricia\Documents\LPCXpresso_6.1.4_194\workspace2\FreeRTOS_Library\include" -I"C:\Users\patricia\Documents\LPCXpresso_6.1.4_194\workspace2\FreeRTOS_Library\portable" -O0 -g3 -fsigned-char -c -fmessage-length=0 -fno-builtin -ffunction-sections -mcpu=cortex-m3 -mthumb -MMD -MP -MF"ethmac.d" -MT"ethmac.d" -o "ethmac.o" "../ethmac.c"
Finished building: ../ethmac.c
 
Building file: ../ew_systick.c
Invoking: MCU C Compiler
arm-none-eabi-gcc -DDEBUG -D__USE_CMSIS=CMSISv1p30_LPC17xx -D__CODE_RED -D__REDLIB__ -I"C:\Users\patricia\Documents\LPCXpresso_6.1.4_194\workspace2\FreeRTOS_Library\demo_code" -I"C:\Users\patricia\Documents\LPCXpresso_6.1.4_194\workspace2\CMSISv1p30_LPC17xx\inc" -I"C:\Users\patricia\Documents\LPCXpresso_6.1.4_194\workspace2\FreeRTOS_Library\include" -I"C:\Users\patricia\Documents\LPCXpresso_6.1.4_194\workspace2\FreeRTOS_Library\portable" -O0 -g3 -fsigned-char -c -fmessage-length=0 -fno-builtin -ffunction-sections -mcpu=cortex-m3 -mthumb -MMD -MP -MF"ew_systick.d" -MT"ew_systick.d" -o "ew_systick.o" "../ew_systick.c"
Finished building: ../ew_systick.c
 
Building file: ../main.c
Invoking: MCU C Compiler
arm-none-eabi-gcc -DDEBUG -D__USE_CMSIS=CMSISv1p30_LPC17xx -D__CODE_RED -D__REDLIB__ -I"C:\Users\patricia\Documents\LPCXpresso_6.1.4_194\workspace2\FreeRTOS_Library\demo_code" -I"C:\Users\patricia\Documents\LPCXpresso_6.1.4_194\workspace2\CMSISv1p30_LPC17xx\inc" -I"C:\Users\patricia\Documents\LPCXpresso_6.1.4_194\workspace2\FreeRTOS_Library\include" -I"C:\Users\patricia\Documents\LPCXpresso_6.1.4_194\workspace2\FreeRTOS_Library\portable" -O0 -g3 -fsigned-char -c -fmessage-length=0 -fno-builtin -ffunction-sections -mcpu=cortex-m3 -mthumb -MMD -MP -MF"main.d" -MT"main.d" -o "main.o" "../main.c"
../main.c:13:17: fatal error: acc.h: No such file or directory
compilation terminated.
make: *** [main.o] Error 1
13:58:37 **** Incremental Build of configuration Debug for project CMSISv1p30_LPC17xx ****
make all 
make: Nothing to be done for `all'.
13:58:37 **** Incremental Build of configuration Debug for project FreeRTOS_Library ****
make all 
make: Nothing to be done for `all'.
13:58:39 **** Incremental Build of configuration Debug for project Example11 ****
make all 
Building file: ../main.c
Invoking: MCU C Compiler
arm-none-eabi-gcc -DDEBUG -D__USE_CMSIS=CMSISv1p30_LPC17xx -D__CODE_RED -D__REDLIB__ -I"C:\Users\patricia\Documents\LPCXpresso_6.1.4_194\workspace2\FreeRTOS_Library\demo_code" -I"C:\Users\patricia\Documents\LPCXpresso_6.1.4_194\workspace2\CMSISv1p30_LPC17xx\inc" -I"C:\Users\patricia\Documents\LPCXpresso_6.1.4_194\workspace2\FreeRTOS_Library\include" -I"C:\Users\patricia\Documents\LPCXpresso_6.1.4_194\workspace2\FreeRTOS_Library\portable" -O0 -g3 -fsigned-char -c -fmessage-length=0 -fno-builtin -ffunction-sections -mcpu=cortex-m3 -mthumb -MMD -MP -MF"main.d" -MT"main.d" -o "main.o" "../main.c"
../main.c:13:17: fatal error: acc.h: No such file or directory
compilation terminated.
make: *** [main.o] Error 1
14:03:11 **** Incremental Build of configuration Debug for project CMSISv1p30_LPC17xx ****
make all 
make: Nothing to be done for `all'.
14:03:12 **** Incremental Build of configuration Debug for project FreeRTOS_Library ****
make all 
make: Nothing to be done for `all'.
14:03:13 **** Incremental Build of configuration Debug for project Example11 ****
make all 
Building file: ../main.c
Invoking: MCU C Compiler
arm-none-eabi-gcc -DDEBUG -D__USE_CMSIS=CMSISv1p30_LPC17xx -D__CODE_RED -D__REDLIB__ -I"C:\Users\patricia\Documents\LPCXpresso_6.1.4_194\workspace2\FreeRTOS_Library\demo_code" -I"C:\Users\patricia\Documents\LPCXpresso_6.1.4_194\workspace2\CMSISv1p30_LPC17xx\inc" -I"C:\Users\patricia\Documents\LPCXpresso_6.1.4_194\workspace2\FreeRTOS_Library\include" -I"C:\Users\patricia\Documents\LPCXpresso_6.1.4_194\workspace2\FreeRTOS_Library\portable" -O0 -g3 -fsigned-char -c -fmessage-length=0 -fno-builtin -ffunction-sections -mcpu=cortex-m3 -mthumb -MMD -MP -MF"main.d" -MT"main.d" -o "main.o" "../main.c"
../main.c:13:17: fatal error: acc.h: No such file or directory
compilation terminated.
make: *** [main.o] Error 1
14:03:17 **** Clean-only build of configuration Debug for project CMSISv1p30_LPC17xx ****
make clean 
rm -rf  ./src/core_cm3.o ./src/system_LPC17xx.o  ./src/core_cm3.d ./src/system_LPC17xx.d  libCMSISv1p30_LPC17xx.a
 
14:03:17 **** Clean-only build of configuration Debug for project FreeRTOS_Library ****
make clean 
rm -rf  ./portable/heap_2.o ./portable/port.o  ./demo_code/basic_io.o ./demo_code/consoleprint.o  ./list.o ./queue.o ./tasks.o  ./portable/heap_2.d ./portable/port.d  ./demo_code/basic_io.d ./demo_code/consoleprint.d  ./list.d ./queue.d ./tasks.d  libFreeRTOS_Library.a
 
14:03:17 **** Clean-only build of configuration Debug for project Example11 ****
make clean 
rm -rf  ./cr_startup_lpc17.o ./ethmac.o ./ew_systick.o ./main.o ./tcpip.o  ./cr_startup_lpc17.d ./ethmac.d ./ew_systick.d ./main.d ./tcpip.d  Example11.axf
 
14:03:20 **** Build of configuration Debug for project CMSISv1p30_LPC17xx ****
make all 
Building file: ../src/core_cm3.c
Invoking: MCU C Compiler
arm-none-eabi-gcc -DDEBUG -D__CODE_RED -D__REDLIB__ -I"C:\Users\patricia\Documents\LPCXpresso_6.1.4_194\workspace2\CMSISv1p30_LPC17xx\inc" -O0 -g3 -Wall -c -fmessage-length=0 -fno-builtin -ffunction-sections -mcpu=cortex-m3 -mthumb -MMD -MP -MF"src/core_cm3.d" -MT"src/core_cm3.d" -o "src/core_cm3.o" "../src/core_cm3.c"
Finished building: ../src/core_cm3.c
 
Building file: ../src/system_LPC17xx.c
Invoking: MCU C Compiler
arm-none-eabi-gcc -DDEBUG -D__CODE_RED -D__REDLIB__ -I"C:\Users\patricia\Documents\LPCXpresso_6.1.4_194\workspace2\CMSISv1p30_LPC17xx\inc" -O0 -g3 -Wall -c -fmessage-length=0 -fno-builtin -ffunction-sections -mcpu=cortex-m3 -mthumb -MMD -MP -MF"src/system_LPC17xx.d" -MT"src/system_LPC17xx.d" -o "src/system_LPC17xx.o" "../src/system_LPC17xx.c"
Finished building: ../src/system_LPC17xx.c
 
Building target: libCMSISv1p30_LPC17xx.a
Invoking: MCU Archiver
arm-none-eabi-ar -r  "libCMSISv1p30_LPC17xx.a"  ./src/core_cm3.o ./src/system_LPC17xx.o   
c:\nxp\LPCXpresso_6.1.4_194\lpcxpresso\tools\bin\arm-none-eabi-ar.exe: creating libCMSISv1p30_LPC17xx.a
Finished building target: libCMSISv1p30_LPC17xx.a
 
make --no-print-directory post-build
Performing post-build steps
arm-none-eabi-size libCMSISv1p30_LPC17xx.a ; # arm-none-eabi-objdump -h -S libCMSISv1p30_LPC17xx.a >libCMSISv1p30_LPC17xx.lss
   text	   data	    bss	    dec	    hex	filename
    652	      0	      0	    652	    28c	core_cm3.o (ex libCMSISv1p30_LPC17xx.a)
   1276	      4	      0	   1280	    500	system_LPC17xx.o (ex libCMSISv1p30_LPC17xx.a)
 
14:03:22 **** Build of configuration Debug for project FreeRTOS_Library ****
make all 
Building file: ../portable/heap_2.c
Invoking: MCU C Compiler
arm-none-eabi-gcc -D__REDLIB__ -I"C:\Users\patricia\Documents\LPCXpresso_6.1.4_194\workspace2\FreeRTOS_Library\include" -I"C:\Users\patricia\Documents\LPCXpresso_6.1.4_194\workspace2\CMSISv1p30_LPC17xx\inc" -I"C:\Users\patricia\Documents\LPCXpresso_6.1.4_194\workspace2\FreeRTOS_Library\portable" -I"C:\Users\patricia\Documents\LPCXpresso_6.1.4_194\workspace2\FreeRTOS_Library\demo_code" -O1 -g3 -Wall -c -fmessage-length=0 -mcpu=cortex-m3 -mthumb -MMD -MP -MF"portable/heap_2.d" -MT"portable/heap_2.d" -o "portable/heap_2.o" "../portable/heap_2.c"
Finished building: ../portable/heap_2.c
 
Building file: ../portable/port.c
Invoking: MCU C Compiler
[...]
Finished building: ../main.c
 
Building file: ../tcpip.c
Invoking: MCU C Compiler
arm-none-eabi-gcc -DDEBUG -D__USE_CMSIS=CMSISv1p30_LPC17xx -D__CODE_RED -D__REDLIB__ -I"C:\Users\patricia\Documents\LPCXpresso_6.1.4_194\workspace2\FreeRTOS_Library\demo_code" -I"C:\Users\patricia\Documents\LPCXpresso_6.1.4_194\workspace2\CMSISv1p30_LPC17xx\inc" -I"C:\Users\patricia\Documents\LPCXpresso_6.1.4_194\workspace2\FreeRTOS_Library\include" -I"C:\Users\patricia\Documents\LPCXpresso_6.1.4_194\workspace2\FreeRTOS_Library\portable" -I"C:\Users\patricia\Documents\LPCXpresso_6.1.4_194\workspace2\Lib_EaBaseBoard\inc" -I"C:\Users\patricia\Documents\LPCXpresso_6.1.4_194\workspace2\Lib_MCU\inc" -O0 -g3 -fsigned-char -c -fmessage-length=0 -fno-builtin -ffunction-sections -mcpu=cortex-m3 -mthumb -MMD -MP -MF"tcpip.d" -MT"tcpip.d" -o "tcpip.o" "../tcpip.c"
Finished building: ../tcpip.c
 
Building target: Example11.axf
Invoking: MCU Linker
arm-none-eabi-gcc -nostdlib -L"C:\Users\patricia\Documents\LPCXpresso_6.1.4_194\workspace2\CMSISv1p30_LPC17xx\Debug" -L"C:\Users\patricia\Documents\LPCXpresso_6.1.4_194\workspace2\CMSISv1p30_LPC17xx\inc" -L"C:\Users\patricia\Documents\LPCXpresso_6.1.4_194\workspace2\FreeRTOS_Library\Debug" -L"C:\Users\patricia\Documents\LPCXpresso_6.1.4_194\workspace2\Lib_EaBaseBoard\Debug" -L"C:\Users\patricia\Documents\LPCXpresso_6.1.4_194\workspace2\Lib_MCU\Debug" -Xlinker --gc-sections -Xlinker -Map=Example11.map -mcpu=cortex-m3 -mthumb -T "Example11_Debug.ld" -o "Example11.axf"  ./cr_startup_lpc17.o ./ethmac.o ./ew_systick.o ./main.o ./tcpip.o   -lCMSISv1p30_LPC17xx -lFreeRTOS_Library -lLib_EaBaseBoard -lLib_MCU
Finished building target: Example11.axf
 
make --no-print-directory post-build
Performing post-build steps
arm-none-eabi-size Example11.axf; # arm-none-eabi-objcopy -O ihex Example11.axf Example11.hex ;
   text	   data	    bss	    dec	    hex	filename
  37304	     12	  12704	  50020	   c364	Example11.axf
 
14:25:49 **** Incremental Build of configuration Debug for project CMSISv1p30_LPC17xx ****
make all 
make: Nothing to be done for `all'.
14:25:49 **** Incremental Build of configuration Debug for project FreeRTOS_Library ****
make all 
make: Nothing to be done for `all'.
14:25:51 **** Incremental Build of configuration Debug for project Example11 ****
make all 
make: Nothing to be done for `all'.
14:30:15 **** Clean-only build of configuration Debug for project CMSISv1p30_LPC17xx ****
make clean 
rm -rf  ./src/core_cm3.o ./src/system_LPC17xx.o  ./src/core_cm3.d ./src/system_LPC17xx.d  libCMSISv1p30_LPC17xx.a
 
14:30:15 **** Clean-only build of configuration Debug for project FreeRTOS_Library ****
make clean 
rm -rf  ./portable/heap_2.o ./portable/port.o  ./demo_code/basic_io.o ./demo_code/consoleprint.o  ./list.o ./queue.o ./tasks.o  ./portable/heap_2.d ./portable/port.d  ./demo_code/basic_io.d ./demo_code/consoleprint.d  ./list.d ./queue.d ./tasks.d  libFreeRTOS_Library.a
 
14:30:16 **** Clean-only build of configuration Debug for project CMSISv1p30_LPC17xx ****
make clean 
rm -rf  ./src/core_cm3.o ./src/system_LPC17xx.o  ./src/core_cm3.d ./src/system_LPC17xx.d  libCMSISv1p30_LPC17xx.a
 
14:30:16 **** Clean-only build of configuration Debug for project Example11 ****
make clean 
rm -rf  ./cr_startup_lpc17.o ./ethmac.o ./ew_systick.o ./main.o ./tcpip.o  ./cr_startup_lpc17.d ./ethmac.d ./ew_systick.d ./main.d ./tcpip.d  Example11.axf
 
14:30:16 **** Clean-only build of configuration Debug for project FreeRTOS_Library ****
make clean 
rm -rf  ./portable/heap_2.o ./portable/port.o  ./demo_code/basic_io.o ./demo_code/consoleprint.o  ./list.o ./queue.o ./tasks.o  ./portable/heap_2.d ./portable/port.d  ./demo_code/basic_io.d ./demo_code/consoleprint.d  ./list.d ./queue.d ./tasks.d  libFreeRTOS_Library.a
 
14:30:16 **** Clean-only build of configuration Debug for project Example11 ****
make clean 
rm -rf  ./cr_startup_lpc17.o ./ethmac.o ./ew_systick.o ./main.o ./tcpip.o  ./cr_startup_lpc17.d ./ethmac.d ./ew_systick.d ./main.d ./tcpip.d  Example11.axf
 
14:30:38 **** Clean-only build of configuration Debug for project CMSISv1p30_LPC17xx ****
make clean 
rm -rf  ./src/core_cm3.o ./src/system_LPC17xx.o  ./src/core_cm3.d ./src/system_LPC17xx.d  libCMSISv1p30_LPC17xx.a
 
14:30:38 **** Clean-only build of configuration Debug for project FreeRTOS_Library ****
make clean 
rm -rf  ./portable/heap_2.o ./portable/port.o  ./demo_code/basic_io.o ./demo_code/consoleprint.o  ./list.o ./queue.o ./tasks.o  ./portable/heap_2.d ./portable/port.d  ./demo_code/basic_io.d ./demo_code/consoleprint.d  ./list.d ./queue.d ./tasks.d  libFreeRTOS_Library.a
 
14:30:38 **** Clean-only build of configuration Debug for project Example11 ****
make clean 
rm -rf  ./cr_startup_lpc17.o ./ethmac.o ./ew_systick.o ./main.o ./tcpip.o  ./cr_startup_lpc17.d ./ethmac.d ./ew_systick.d ./main.d ./tcpip.d  Example11.axf
 
14:30:38 **** Clean-only build of configuration Debug for project CMSISv1p30_LPC17xx ****
make clean 
rm -rf  ./src/core_cm3.o ./src/system_LPC17xx.o  ./src/core_cm3.d ./src/system_LPC17xx.d  libCMSISv1p30_LPC17xx.a
 
14:30:38 **** Clean-only build of configuration Debug for project FreeRTOS_Library ****
make clean 
rm -rf  ./portable/heap_2.o ./portable/port.o  ./demo_code/basic_io.o ./demo_code/consoleprint.o  ./list.o ./queue.o ./tasks.o  ./portable/heap_2.d ./portable/port.d  ./demo_code/basic_io.d ./demo_code/consoleprint.d  ./list.d ./queue.d ./tasks.d  libFreeRTOS_Library.a
 
14:30:39 **** Clean-only build of configuration Debug for project Example11 ****
make clean 
rm -rf  ./cr_startup_lpc17.o ./ethmac.o ./ew_systick.o ./main.o ./tcpip.o  ./cr_startup_lpc17.d ./ethmac.d ./ew_systick.d ./main.d ./tcpip.d  Example11.axf
 
14:30:41 **** Build of configuration Debug for project CMSISv1p30_LPC17xx ****
make all 
Building file: ../src/core_cm3.c
Invoking: MCU C Compiler
arm-none-eabi-gcc -DDEBUG -D__CODE_RED -D__REDLIB__ -I"C:\Users\patricia\Documents\LPCXpresso_6.1.4_194\workspace2\CMSISv1p30_LPC17xx\inc" -O0 -g3 -Wall -c -fmessage-length=0 -fno-builtin -ffunction-sections -mcpu=cortex-m3 -mthumb -MMD -MP -MF"src/core_cm3.d" -MT"src/core_cm3.d" -o "src/core_cm3.o" "../src/core_cm3.c"
Finished building: ../src/core_cm3.c
 
Building file: ../src/system_LPC17xx.c
Invoking: MCU C Compiler
arm-none-eabi-gcc -DDEBUG -D__CODE_RED -D__REDLIB__ -I"C:\Users\patricia\Documents\LPCXpresso_6.1.4_194\workspace2\CMSISv1p30_LPC17xx\inc" -O0 -g3 -Wall -c -fmessage-length=0 -fno-builtin -ffunction-sections -mcpu=cortex-m3 -mthumb -MMD -MP -MF"src/system_LPC17xx.d" -MT"src/system_LPC17xx.d" -o "src/system_LPC17xx.o" "../src/system_LPC17xx.c"
Finished building: ../src/system_LPC17xx.c
 
Building target: libCMSISv1p30_LPC17xx.a
Invoking: MCU Archiver
arm-none-eabi-ar -r  "libCMSISv1p30_LPC17xx.a"  ./src/core_cm3.o ./src/system_LPC17xx.o   
c:\nxp\LPCXpresso_6.1.4_194\lpcxpresso\tools\bin\arm-none-eabi-ar.exe: creating libCMSISv1p30_LPC17xx.a
Finished building target: libCMSISv1p30_LPC17xx.a
 
make --no-print-directory post-build
Performing post-build steps
arm-none-eabi-size libCMSISv1p30_LPC17xx.a ; # arm-none-eabi-objdump -h -S libCMSISv1p30_LPC17xx.a >libCMSISv1p30_LPC17xx.lss
   text	   data	    bss	    dec	    hex	filename
    652	      0	      0	    652	    28c	core_cm3.o (ex libCMSISv1p30_LPC17xx.a)
   1276	      4	      0	   1280	    500	system_LPC17xx.o (ex libCMSISv1p30_LPC17xx.a)
 
14:30:42 **** Build of configuration Debug for project FreeRTOS_Library ****
make all 
Building file: ../portable/heap_2.c
Invoking: MCU C Compiler
arm-none-eabi-gcc -D__REDLIB__ -I"C:\Users\patricia\Documents\LPCXpresso_6.1.4_194\workspace2\FreeRTOS_Library\include" -I"C:\Users\patricia\Documents\LPCXpresso_6.1.4_194\workspace2\CMSISv1p30_LPC17xx\inc" -I"C:\Users\patricia\Documents\LPCXpresso_6.1.4_194\workspace2\FreeRTOS_Library\portable" -I"C:\Users\patricia\Documents\LPCXpresso_6.1.4_194\workspace2\FreeRTOS_Library\demo_code" -O1 -g3 -Wall -c -fmessage-length=0 -mcpu=cortex-m3 -mthumb -MMD -MP -MF"portable/heap_2.d" -MT"portable/heap_2.d" -o "portable/heap_2.o" "../portable/heap_2.c"
Finished building: ../portable/heap_2.c
 
Building file: ../portable/port.c
Invoking: MCU C Compiler
arm-none-eabi-gcc -D__REDLIB__ -I"C:\Users\patricia\Documents\LPCXpresso_6.1.4_194\workspace2\FreeRTOS_Library\include" -I"C:\Users\patricia\Documents\LPCXpresso_6.1.4_194\workspace2\CMSISv1p30_LPC17xx\inc" -I"C:\Users\patricia\Documents\LPCXpresso_6.1.4_194\workspace2\FreeRTOS_Library\portable" -I"C:\Users\patricia\Documents\LPCXpresso_6.1.4_194\workspace2\FreeRTOS_Library\demo_code" -O1 -g3 -Wall -c -fmessage-length=0 -mcpu=cortex-m3 -mthumb -MMD -MP -MF"portable/port.d" -MT"portable/port.d" -o "portable/port.o" "../portable/port.c"
Finished building: ../portable/port.c
 
Building file: ../demo_code/basic_io.c
Invoking: MCU C Compiler
arm-none-eabi-gcc -D__REDLIB__ -I"C:\Users\patricia\Documents\LPCXpresso_6.1.4_194\workspace2\FreeRTOS_Library\include" -I"C:\Users\patricia\Documents\LPCXpresso_6.1.4_194\workspace2\CMSISv1p30_LPC17xx\inc" -I"C:\Users\patricia\Documents\LPCXpresso_6.1.4_194\workspace2\FreeRTOS_Library\portable" -I"C:\Users\patricia\Documents\LPCXpresso_6.1.4_194\workspace2\FreeRTOS_Library\demo_code" -O1 -g3 -Wall -c -fmessage-length=0 -mcpu=cortex-m3 -mthumb -MMD -MP -MF"demo_code/basic_io.d" -MT"demo_code/basic_io.d" -o "demo_code/basic_io.o" "../demo_code/basic_io.c"
Finished building: ../demo_code/basic_io.c
 
Building file: ../demo_code/consoleprint.c
Invoking: MCU C Compiler
arm-none-eabi-gcc -D__REDLIB__ -I"C:\Users\patricia\Documents\LPCXpresso_6.1.4_194\workspace2\FreeRTOS_Library\include" -I"C:\Users\patricia\Documents\LPCXpresso_6.1.4_194\workspace2\CMSISv1p30_LPC17xx\inc" -I"C:\Users\patricia\Documents\LPCXpresso_6.1.4_194\workspace2\FreeRTOS_Library\portable" -I"C:\Users\patricia\Documents\LPCXpresso_6.1.4_194\workspace2\FreeRTOS_Library\demo_code" -O1 -g3 -Wall -c -fmessage-length=0 -mcpu=cortex-m3 -mthumb -MMD -MP -MF"demo_code/consoleprint.d" -MT"demo_code/consoleprint.d" -o "demo_code/consoleprint.o" "../demo_code/consoleprint.c"
Finished building: ../demo_code/consoleprint.c
 
Building file: ../list.c
Invoking: MCU C Compiler
arm-none-eabi-gcc -D__REDLIB__ -I"C:\Users\patricia\Documents\LPCXpresso_6.1.4_194\workspace2\FreeRTOS_Library\include" -I"C:\Users\patricia\Documents\LPCXpresso_6.1.4_194\workspace2\CMSISv1p30_LPC17xx\inc" -I"C:\Users\patricia\Documents\LPCXpresso_6.1.4_194\workspace2\FreeRTOS_Library\portable" -I"C:\Users\patricia\Documents\LPCXpresso_6.1.4_194\workspace2\FreeRTOS_Library\demo_code" -O1 -g3 -Wall -c -fmessage-length=0 -mcpu=cortex-m3 -mthumb -MMD -MP -MF"list.d" -MT"list.d" -o "list.o" "../list.c"
Finished building: ../list.c
 
Building file: ../queue.c
Invoking: MCU C Compiler
arm-none-eabi-gcc -D__REDLIB__ -I"C:\Users\patricia\Documents\LPCXpresso_6.1.4_194\workspace2\FreeRTOS_Library\include" -I"C:\Users\patricia\Documents\LPCXpresso_6.1.4_194\workspace2\CMSISv1p30_LPC17xx\inc" -I"C:\Users\patricia\Documents\LPCXpresso_6.1.4_194\workspace2\FreeRTOS_Library\portable" -I"C:\Users\patricia\Documents\LPCXpresso_6.1.4_194\workspace2\FreeRTOS_Library\demo_code" -O1 -g3 -Wall -c -fmessage-length=0 -mcpu=cortex-m3 -mthumb -MMD -MP -MF"queue.d" -MT"queue.d" -o "queue.o" "../queue.c"
Finished building: ../queue.c
 
Building file: ../tasks.c
Invoking: MCU C Compiler
arm-none-eabi-gcc -D__REDLIB__ -I"C:\Users\patricia\Documents\LPCXpresso_6.1.4_194\workspace2\FreeRTOS_Library\include" -I"C:\Users\patricia\Documents\LPCXpresso_6.1.4_194\workspace2\CMSISv1p30_LPC17xx\inc" -I"C:\Users\patricia\Documents\LPCXpresso_6.1.4_194\workspace2\FreeRTOS_Library\portable" -I"C:\Users\patricia\Documents\LPCXpresso_6.1.4_194\workspace2\FreeRTOS_Library\demo_code" -O1 -g3 -Wall -c -fmessage-length=0 -mcpu=cortex-m3 -mthumb -MMD -MP -MF"tasks.d" -MT"tasks.d" -o "tasks.o" "../tasks.c"
Finished building: ../tasks.c
 
Building target: libFreeRTOS_Library.a
Invoking: MCU Archiver
arm-none-eabi-ar -r  "libFreeRTOS_Library.a"  ./portable/heap_2.o ./portable/port.o  ./demo_code/basic_io.o ./demo_code/consoleprint.o  ./list.o ./queue.o ./tasks.o   
c:\nxp\LPCXpresso_6.1.4_194\lpcxpresso\tools\bin\arm-none-eabi-ar.exe: creating libFreeRTOS_Library.a
Finished building target: libFreeRTOS_Library.a
 
make --no-print-directory post-build
Performing post-build steps
arm-none-eabi-size libFreeRTOS_Library.a ; # arm-none-eabi-objdump -h -S libFreeRTOS_Library.a >libFreeRTOS_Library.lss
   text	   data	    bss	    dec	    hex	filename
    320	      4	  10264	  10588	   295c	heap_2.o (ex libFreeRTOS_Library.a)
    344	      4	      0	    348	    15c	port.o (ex libFreeRTOS_Library.a)
     92	      0	     52	    144	     90	basic_io.o (ex libFreeRTOS_Library.a)
     24	      0	      0	     24	     18	consoleprint.o (ex libFreeRTOS_Library.a)
    164	      0	      0	    164	     a4	list.o (ex libFreeRTOS_Library.a)
   1252	      0	      0	   1252	    4e4	queue.o (ex libFreeRTOS_Library.a)
   3264	      0	    256	   3520	    dc0	tasks.o (ex libFreeRTOS_Library.a)
 
14:30:45 **** Incremental Build of configuration Debug for project CMSISv1p30_LPC17xx ****
make all 
make: Nothing to be done for `all'.
14:30:46 **** Build of configuration Debug for project Example11 ****
make all 
Building file: ../cr_startup_lpc17.c
Invoking: MCU C Compiler
arm-none-eabi-gcc -DDEBUG -D__USE_CMSIS=CMSISv1p30_LPC17xx -D__CODE_RED -D__REDLIB__ -I"C:\Users\patricia\Documents\LPCXpresso_6.1.4_194\workspace2\FreeRTOS_Library\demo_code" -I"C:\Users\patricia\Documents\LPCXpresso_6.1.4_194\workspace2\CMSISv1p30_LPC17xx\inc" -I"C:\Users\patricia\Documents\LPCXpresso_6.1.4_194\workspace2\FreeRTOS_Library\include" -I"C:\Users\patricia\Documents\LPCXpresso_6.1.4_194\workspace2\FreeRTOS_Library\portable" -I"C:\Users\patricia\Documents\LPCXpresso_6.1.4_194\workspace2\Lib_EaBaseBoard\inc" -I"C:\Users\patricia\Documents\LPCXpresso_6.1.4_194\workspace2\Lib_MCU\inc" -O0 -g3 -fsigned-char -c -fmessage-length=0 -fno-builtin -ffunction-sections -mcpu=cortex-m3 -mthumb -MMD -MP -MF"cr_startup_lpc17.d" -MT"cr_startup_lpc17.d" -o "cr_startup_lpc17.o" "../cr_startup_lpc17.c"
Finished building: ../cr_startup_lpc17.c
 
Building file: ../ethmac.c
Invoking: MCU C Compiler
arm-none-eabi-gcc -DDEBUG -D__USE_CMSIS=CMSISv1p30_LPC17xx -D__CODE_RED -D__REDLIB__ -I"C:\Users\patricia\Documents\LPCXpresso_6.1.4_194\workspace2\FreeRTOS_Library\demo_code" -I"C:\Users\patricia\Documents\LPCXpresso_6.1.4_194\workspace2\CMSISv1p30_LPC17xx\inc" -I"C:\Users\patricia\Documents\LPCXpresso_6.1.4_194\workspace2\FreeRTOS_Library\include" -I"C:\Users\patricia\Documents\LPCXpresso_6.1.4_194\workspace2\FreeRTOS_Library\portable" -I"C:\Users\patricia\Documents\LPCXpresso_6.1.4_194\workspace2\Lib_EaBaseBoard\inc" -I"C:\Users\patricia\Documents\LPCXpresso_6.1.4_194\workspace2\Lib_MCU\inc" -O0 -g3 -fsigned-char -c -fmessage-length=0 -fno-builtin -ffunction-sections -mcpu=cortex-m3 -mthumb -MMD -MP -MF"ethmac.d" -MT"ethmac.d" -o "ethmac.o" "../ethmac.c"
Finished building: ../ethmac.c
 
Building file: ../ew_systick.c
Invoking: MCU C Compiler
arm-none-eabi-gcc -DDEBUG -D__USE_CMSIS=CMSISv1p30_LPC17xx -D__CODE_RED -D__REDLIB__ -I"C:\Users\patricia\Documents\LPCXpresso_6.1.4_194\workspace2\FreeRTOS_Library\demo_code" -I"C:\Users\patricia\Documents\LPCXpresso_6.1.4_194\workspace2\CMSISv1p30_LPC17xx\inc" -I"C:\Users\patricia\Documents\LPCXpresso_6.1.4_194\workspace2\FreeRTOS_Library\include" -I"C:\Users\patricia\Documents\LPCXpresso_6.1.4_194\workspace2\FreeRTOS_Library\portable" -I"C:\Users\patricia\Documents\LPCXpresso_6.1.4_194\workspace2\Lib_EaBaseBoard\inc" -I"C:\Users\patricia\Documents\LPCXpresso_6.1.4_194\workspace2\Lib_MCU\inc" -O0 -g3 -fsigned-char -c -fmessage-length=0 -fno-builtin -ffunction-sections -mcpu=cortex-m3 -mthumb -MMD -MP -MF"ew_systick.d" -MT"ew_systick.d" -o "ew_systick.o" "../ew_systick.c"
Finished building: ../ew_systick.c
 
Building file: ../main.c
Invoking: MCU C Compiler
arm-none-eabi-gcc -DDEBUG -D__USE_CMSIS=CMSISv1p30_LPC17xx -D__CODE_RED -D__REDLIB__ -I"C:\Users\patricia\Documents\LPCXpresso_6.1.4_194\workspace2\FreeRTOS_Library\demo_code" -I"C:\Users\patricia\Documents\LPCXpresso_6.1.4_194\workspace2\CMSISv1p30_LPC17xx\inc" -I"C:\Users\patricia\Documents\LPCXpresso_6.1.4_194\workspace2\FreeRTOS_Library\include" -I"C:\Users\patricia\Documents\LPCXpresso_6.1.4_194\workspace2\FreeRTOS_Library\portable" -I"C:\Users\patricia\Documents\LPCXpresso_6.1.4_194\workspace2\Lib_EaBaseBoard\inc" -I"C:\Users\patricia\Documents\LPCXpresso_6.1.4_194\workspace2\Lib_MCU\inc" -O0 -g3 -fsigned-char -c -fmessage-length=0 -fno-builtin -ffunction-sections -mcpu=cortex-m3 -mthumb -MMD -MP -MF"main.d" -MT"main.d" -o "main.o" "../main.c"
Finished building: ../main.c
 
Building file: ../tcpip.c
Invoking: MCU C Compiler
arm-none-eabi-gcc -DDEBUG -D__USE_CMSIS=CMSISv1p30_LPC17xx -D__CODE_RED -D__REDLIB__ -I"C:\Users\patricia\Documents\LPCXpresso_6.1.4_194\workspace2\FreeRTOS_Library\demo_code" -I"C:\Users\patricia\Documents\LPCXpresso_6.1.4_194\workspace2\CMSISv1p30_LPC17xx\inc" -I"C:\Users\patricia\Documents\LPCXpresso_6.1.4_194\workspace2\FreeRTOS_Library\include" -I"C:\Users\patricia\Documents\LPCXpresso_6.1.4_194\workspace2\FreeRTOS_Library\portable" -I"C:\Users\patricia\Documents\LPCXpresso_6.1.4_194\workspace2\Lib_EaBaseBoard\inc" -I"C:\Users\patricia\Documents\LPCXpresso_6.1.4_194\workspace2\Lib_MCU\inc" -O0 -g3 -fsigned-char -c -fmessage-length=0 -fno-builtin -ffunction-sections -mcpu=cortex-m3 -mthumb -MMD -MP -MF"tcpip.d" -MT"tcpip.d" -o "tcpip.o" "../tcpip.c"
Finished building: ../tcpip.c
 
Building target: Example11.axf
Invoking: MCU Linker
arm-none-eabi-gcc -nostdlib -L"C:\Users\patricia\Documents\LPCXpresso_6.1.4_194\workspace2\CMSISv1p30_LPC17xx\Debug" -L"C:\Users\patricia\Documents\LPCXpresso_6.1.4_194\workspace2\CMSISv1p30_LPC17xx\inc" -L"C:\Users\patricia\Documents\LPCXpresso_6.1.4_194\workspace2\FreeRTOS_Library\Debug" -L"C:\Users\patricia\Documents\LPCXpresso_6.1.4_194\workspace2\Lib_EaBaseBoard\Debug" -L"C:\Users\patricia\Documents\LPCXpresso_6.1.4_194\workspace2\Lib_MCU\Debug" -Xlinker --gc-sections -Xlinker -Map=Example11.map -mcpu=cortex-m3 -mthumb -T "Example11_Debug.ld" -o "Example11.axf"  ./cr_startup_lpc17.o ./ethmac.o ./ew_systick.o ./main.o ./tcpip.o   -lCMSISv1p30_LPC17xx -lFreeRTOS_Library -lLib_EaBaseBoard -lLib_MCU
Finished building target: Example11.axf
 
make --no-print-directory post-build
Performing post-build steps
arm-none-eabi-size Example11.axf; # arm-none-eabi-objcopy -O ihex Example11.axf Example11.hex ;
   text	   data	    bss	    dec	    hex	filename
  37536	     12	  12712	  50260	   c454	Example11.axf
 
14:30:49 **** Incremental Build of configuration Debug for project FreeRTOS_Library ****
make all 
make: Nothing to be done for `all'.
14:30:51 **** Incremental Build of configuration Debug for project Example11 ****
make all 
make: Nothing to be done for `all'.
14:30:57 **** Incremental Build of configuration Debug for project CMSISv1p30_LPC17xx ****
make all 
make: Nothing to be done for `all'.
14:30:57 **** Incremental Build of configuration Debug for project FreeRTOS_Library ****
make all 
make: Nothing to be done for `all'.
14:30:59 **** Incremental Build of configuration Debug for project Example11 ****
make all 
make: Nothing to be done for `all'.
