01:43:24 **** Clean-only build of configuration Debug for project CMSISv1p30_LPC17xx ****
make clean 
rm -rf  ./src/core_cm3.o ./src/system_LPC17xx.o  ./src/core_cm3.d ./src/system_LPC17xx.d  libCMSISv1p30_LPC17xx.a
 
01:43:25 **** Clean-only build of configuration Debug for project FreeRTOS_Library ****
make clean 
rm -rf  ./portable/heap_2.o ./portable/port.o  ./demo_code/basic_io.o ./demo_code/consoleprint.o  ./list.o ./queue.o ./tasks.o  ./portable/heap_2.d ./portable/port.d  ./demo_code/basic_io.d ./demo_code/consoleprint.d  ./list.d ./queue.d ./tasks.d  libFreeRTOS_Library.a
 
01:43:25 **** Clean-only build of configuration Debug for project Example11 ****
make clean 
rm -rf  ./cr_startup_lpc17.o ./ethmac.o ./ew_systick.o ./main.o ./tcpip.o  ./cr_startup_lpc17.d ./ethmac.d ./ew_systick.d ./main.d ./tcpip.d  Example11.axf
 
01:43:25 **** Clean-only build of configuration Debug for project CMSISv1p30_LPC17xx ****
make clean 
rm -rf  ./src/core_cm3.o ./src/system_LPC17xx.o  ./src/core_cm3.d ./src/system_LPC17xx.d  libCMSISv1p30_LPC17xx.a
 
01:43:25 **** Clean-only build of configuration Debug for project FreeRTOS_Library ****
make clean 
rm -rf  ./portable/heap_2.o ./portable/port.o  ./demo_code/basic_io.o ./demo_code/consoleprint.o  ./list.o ./queue.o ./tasks.o  ./portable/heap_2.d ./portable/port.d  ./demo_code/basic_io.d ./demo_code/consoleprint.d  ./list.d ./queue.d ./tasks.d  libFreeRTOS_Library.a
 
01:43:25 **** Clean-only build of configuration Debug for project Example11 ****
make clean 
rm -rf  ./cr_startup_lpc17.o ./ethmac.o ./ew_systick.o ./main.o ./tcpip.o  ./cr_startup_lpc17.d ./ethmac.d ./ew_systick.d ./main.d ./tcpip.d  Example11.axf
 
01:43:27 **** Clean-only build of configuration Debug for project CMSISv1p30_LPC17xx ****
make clean 
rm -rf  ./src/core_cm3.o ./src/system_LPC17xx.o  ./src/core_cm3.d ./src/system_LPC17xx.d  libCMSISv1p30_LPC17xx.a
 
01:43:27 **** Build of configuration Debug for project CMSISv1p30_LPC17xx ****
make all 
Building file: ../src/core_cm3.c
Invoking: MCU C Compiler
arm-none-eabi-gcc -DDEBUG -D__CODE_RED -D__REDLIB__ -I"C:\Users\patricia\Documents\LPCXpresso_6.1.4_194\workspace2\CMSISv1p30_LPC17xx\inc" -O0 -g3 -Wall -c -fmessage-length=0 -fno-builtin -ffunction-sections -mcpu=cortex-m3 -mthumb -MMD -MP -MF"src/core_cm3.d" -MT"src/core_cm3.d" -o "src/core_cm3.o" "../src/core_cm3.c"
Finished building: ../src/core_cm3.c
 
Building file: ../src/system_LPC17xx.c
Invoking: MCU C Compiler
arm-none-eabi-gcc -DDEBUG -D__CODE_RED -D__REDLIB__ -I"C:\Users\patricia\Documents\LPCXpresso_6.1.4_194\workspace2\CMSISv1p30_LPC17xx\inc" -O0 -g3 -Wall -c -fmessage-length=0 -fno-builtin -ffunction-sections -mcpu=cortex-m3 -mthumb -MMD -MP -MF"src/system_LPC17xx.d" -MT"src/system_LPC17xx.d" -o "src/system_LPC17xx.o" "../src/system_LPC17xx.c"
Finished building: ../src/system_LPC17xx.c
 
Building target: libCMSISv1p30_LPC17xx.a
Invoking: MCU Archiver
arm-none-eabi-ar -r  "libCMSISv1p30_LPC17xx.a"  ./src/core_cm3.o ./src/system_LPC17xx.o   
c:\nxp\LPCXpresso_6.1.4_194\lpcxpresso\tools\bin\arm-none-eabi-ar.exe: creating libCMSISv1p30_LPC17xx.a
Finished building target: libCMSISv1p30_LPC17xx.a
 
make --no-print-directory post-build
Performing post-build steps
arm-none-eabi-size libCMSISv1p30_LPC17xx.a ; # arm-none-eabi-objdump -h -S libCMSISv1p30_LPC17xx.a >libCMSISv1p30_LPC17xx.lss
   text	   data	    bss	    dec	    hex	filename
    652	      0	      0	    652	    28c	core_cm3.o (ex libCMSISv1p30_LPC17xx.a)
   1276	      4	      0	   1280	    500	system_LPC17xx.o (ex libCMSISv1p30_LPC17xx.a)
 
01:43:28 **** Clean-only build of configuration Debug for project FreeRTOS_Library ****
make clean 
rm -rf  ./portable/heap_2.o ./portable/port.o  ./demo_code/basic_io.o ./demo_code/consoleprint.o  ./list.o ./queue.o ./tasks.o  ./portable/heap_2.d ./portable/port.d  ./demo_code/basic_io.d ./demo_code/consoleprint.d  ./list.d ./queue.d ./tasks.d  libFreeRTOS_Library.a
 
01:43:28 **** Build of configuration Debug for project FreeRTOS_Library ****
make all 
Building file: ../portable/heap_2.c
Invoking: MCU C Compiler
arm-none-eabi-gcc -D__REDLIB__ -I"C:\Users\patricia\Documents\LPCXpresso_6.1.4_194\workspace2\FreeRTOS_Library\include" -I"C:\Users\patricia\Documents\LPCXpresso_6.1.4_194\workspace2\CMSISv1p30_LPC17xx\inc" -I"C:\Users\patricia\Documents\LPCXpresso_6.1.4_194\workspace2\FreeRTOS_Library\portable" -I"C:\Users\patricia\Documents\LPCXpresso_6.1.4_194\workspace2\FreeRTOS_Library\demo_code" -O1 -g3 -Wall -c -fmessage-length=0 -mcpu=cortex-m3 -mthumb -MMD -MP -MF"portable/heap_2.d" -MT"portable/heap_2.d" -o "portable/heap_2.o" "../portable/heap_2.c"
Finished building: ../portable/heap_2.c
 
Building file: ../portable/port.c
Invoking: MCU C Compiler
arm-none-eabi-gcc -D__REDLIB__ -I"C:\Users\patricia\Documents\LPCXpresso_6.1.4_194\workspace2\FreeRTOS_Library\include" -I"C:\Users\patricia\Documents\LPCXpresso_6.1.4_194\workspace2\CMSISv1p30_LPC17xx\inc" -I"C:\Users\patricia\Documents\LPCXpresso_6.1.4_194\workspace2\FreeRTOS_Library\portable" -I"C:\Users\patricia\Documents\LPCXpresso_6.1.4_194\workspace2\FreeRTOS_Library\demo_code" -O1 -g3 -Wall -c -fmessage-length=0 -mcpu=cortex-m3 -mthumb -MMD -MP -MF"portable/port.d" -MT"portable/port.d" -o "portable/port.o" "../portable/port.c"
Finished building: ../portable/port.c
 
Building file: ../demo_code/basic_io.c
Invoking: MCU C Compiler
arm-none-eabi-gcc -D__REDLIB__ -I"C:\Users\patricia\Documents\LPCXpresso_6.1.4_194\workspace2\FreeRTOS_Library\include" -I"C:\Users\patricia\Documents\LPCXpresso_6.1.4_194\workspace2\CMSISv1p30_LPC17xx\inc" -I"C:\Users\patricia\Documents\LPCXpresso_6.1.4_194\workspace2\FreeRTOS_Library\portable" -I"C:\Users\patricia\Documents\LPCXpresso_6.1.4_194\workspace2\FreeRTOS_Library\demo_code" -O1 -g3 -Wall -c -fmessage-length=0 -mcpu=cortex-m3 -mthumb -MMD -MP -MF"demo_code/basic_io.d" -MT"demo_code/basic_io.d" -o "demo_code/basic_io.o" "../demo_code/basic_io.c"
Finished building: ../demo_code/basic_io.c
 
Building file: ../demo_code/consoleprint.c
Invoking: MCU C Compiler
arm-none-eabi-gcc -D__REDLIB__ -I"C:\Users\patricia\Documents\LPCXpresso_6.1.4_194\workspace2\FreeRTOS_Library\include" -I"C:\Users\patricia\Documents\LPCXpresso_6.1.4_194\workspace2\CMSISv1p30_LPC17xx\inc" -I"C:\Users\patricia\Documents\LPCXpresso_6.1.4_194\workspace2\FreeRTOS_Library\portable" -I"C:\Users\patricia\Documents\LPCXpresso_6.1.4_194\workspace2\FreeRTOS_Library\demo_code" -O1 -g3 -Wall -c -fmessage-length=0 -mcpu=cortex-m3 -mthumb -MMD -MP -MF"demo_code/consoleprint.d" -MT"demo_code/consoleprint.d" -o "demo_code/consoleprint.o" "../demo_code/consoleprint.c"
Finished building: ../demo_code/consoleprint.c
 
Building file: ../list.c
Invoking: MCU C Compiler
arm-none-eabi-gcc -D__REDLIB__ -I"C:\Users\patricia\Documents\LPCXpresso_6.1.4_194\workspace2\FreeRTOS_Library\include" -I"C:\Users\patricia\Documents\LPCXpresso_6.1.4_194\workspace2\CMSISv1p30_LPC17xx\inc" -I"C:\Users\patricia\Documents\LPCXpresso_6.1.4_194\workspace2\FreeRTOS_Library\portable" -I"C:\Users\patricia\Documents\LPCXpresso_6.1.4_194\workspace2\FreeRTOS_Library\demo_code" -O1 -g3 -Wall -c -fmessage-length=0 -mcpu=cortex-m3 -mthumb -MMD -MP -MF"list.d" -MT"list.d" -o "list.o" "../list.c"
Finished building: ../list.c
 
Building file: ../queue.c
Invoking: MCU C Compiler
arm-none-eabi-gcc -D__REDLIB__ -I"C:\Users\patricia\Documents\LPCXpresso_6.1.4_194\workspace2\FreeRTOS_Library\include" -I"C:\Users\patricia\Documents\LPCXpresso_6.1.4_194\workspace2\CMSISv1p30_LPC17xx\inc" -I"C:\Users\patricia\Documents\LPCXpresso_6.1.4_194\workspace2\FreeRTOS_Library\portable" -I"C:\Users\patricia\Documents\LPCXpresso_6.1.4_194\workspace2\FreeRTOS_Library\demo_code" -O1 -g3 -Wall -c -fmessage-length=0 -mcpu=cortex-m3 -mthumb -MMD -MP -MF"queue.d" -MT"queue.d" -o "queue.o" "../queue.c"
Finished building: ../queue.c
 
Building file: ../tasks.c
Invoking: MCU C Compiler
arm-none-eabi-gcc -D__REDLIB__ -I"C:\Users\patricia\Documents\LPCXpresso_6.1.4_194\workspace2\FreeRTOS_Library\include" -I"C:\Users\patricia\Documents\LPCXpresso_6.1.4_194\workspace2\CMSISv1p30_LPC17xx\inc" -I"C:\Users\patricia\Documents\LPCXpresso_6.1.4_194\workspace2\FreeRTOS_Library\portable" -I"C:\Users\patricia\Documents\LPCXpresso_6.1.4_194\workspace2\FreeRTOS_Library\demo_code" -O1 -g3 -Wall -c -fmessage-length=0 -mcpu=cortex-m3 -mthumb -MMD -MP -MF"tasks.d" -MT"tasks.d" -o "tasks.o" "../tasks.c"
Finished building: ../tasks.c
 
Building target: libFreeRTOS_Library.a
Invoking: MCU Archiver
arm-none-eabi-ar -r  "libFreeRTOS_Library.a"  ./portable/heap_2.o ./portable/port.o  ./demo_code/basic_io.o ./demo_code/consoleprint.o  ./list.o ./queue.o ./tasks.o   
c:\nxp\LPCXpresso_6.1.4_194\lpcxpresso\tools\bin\arm-none-eabi-ar.exe: creating libFreeRTOS_Library.a
Finished building target: libFreeRTOS_Library.a
 
make --no-print-directory post-build
Performing post-build steps
arm-none-eabi-size libFreeRTOS_Library.a ; # arm-none-eabi-objdump -h -S libFreeRTOS_Library.a >libFreeRTOS_Library.lss
   text	   data	    bss	    dec	    hex	filename
    320	      4	  10264	  10588	   295c	heap_2.o (ex libFreeRTOS_Library.a)
    344	      4	      0	    348	    15c	port.o (ex libFreeRTOS_Library.a)
     92	      0	     52	    144	     90	basic_io.o (ex libFreeRTOS_Library.a)
     24	      0	      0	     24	     18	consoleprint.o (ex libFreeRTOS_Library.a)
    164	      0	      0	    164	     a4	list.o (ex libFreeRTOS_Library.a)
   1252	      0	      0	   1252	    4e4	queue.o (ex libFreeRTOS_Library.a)
   3264	      0	    256	   3520	    dc0	tasks.o (ex libFreeRTOS_Library.a)
 
01:43:31 **** Clean-only build of configuration Debug for project Example11 ****
make clean 
rm -rf  ./cr_startup_lpc17.o ./ethmac.o ./ew_systick.o ./main.o ./tcpip.o  ./cr_startup_lpc17.d ./ethmac.d ./ew_systick.d ./main.d ./tcpip.d  Example11.axf
 
01:43:32 **** Build of configuration Debug for project Example11 ****
make all 
Building file: ../cr_startup_lpc17.c
Invoking: MCU C Compiler
arm-none-eabi-gcc -DDEBUG -D__USE_CMSIS=CMSISv1p30_LPC17xx -D__CODE_RED -D__REDLIB__ -I"C:\Users\patricia\Documents\LPCXpresso_6.1.4_194\workspace2\FreeRTOS_Library\demo_code" -I"C:\Users\patricia\Documents\LPCXpresso_6.1.4_194\workspace2\CMSISv1p30_LPC17xx\inc" -I"C:\Users\patricia\Documents\LPCXpresso_6.1.4_194\workspace2\FreeRTOS_Library\include" -I"C:\Users\patricia\Documents\LPCXpresso_6.1.4_194\workspace2\FreeRTOS_Library\portable" -I"C:\Users\patricia\Documents\LPCXpresso_6.1.4_194\workspace2\Lib_EaBaseBoard\inc" -I"C:\Users\patricia\Documents\LPCXpresso_6.1.4_194\workspace2\Lib_MCU\inc" -O0 -g3 -fsigned-char -c -fmessage-length=0 -fno-builtin -ffunction-sections -mcpu=cortex-m3 -mthumb -MMD -MP -MF"cr_startup_lpc17.d" -MT"cr_startup_lpc17.d" -o "cr_startup_lpc17.o" "../cr_startup_lpc17.c"
Finished building: ../cr_startup_lpc17.c
 
Building file: ../ethmac.c
Invoking: MCU C Compiler
arm-none-eabi-gcc -DDEBUG -D__USE_CMSIS=CMSISv1p30_LPC17xx -D__CODE_RED -D__REDLIB__ -I"C:\Users\patricia\Documents\LPCXpresso_6.1.4_194\workspace2\FreeRTOS_Library\demo_code" -I"C:\Users\patricia\Documents\LPCXpresso_6.1.4_194\workspace2\CMSISv1p30_LPC17xx\inc" -I"C:\Users\patricia\Documents\LPCXpresso_6.1.4_194\workspace2\FreeRTOS_Library\include" -I"C:\Users\patricia\Documents\LPCXpresso_6.1.4_194\workspace2\FreeRTOS_Library\portable" -I"C:\Users\patricia\Documents\LPCXpresso_6.1.4_194\workspace2\Lib_EaBaseBoard\inc" -I"C:\Users\patricia\Documents\LPCXpresso_6.1.4_194\workspace2\Lib_MCU\inc" -O0 -g3 -fsigned-char -c -fmessage-length=0 -fno-builtin -ffunction-sections -mcpu=cortex-m3 -mthumb -MMD -MP -MF"ethmac.d" -MT"ethmac.d" -o "ethmac.o" "../ethmac.c"
Finished building: ../ethmac.c
 
Building file: ../ew_systick.c
Invoking: MCU C Compiler
arm-none-eabi-gcc -DDEBUG -D__USE_CMSIS=CMSISv1p30_LPC17xx -D__CODE_RED -D__REDLIB__ -I"C:\Users\patricia\Documents\LPCXpresso_6.1.4_194\workspace2\FreeRTOS_Library\demo_code" -I"C:\Users\patricia\Documents\LPCXpresso_6.1.4_194\workspace2\CMSISv1p30_LPC17xx\inc" -I"C:\Users\patricia\Documents\LPCXpresso_6.1.4_194\workspace2\FreeRTOS_Library\include" -I"C:\Users\patricia\Documents\LPCXpresso_6.1.4_194\workspace2\FreeRTOS_Library\portable" -I"C:\Users\patricia\Documents\LPCXpresso_6.1.4_194\workspace2\Lib_EaBaseBoard\inc" -I"C:\Users\patricia\Documents\LPCXpresso_6.1.4_194\workspace2\Lib_MCU\inc" -O0 -g3 -fsigned-char -c -fmessage-length=0 -fno-builtin -ffunction-sections -mcpu=cortex-m3 -mthumb -MMD -MP -MF"ew_systick.d" -MT"ew_systick.d" -o "ew_systick.o" "../ew_systick.c"
Finished building: ../ew_systick.c
 
Building file: ../main.c
Invoking: MCU C Compiler
arm-none-eabi-gcc -DDEBUG -D__USE_CMSIS=CMSISv1p30_LPC17xx -D__CODE_RED -D__REDLIB__ -I"C:\Users\patricia\Documents\LPCXpresso_6.1.4_194\workspace2\FreeRTOS_Library\demo_code" -I"C:\Users\patricia\Documents\LPCXpresso_6.1.4_194\workspace2\CMSISv1p30_LPC17xx\inc" -I"C:\Users\patricia\Documents\LPCXpresso_6.1.4_194\workspace2\FreeRTOS_Library\include" -I"C:\Users\patricia\Documents\LPCXpresso_6.1.4_194\workspace2\FreeRTOS_Library\portable" -I"C:\Users\patricia\Documents\LPCXpresso_6.1.4_194\workspace2\Lib_EaBaseBoard\inc" -I"C:\Users\patricia\Documents\LPCXpresso_6.1.4_194\workspace2\Lib_MCU\inc" -O0 -g3 -fsigned-char -c -fmessage-length=0 -fno-builtin -ffunction-sections -mcpu=cortex-m3 -mthumb -MMD -MP -MF"main.d" -MT"main.d" -o "main.o" "../main.c"
../main.c:165:6: warning: conflicting types for 'HTTPServer' [enabled by default]
Finished building: ../main.c
../main.c:137:2: note: previous implicit declaration of 'HTTPServer' was here
 
../main.c:223:6: warning: conflicting types for 'InsertDynamicValues' [enabled by default]
Building file: ../tcpip.c
../main.c:196:5: note: previous implicit declaration of 'InsertDynamicValues' was here
Invoking: MCU C Compiler
arm-none-eabi-gcc -DDEBUG -D__USE_CMSIS=CMSISv1p30_LPC17xx -D__CODE_RED -D__REDLIB__ -I"C:\Users\patricia\Documents\LPCXpresso_6.1.4_194\workspace2\FreeRTOS_Library\demo_code" -I"C:\Users\patricia\Documents\LPCXpresso_6.1.4_194\workspace2\CMSISv1p30_LPC17xx\inc" -I"C:\Users\patricia\Documents\LPCXpresso_6.1.4_194\workspace2\FreeRTOS_Library\include" -I"C:\Users\patricia\Documents\LPCXpresso_6.1.4_194\workspace2\FreeRTOS_Library\portable" -I"C:\Users\patricia\Documents\LPCXpresso_6.1.4_194\workspace2\Lib_EaBaseBoard\inc" -I"C:\Users\patricia\Documents\LPCXpresso_6.1.4_194\workspace2\Lib_MCU\inc" -O0 -g3 -fsigned-char -c -fmessage-length=0 -fno-builtin -ffunction-sections -mcpu=cortex-m3 -mthumb -MMD -MP -MF"tcpip.d" -MT"tcpip.d" -o "tcpip.o" "../tcpip.c"
Finished building: ../tcpip.c
 
Building target: Example11.axf
Invoking: MCU Linker
arm-none-eabi-gcc -nostdlib -L"C:\Users\patricia\Documents\LPCXpresso_6.1.4_194\workspace2\CMSISv1p30_LPC17xx\Debug" -L"C:\Users\patricia\Documents\LPCXpresso_6.1.4_194\workspace2\CMSISv1p30_LPC17xx\inc" -L"C:\Users\patricia\Documents\LPCXpresso_6.1.4_194\workspace2\FreeRTOS_Library\Debug" -L"C:\Users\patricia\Documents\LPCXpresso_6.1.4_194\workspace2\Lib_EaBaseBoard\Debug" -L"C:\Users\patricia\Documents\LPCXpresso_6.1.4_194\workspace2\Lib_MCU\Debug" -Xlinker --gc-sections -Xlinker -Map=Example11.map -mcpu=cortex-m3 -mthumb -T "Example11_Debug.ld" -o "Example11.axf"  ./cr_startup_lpc17.o ./ethmac.o ./ew_systick.o ./main.o ./tcpip.o   -lCMSISv1p30_LPC17xx -lFreeRTOS_Library -lLib_EaBaseBoard -lLib_MCU
Finished building target: Example11.axf
 
make --no-print-directory post-build
Performing post-build steps
arm-none-eabi-size Example11.axf; # arm-none-eabi-objcopy -O ihex Example11.axf Example11.hex ;
   text	   data	    bss	    dec	    hex	filename
  39224	     12	  12744	  51980	   cb0c	Example11.axf
 
01:43:37 **** Incremental Build of configuration Debug for project CMSISv1p30_LPC17xx ****
make all 
make: Nothing to be done for `all'.
01:43:37 **** Incremental Build of configuration Debug for project FreeRTOS_Library ****
make all 
make: Nothing to be done for `all'.
01:43:38 **** Incremental Build of configuration Debug for project Example11 ****
make all 
make: Nothing to be done for `all'.
01:43:51 **** Incremental Build of configuration Debug for project CMSISv1p30_LPC17xx ****
make all 
make: Nothing to be done for `all'.
01:43:52 **** Incremental Build of configuration Debug for project FreeRTOS_Library ****
make all 
make: Nothing to be done for `all'.
01:43:53 **** Incremental Build of configuration Debug for project Example11 ****
make all 
make: Nothing to be done for `all'.
01:46:06 **** Incremental Build of configuration Debug for project CMSISv1p30_LPC17xx ****
make all 
make: Nothing to be done for `all'.
01:46:07 **** Incremental Build of configuration Debug for project FreeRTOS_Library ****
make all 
make: Nothing to be done for `all'.
01:46:08 **** Incremental Build of configuration Debug for project Example11 ****
make all 
Building file: ../main.c
Invoking: MCU C Compiler
arm-none-eabi-gcc -DDEBUG -D__USE_CMSIS=CMSISv1p30_LPC17xx -D__CODE_RED -D__REDLIB__ -I"C:\Users\patricia\Documents\LPCXpresso_6.1.4_194\workspace2\FreeRTOS_Library\demo_code" -I"C:\Users\patricia\Documents\LPCXpresso_6.1.4_194\workspace2\CMSISv1p30_LPC17xx\inc" -I"C:\Users\patricia\Documents\LPCXpresso_6.1.4_194\workspace2\FreeRTOS_Library\include" -I"C:\Users\patricia\Documents\LPCXpresso_6.1.4_194\workspace2\FreeRTOS_Library\portable" -I"C:\Users\patricia\Documents\LPCXpresso_6.1.4_194\workspace2\Lib_EaBaseBoard\inc" -I"C:\Users\patricia\Documents\LPCXpresso_6.1.4_194\workspace2\Lib_MCU\inc" -O0 -g3 -fsigned-char -c -fmessage-length=0 -fno-builtin -ffunction-sections -mcpu=cortex-m3 -mthumb -MMD -MP -MF"main.d" -MT"main.d" -o "main.o" "../main.c"
../main.c:164:6: warning: conflicting types for 'HTTPServer' [enabled by default]
Finished building: ../main.c
../main.c:136:2: note: previous implicit declaration of 'HTTPServer' was here
 
../main.c:222:6: warning: conflicting types for 'InsertDynamicValues' [enabled by default]
Building target: Example11.axf
../main.c:195:5: note: previous implicit declaration of 'InsertDynamicValues' was here
Invoking: MCU Linker
arm-none-eabi-gcc -nostdlib -L"C:\Users\patricia\Documents\LPCXpresso_6.1.4_194\workspace2\CMSISv1p30_LPC17xx\Debug" -L"C:\Users\patricia\Documents\LPCXpresso_6.1.4_194\workspace2\CMSISv1p30_LPC17xx\inc" -L"C:\Users\patricia\Documents\LPCXpresso_6.1.4_194\workspace2\FreeRTOS_Library\Debug" -L"C:\Users\patricia\Documents\LPCXpresso_6.1.4_194\workspace2\Lib_EaBaseBoard\Debug" -L"C:\Users\patricia\Documents\LPCXpresso_6.1.4_194\workspace2\Lib_MCU\Debug" -Xlinker --gc-sections -Xlinker -Map=Example11.map -mcpu=cortex-m3 -mthumb -T "Example11_Debug.ld" -o "Example11.axf"  ./cr_startup_lpc17.o ./ethmac.o ./ew_systick.o ./main.o ./tcpip.o   -lCMSISv1p30_LPC17xx -lFreeRTOS_Library -lLib_EaBaseBoard -lLib_MCU
Finished building target: Example11.axf
 
make --no-print-directory post-build
Performing post-build steps
arm-none-eabi-size Example11.axf; # arm-none-eabi-objcopy -O ihex Example11.axf Example11.hex ;
   text	   data	    bss	    dec	    hex	filename
  30944	     12	  12736	  43692	   aaac	Example11.axf
 
01:46:16 **** Incremental Build of configuration Debug for project CMSISv1p30_LPC17xx ****
make all 
make: Nothing to be done for `all'.
01:46:17 **** Incremental Build of configuration Debug for project FreeRTOS_Library ****
make all 
make: Nothing to be done for `all'.
01:46:18 **** Incremental Build of configuration Debug for project Example11 ****
make all 
make: Nothing to be done for `all'.
01:46:21 **** Incremental Build of configuration Debug for project CMSISv1p30_LPC17xx ****
make all 
make: Nothing to be done for `all'.
01:46:22 **** Incremental Build of configuration Debug for project FreeRTOS_Library ****
make all 
make: Nothing to be done for `all'.
01:46:23 **** Incremental Build of configuration Debug for project Example11 ****
make all 
make: Nothing to be done for `all'.
01:46:29 **** Clean-only build of configuration Debug for project CMSISv1p30_LPC17xx ****
make clean 
rm -rf  ./src/core_cm3.o ./src/system_LPC17xx.o  ./src/core_cm3.d ./src/system_LPC17xx.d  libCMSISv1p30_LPC17xx.a
 
01:46:29 **** Clean-only build of configuration Debug for project FreeRTOS_Library ****
make clean 
rm -rf  ./portable/heap_2.o ./portable/port.o  ./demo_code/basic_io.o ./demo_code/consoleprint.o  ./list.o ./queue.o ./tasks.o  ./portable/heap_2.d ./portable/port.d  ./demo_code/basic_io.d ./demo_code/consoleprint.d  ./list.d ./queue.d ./tasks.d  libFreeRTOS_Library.a
 
01:46:30 **** Clean-only build of configuration Debug for project Example11 ****
make clean 
rm -rf  ./cr_startup_lpc17.o ./ethmac.o ./ew_systick.o ./main.o ./tcpip.o  ./cr_startup_lpc17.d ./ethmac.d ./ew_systick.d ./main.d ./tcpip.d  Example11.axf
 
01:46:32 **** Build of configuration Debug for project CMSISv1p30_LPC17xx ****
make all 
Building file: ../src/core_cm3.c
Invoking: MCU C Compiler
arm-none-eabi-gcc -DDEBUG -D__CODE_RED -D__REDLIB__ -I"C:\Users\patricia\Documents\LPCXpresso_6.1.4_194\workspace2\CMSISv1p30_LPC17xx\inc" -O0 -g3 -Wall -c -fmessage-length=0 -fno-builtin -ffunction-sections -mcpu=cortex-m3 -mthumb -MMD -MP -MF"src/core_cm3.d" -MT"src/core_cm3.d" -o "src/core_cm3.o" "../src/core_cm3.c"
Finished building: ../src/core_cm3.c
 
Building file: ../src/system_LPC17xx.c
Invoking: MCU C Compiler
arm-none-eabi-gcc -DDEBUG -D__CODE_RED -D__REDLIB__ -I"C:\Users\patricia\Documents\LPCXpresso_6.1.4_194\workspace2\CMSISv1p30_LPC17xx\inc" -O0 -g3 -Wall -c -fmessage-length=0 -fno-builtin -ffunction-sections -mcpu=cortex-m3 -mthumb -MMD -MP -MF"src/system_LPC17xx.d" -MT"src/system_LPC17xx.d" -o "src/system_LPC17xx.o" "../src/system_LPC17xx.c"
Finished building: ../src/system_LPC17xx.c
 
Building target: libCMSISv1p30_LPC17xx.a
Invoking: MCU Archiver
arm-none-eabi-ar -r  "libCMSISv1p30_LPC17xx.a"  ./src/core_cm3.o ./src/system_LPC17xx.o   
c:\nxp\LPCXpresso_6.1.4_194\lpcxpresso\tools\bin\arm-none-eabi-ar.exe: creating libCMSISv1p30_LPC17xx.a
Finished building target: libCMSISv1p30_LPC17xx.a
 
make --no-print-directory post-build
Performing post-build steps
arm-none-eabi-size libCMSISv1p30_LPC17xx.a ; # arm-none-eabi-objdump -h -S libCMSISv1p30_LPC17xx.a >libCMSISv1p30_LPC17xx.lss
   text	   data	    bss	    dec	    hex	filename
    652	      0	      0	    652	    28c	core_cm3.o (ex libCMSISv1p30_LPC17xx.a)
   1276	      4	      0	   1280	    500	system_LPC17xx.o (ex libCMSISv1p30_LPC17xx.a)
 
01:46:33 **** Build of configuration Debug for project FreeRTOS_Library ****
make all 
Building file: ../portable/heap_2.c
Invoking: MCU C Compiler
arm-none-eabi-gcc -D__REDLIB__ -I"C:\Users\patricia\Documents\LPCXpresso_6.1.4_194\workspace2\FreeRTOS_Library\include" -I"C:\Users\patricia\Documents\LPCXpresso_6.1.4_194\workspace2\CMSISv1p30_LPC17xx\inc" -I"C:\Users\patricia\Documents\LPCXpresso_6.1.4_194\workspace2\FreeRTOS_Library\portable" -I"C:\Users\patricia\Documents\LPCXpresso_6.1.4_194\workspace2\FreeRTOS_Library\demo_code" -O1 -g3 -Wall -c -fmessage-length=0 -mcpu=cortex-m3 -mthumb -MMD -MP -MF"portable/heap_2.d" -MT"portable/heap_2.d" -o "portable/heap_2.o" "../portable/heap_2.c"
Finished building: ../portable/heap_2.c
 
Building file: ../portable/port.c
Invoking: MCU C Compiler
arm-none-eabi-gcc -D__REDLIB__ -I"C:\Users\patricia\Documents\LPCXpresso_6.1.4_194\workspace2\FreeRTOS_Library\include" -I"C:\Users\patricia\Documents\LPCXpresso_6.1.4_194\workspace2\CMSISv1p30_LPC17xx\inc" -I"C:\Users\patricia\Documents\LPCXpresso_6.1.4_194\workspace2\FreeRTOS_Library\portable" -I"C:\Users\patricia\Documents\LPCXpresso_6.1.4_194\workspace2\FreeRTOS_Library\demo_code" -O1 -g3 -Wall -c -fmessage-length=0 -mcpu=cortex-m3 -mthumb -MMD -MP -MF"portable/port.d" -MT"portable/port.d" -o "portable/port.o" "../portable/port.c"
Finished building: ../portable/port.c
 
Building file: ../demo_code/basic_io.c
Invoking: MCU C Compiler
arm-none-eabi-gcc -D__REDLIB__ -I"C:\Users\patricia\Documents\LPCXpresso_6.1.4_194\workspace2\FreeRTOS_Library\include" -I"C:\Users\patricia\Documents\LPCXpresso_6.1.4_194\workspace2\CMSISv1p30_LPC17xx\inc" -I"C:\Users\patricia\Documents\LPCXpresso_6.1.4_194\workspace2\FreeRTOS_Library\portable" -I"C:\Users\patricia\Documents\LPCXpresso_6.1.4_194\workspace2\FreeRTOS_Library\demo_code" -O1 -g3 -Wall -c -fmessage-length=0 -mcpu=cortex-m3 -mthumb -MMD -MP -MF"demo_code/basic_io.d" -MT"demo_code/basic_io.d" -o "demo_code/basic_io.o" "../demo_code/basic_io.c"
Finished building: ../demo_code/basic_io.c
 
Building file: ../demo_code/consoleprint.c
Invoking: MCU C Compiler
arm-none-eabi-gcc -D__REDLIB__ -I"C:\Users\patricia\Documents\LPCXpresso_6.1.4_194\workspace2\FreeRTOS_Library\include" -I"C:\Users\patricia\Documents\LPCXpresso_6.1.4_194\workspace2\CMSISv1p30_LPC17xx\inc" -I"C:\Users\patricia\Documents\LPCXpresso_6.1.4_194\workspace2\FreeRTOS_Library\portable" -I"C:\Users\patricia\Documents\LPCXpresso_6.1.4_194\workspace2\FreeRTOS_Library\demo_code" -O1 -g3 -Wall -c -fmessage-length=0 -mcpu=cortex-m3 -mthumb -MMD -MP -MF"demo_code/consoleprint.d" -MT"demo_code/consoleprint.d" -o "demo_code/consoleprint.o" "../demo_code/consoleprint.c"
Finished building: ../demo_code/consoleprint.c
 
Building file: ../list.c
Invoking: MCU C Compiler
arm-none-eabi-gcc -D__REDLIB__ -I"C:\Users\patricia\Documents\LPCXpresso_6.1.4_194\workspace2\FreeRTOS_Library\include" -I"C:\Users\patricia\Documents\LPCXpresso_6.1.4_194\workspace2\CMSISv1p30_LPC17xx\inc" -I"C:\Users\patricia\Documents\LPCXpresso_6.1.4_194\workspace2\FreeRTOS_Library\portable" -I"C:\Users\patricia\Documents\LPCXpresso_6.1.4_194\workspace2\FreeRTOS_Library\demo_code" -O1 -g3 -Wall -c -fmessage-length=0 -mcpu=cortex-m3 -mthumb -MMD -MP -MF"list.d" -MT"list.d" -o "list.o" "../list.c"
Finished building: ../list.c
 
Building file: ../queue.c
Invoking: MCU C Compiler
arm-none-eabi-gcc -D__REDLIB__ -I"C:\Users\patricia\Documents\LPCXpresso_6.1.4_194\workspace2\FreeRTOS_Library\include" -I"C:\Users\patricia\Documents\LPCXpresso_6.1.4_194\workspace2\CMSISv1p30_LPC17xx\inc" -I"C:\Users\patricia\Documents\LPCXpresso_6.1.4_194\workspace2\FreeRTOS_Library\portable" -I"C:\Users\patricia\Documents\LPCXpresso_6.1.4_194\workspace2\FreeRTOS_Library\demo_code" -O1 -g3 -Wall -c -fmessage-length=0 -mcpu=cortex-m3 -mthumb -MMD -MP -MF"queue.d" -MT"queue.d" -o "queue.o" "../queue.c"
Finished building: ../queue.c
 
Building file: ../tasks.c
Invoking: MCU C Compiler
arm-none-eabi-gcc -D__REDLIB__ -I"C:\Users\patricia\Documents\LPCXpresso_6.1.4_194\workspace2\FreeRTOS_Library\include" -I"C:\Users\patricia\Documents\LPCXpresso_6.1.4_194\workspace2\CMSISv1p30_LPC17xx\inc" -I"C:\Users\patricia\Documents\LPCXpresso_6.1.4_194\workspace2\FreeRTOS_Library\portable" -I"C:\Users\patricia\Documents\LPCXpresso_6.1.4_194\workspace2\FreeRTOS_Library\demo_code" -O1 -g3 -Wall -c -fmessage-length=0 -mcpu=cortex-m3 -mthumb -MMD -MP -MF"tasks.d" -MT"tasks.d" -o "tasks.o" "../tasks.c"
Finished building: ../tasks.c
 
Building target: libFreeRTOS_Library.a
Invoking: MCU Archiver
arm-none-eabi-ar -r  "libFreeRTOS_Library.a"  ./portable/heap_2.o ./portable/port.o  ./demo_code/basic_io.o ./demo_code/consoleprint.o  ./list.o ./queue.o ./tasks.o   
c:\nxp\LPCXpresso_6.1.4_194\lpcxpresso\tools\bin\arm-none-eabi-ar.exe: creating libFreeRTOS_Library.a
Finished building target: libFreeRTOS_Library.a
 
make --no-print-directory post-build
Performing post-build steps
arm-none-eabi-size libFreeRTOS_Library.a ; # arm-none-eabi-objdump -h -S libFreeRTOS_Library.a >libFreeRTOS_Library.lss
   text	   data	    bss	    dec	    hex	filename
    320	      4	  10264	  10588	   295c	heap_2.o (ex libFreeRTOS_Library.a)
    344	      4	      0	    348	    15c	port.o (ex libFreeRTOS_Library.a)
     92	      0	     52	    144	     90	basic_io.o (ex libFreeRTOS_Library.a)
     24	      0	      0	     24	     18	consoleprint.o (ex libFreeRTOS_Library.a)
    164	      0	      0	    164	     a4	list.o (ex libFreeRTOS_Library.a)
   1252	      0	      0	   1252	    4e4	queue.o (ex libFreeRTOS_Library.a)
   3264	      0	    256	   3520	    dc0	tasks.o (ex libFreeRTOS_Library.a)
 
01:46:37 **** Build of configuration Debug for project Example11 ****
make all 
Building file: ../cr_startup_lpc17.c
Invoking: MCU C Compiler
arm-none-eabi-gcc -DDEBUG -D__USE_CMSIS=CMSISv1p30_LPC17xx -D__CODE_RED -D__REDLIB__ -I"C:\Users\patricia\Documents\LPCXpresso_6.1.4_194\workspace2\FreeRTOS_Library\demo_code" -I"C:\Users\patricia\Documents\LPCXpresso_6.1.4_194\workspace2\CMSISv1p30_LPC17xx\inc" -I"C:\Users\patricia\Documents\LPCXpresso_6.1.4_194\workspace2\FreeRTOS_Library\include" -I"C:\Users\patricia\Documents\LPCXpresso_6.1.4_194\workspace2\FreeRTOS_Library\portable" -I"C:\Users\patricia\Documents\LPCXpresso_6.1.4_194\workspace2\Lib_EaBaseBoard\inc" -I"C:\Users\patricia\Documents\LPCXpresso_6.1.4_194\workspace2\Lib_MCU\inc" -O0 -g3 -fsigned-char -c -fmessage-length=0 -fno-builtin -ffunction-sections -mcpu=cortex-m3 -mthumb -MMD -MP -MF"cr_startup_lpc17.d" -MT"cr_startup_lpc17.d" -o "cr_startup_lpc17.o" "../cr_startup_lpc17.c"
Finished building: ../cr_startup_lpc17.c
 
Building file: ../ethmac.c
Invoking: MCU C Compiler
arm-none-eabi-gcc -DDEBUG -D__USE_CMSIS=CMSISv1p30_LPC17xx -D__CODE_RED -D__REDLIB__ -I"C:\Users\patricia\Documents\LPCXpresso_6.1.4_194\workspace2\FreeRTOS_Library\demo_code" -I"C:\Users\patricia\Documents\LPCXpresso_6.1.4_194\workspace2\CMSISv1p30_LPC17xx\inc" -I"C:\Users\patricia\Documents\LPCXpresso_6.1.4_194\workspace2\FreeRTOS_Library\include" -I"C:\Users\patricia\Documents\LPCXpresso_6.1.4_194\workspace2\FreeRTOS_Library\portable" -I"C:\Users\patricia\Documents\LPCXpresso_6.1.4_194\workspace2\Lib_EaBaseBoard\inc" -I"C:\Users\patricia\Documents\LPCXpresso_6.1.4_194\workspace2\Lib_MCU\inc" -O0 -g3 -fsigned-char -c -fmessage-length=0 -fno-builtin -ffunction-sections -mcpu=cortex-m3 -mthumb -MMD -MP -MF"ethmac.d" -MT"ethmac.d" -o "ethmac.o" "../ethmac.c"
Finished building: ../ethmac.c
 
Building file: ../ew_systick.c
Invoking: MCU C Compiler
arm-none-eabi-gcc -DDEBUG -D__USE_CMSIS=CMSISv1p30_LPC17xx -D__CODE_RED -D__REDLIB__ -I"C:\Users\patricia\Documents\LPCXpresso_6.1.4_194\workspace2\FreeRTOS_Library\demo_code" -I"C:\Users\patricia\Documents\LPCXpresso_6.1.4_194\workspace2\CMSISv1p30_LPC17xx\inc" -I"C:\Users\patricia\Documents\LPCXpresso_6.1.4_194\workspace2\FreeRTOS_Library\include" -I"C:\Users\patricia\Documents\LPCXpresso_6.1.4_194\workspace2\FreeRTOS_Library\portable" -I"C:\Users\patricia\Documents\LPCXpresso_6.1.4_194\workspace2\Lib_EaBaseBoard\inc" -I"C:\Users\patricia\Documents\LPCXpresso_6.1.4_194\workspace2\Lib_MCU\inc" -O0 -g3 -fsigned-char -c -fmessage-length=0 -fno-builtin -ffunction-sections -mcpu=cortex-m3 -mthumb -MMD -MP -MF"ew_systick.d" -MT"ew_systick.d" -o "ew_systick.o" "../ew_systick.c"
Finished building: ../ew_systick.c
 
Building file: ../main.c
Invoking: MCU C Compiler
arm-none-eabi-gcc -DDEBUG -D__USE_CMSIS=CMSISv1p30_LPC17xx -D__CODE_RED -D__REDLIB__ -I"C:\Users\patricia\Documents\LPCXpresso_6.1.4_194\workspace2\FreeRTOS_Library\demo_code" -I"C:\Users\patricia\Documents\LPCXpresso_6.1.4_194\workspace2\CMSISv1p30_LPC17xx\inc" -I"C:\Users\patricia\Documents\LPCXpresso_6.1.4_194\workspace2\FreeRTOS_Library\include" -I"C:\Users\patricia\Documents\LPCXpresso_6.1.4_194\workspace2\FreeRTOS_Library\portable" -I"C:\Users\patricia\Documents\LPCXpresso_6.1.4_194\workspace2\Lib_EaBaseBoard\inc" -I"C:\Users\patricia\Documents\LPCXpresso_6.1.4_194\workspace2\Lib_MCU\inc" -O0 -g3 -fsigned-char -c -fmessage-length=0 -fno-builtin -ffunction-sections -mcpu=cortex-m3 -mthumb -MMD -MP -MF"main.d" -MT"main.d" -o "main.o" "../main.c"
../main.c:164:6: warning: conflicting types for 'HTTPServer' [enabled by default]
Finished building: ../main.c
../main.c:136:2: note: previous implicit declaration of 'HTTPServer' was here
 
../main.c:222:6: warning: conflicting types for 'InsertDynamicValues' [enabled by default]
Building file: ../tcpip.c
../main.c:195:5: note: previous implicit declaration of 'InsertDynamicValues' was here
Invoking: MCU C Compiler
arm-none-eabi-gcc -DDEBUG -D__USE_CMSIS=CMSISv1p30_LPC17xx -D__CODE_RED -D__REDLIB__ -I"C:\Users\patricia\Documents\LPCXpresso_6.1.4_194\workspace2\FreeRTOS_Library\demo_code" -I"C:\Users\patricia\Documents\LPCXpresso_6.1.4_194\workspace2\CMSISv1p30_LPC17xx\inc" -I"C:\Users\patricia\Documents\LPCXpresso_6.1.4_194\workspace2\FreeRTOS_Library\include" -I"C:\Users\patricia\Documents\LPCXpresso_6.1.4_194\workspace2\FreeRTOS_Library\portable" -I"C:\Users\patricia\Documents\LPCXpresso_6.1.4_194\workspace2\Lib_EaBaseBoard\inc" -I"C:\Users\patricia\Documents\LPCXpresso_6.1.4_194\workspace2\Lib_MCU\inc" -O0 -g3 -fsigned-char -c -fmessage-length=0 -fno-builtin -ffunction-sections -mcpu=cortex-m3 -mthumb -MMD -MP -MF"tcpip.d" -MT"tcpip.d" -o "tcpip.o" "../tcpip.c"
Finished building: ../tcpip.c
 
Building target: Example11.axf
Invoking: MCU Linker
arm-none-eabi-gcc -nostdlib -L"C:\Users\patricia\Documents\LPCXpresso_6.1.4_194\workspace2\CMSISv1p30_LPC17xx\Debug" -L"C:\Users\patricia\Documents\LPCXpresso_6.1.4_194\workspace2\CMSISv1p30_LPC17xx\inc" -L"C:\Users\patricia\Documents\LPCXpresso_6.1.4_194\workspace2\FreeRTOS_Library\Debug" -L"C:\Users\patricia\Documents\LPCXpresso_6.1.4_194\workspace2\Lib_EaBaseBoard\Debug" -L"C:\Users\patricia\Documents\LPCXpresso_6.1.4_194\workspace2\Lib_MCU\Debug" -Xlinker --gc-sections -Xlinker -Map=Example11.map -mcpu=cortex-m3 -mthumb -T "Example11_Debug.ld" -o "Example11.axf"  ./cr_startup_lpc17.o ./ethmac.o ./ew_systick.o ./main.o ./tcpip.o   -lCMSISv1p30_LPC17xx -lFreeRTOS_Library -lLib_EaBaseBoard -lLib_MCU
Finished building target: Example11.axf
 
make --no-print-directory post-build
Performing post-build steps
arm-none-eabi-size Example11.axf; # arm-none-eabi-objcopy -O ihex Example11.axf Example11.hex ;
   text	   data	    bss	    dec	    hex	filename
  30944	     12	  12736	  43692	   aaac	Example11.axf
 
01:46:42 **** Incremental Build of configuration Debug for project CMSISv1p30_LPC17xx ****
make all 
make: Nothing to be done for `all'.
01:46:43 **** Incremental Build of configuration Debug for project FreeRTOS_Library ****
make all 
make: Nothing to be done for `all'.
01:46:44 **** Incremental Build of configuration Debug for project Example11 ****
make all 
make: Nothing to be done for `all'.
01:46:54 **** Incremental Build of configuration Debug for project CMSISv1p30_LPC17xx ****
make all 
make: Nothing to be done for `all'.
01:46:55 **** Incremental Build of configuration Debug for project FreeRTOS_Library ****
make all 
make: Nothing to be done for `all'.
01:46:57 **** Incremental Build of configuration Debug for project Example11 ****
make all 
make: Nothing to be done for `all'.
01:47:01 **** Incremental Build of configuration Debug for project CMSISv1p30_LPC17xx ****
make all 
make: Nothing to be done for `all'.
01:47:02 **** Incremental Build of configuration Debug for project FreeRTOS_Library ****
make all 
make: Nothing to be done for `all'.
01:47:03 **** Incremental Build of configuration Debug for project Example11 ****
make all 
make: Nothing to be done for `all'.
01:48:52 **** Incremental Build of configuration Debug for project CMSISv1p30_LPC17xx ****
make all 
make: Nothing to be done for `all'.
01:48:53 **** Incremental Build of configuration Debug for project FreeRTOS_Library ****
make all 
make: Nothing to be done for `all'.
01:48:54 **** Incremental Build of configuration Debug for project Example11 ****
make all 
Building file: ../main.c
Invoking: MCU C Compiler
arm-none-eabi-gcc -DDEBUG -D__USE_CMSIS=CMSISv1p30_LPC17xx -D__CODE_RED -D__REDLIB__ -I"C:\Users\patricia\Documents\LPCXpresso_6.1.4_194\workspace2\FreeRTOS_Library\demo_code" -I"C:\Users\patricia\Documents\LPCXpresso_6.1.4_194\workspace2\CMSISv1p30_LPC17xx\inc" -I"C:\Users\patricia\Documents\LPCXpresso_6.1.4_194\workspace2\FreeRTOS_Library\include" -I"C:\Users\patricia\Documents\LPCXpresso_6.1.4_194\workspace2\FreeRTOS_Library\portable" -I"C:\Users\patricia\Documents\LPCXpresso_6.1.4_194\workspace2\Lib_EaBaseBoard\inc" -I"C:\Users\patricia\Documents\LPCXpresso_6.1.4_194\workspace2\Lib_MCU\inc" -O0 -g3 -fsigned-char -c -fmessage-length=0 -fno-builtin -ffunction-sections -mcpu=cortex-m3 -mthumb -MMD -MP -MF"main.d" -MT"main.d" -o "main.o" "../main.c"
../main.c:164:6: warning: conflicting types for 'HTTPServer' [enabled by default]
Finished building: ../main.c
../main.c:136:2: note: previous implicit declaration of 'HTTPServer' was here
 
../main.c:222:6: warning: conflicting types for 'InsertDynamicValues' [enabled by default]
../main.c:195:5: note: previous implicit declaration of 'InsertDynamicValues' was here
Building target: Example11.axf
Invoking: MCU Linker
arm-none-eabi-gcc -nostdlib -L"C:\Users\patricia\Documents\LPCXpresso_6.1.4_194\workspace2\CMSISv1p30_LPC17xx\Debug" -L"C:\Users\patricia\Documents\LPCXpresso_6.1.4_194\workspace2\CMSISv1p30_LPC17xx\inc" -L"C:\Users\patricia\Documents\LPCXpresso_6.1.4_194\workspace2\FreeRTOS_Library\Debug" -L"C:\Users\patricia\Documents\LPCXpresso_6.1.4_194\workspace2\Lib_EaBaseBoard\Debug" -L"C:\Users\patricia\Documents\LPCXpresso_6.1.4_194\workspace2\Lib_MCU\Debug" -Xlinker --gc-sections -Xlinker -Map=Example11.map -mcpu=cortex-m3 -mthumb -T "Example11_Debug.ld" -o "Example11.axf"  ./cr_startup_lpc17.o ./ethmac.o ./ew_systick.o ./main.o ./tcpip.o   -lCMSISv1p30_LPC17xx -lFreeRTOS_Library -lLib_EaBaseBoard -lLib_MCU
Finished building target: Example11.axf
 
make --no-print-directory post-build
Performing post-build steps
arm-none-eabi-size Example11.axf; # arm-none-eabi-objcopy -O ihex Example11.axf Example11.hex ;
   text	   data	    bss	    dec	    hex	filename
  30768	     12	  12736	  43516	   a9fc	Example11.axf
 
01:48:58 **** Incremental Build of configuration Debug for project CMSISv1p30_LPC17xx ****
make all 
make: Nothing to be done for `all'.
01:48:59 **** Incremental Build of configuration Debug for project FreeRTOS_Library ****
make all 
make: Nothing to be done for `all'.
01:49:00 **** Incremental Build of configuration Debug for project Example11 ****
make all 
make: Nothing to be done for `all'.
01:50:01 **** Incremental Build of configuration Debug for project CMSISv1p30_LPC17xx ****
make all 
make: Nothing to be done for `all'.
01:50:01 **** Incremental Build of configuration Debug for project FreeRTOS_Library ****
make all 
make: Nothing to be done for `all'.
01:50:03 **** Incremental Build of configuration Debug for project Example11 ****
make all 
Building file: ../main.c
Invoking: MCU C Compiler
arm-none-eabi-gcc -DDEBUG -D__USE_CMSIS=CMSISv1p30_LPC17xx -D__CODE_RED -D__REDLIB__ -I"C:\Users\patricia\Documents\LPCXpresso_6.1.4_194\workspace2\FreeRTOS_Library\demo_code" -I"C:\Users\patricia\Documents\LPCXpresso_6.1.4_194\workspace2\CMSISv1p30_LPC17xx\inc" -I"C:\Users\patricia\Documents\LPCXpresso_6.1.4_194\workspace2\FreeRTOS_Library\include" -I"C:\Users\patricia\Documents\LPCXpresso_6.1.4_194\workspace2\FreeRTOS_Library\portable" -I"C:\Users\patricia\Documents\LPCXpresso_6.1.4_194\workspace2\Lib_EaBaseBoard\inc" -I"C:\Users\patricia\Documents\LPCXpresso_6.1.4_194\workspace2\Lib_MCU\inc" -O0 -g3 -fsigned-char -c -fmessage-length=0 -fno-builtin -ffunction-sections -mcpu=cortex-m3 -mthumb -MMD -MP -MF"main.d" -MT"main.d" -o "main.o" "../main.c"
../main.c:164:6: warning: conflicting types for 'HTTPServer' [enabled by default]
Finished building: ../main.c
../main.c:136:2: note: previous implicit declaration of 'HTTPServer' was here
 
../main.c:222:6: warning: conflicting types for 'InsertDynamicValues' [enabled by default]
Building target: Example11.axf
../main.c:195:5: note: previous implicit declaration of 'InsertDynamicValues' was here
Invoking: MCU Linker
arm-none-eabi-gcc -nostdlib -L"C:\Users\patricia\Documents\LPCXpresso_6.1.4_194\workspace2\CMSISv1p30_LPC17xx\Debug" -L"C:\Users\patricia\Documents\LPCXpresso_6.1.4_194\workspace2\CMSISv1p30_LPC17xx\inc" -L"C:\Users\patricia\Documents\LPCXpresso_6.1.4_194\workspace2\FreeRTOS_Library\Debug" -L"C:\Users\patricia\Documents\LPCXpresso_6.1.4_194\workspace2\Lib_EaBaseBoard\Debug" -L"C:\Users\patricia\Documents\LPCXpresso_6.1.4_194\workspace2\Lib_MCU\Debug" -Xlinker --gc-sections -Xlinker -Map=Example11.map -mcpu=cortex-m3 -mthumb -T "Example11_Debug.ld" -o "Example11.axf"  ./cr_startup_lpc17.o ./ethmac.o ./ew_systick.o ./main.o ./tcpip.o   -lCMSISv1p30_LPC17xx -lFreeRTOS_Library -lLib_EaBaseBoard -lLib_MCU
Finished building target: Example11.axf
 
make --no-print-directory post-build
Performing post-build steps
arm-none-eabi-size Example11.axf; # arm-none-eabi-objcopy -O ihex Example11.axf Example11.hex ;
   text	   data	    bss	    dec	    hex	filename
  30808	     12	  12736	  43556	   aa24	Example11.axf
 
01:50:04 **** Incremental Build of configuration Debug for project CMSISv1p30_LPC17xx ****
make all 
make: Nothing to be done for `all'.
01:50:05 **** Incremental Build of configuration Debug for project FreeRTOS_Library ****
make all 
make: Nothing to be done for `all'.
01:50:06 **** Incremental Build of configuration Debug for project Example11 ****
make all 
make: Nothing to be done for `all'.
01:50:45 **** Incremental Build of configuration Debug for project CMSISv1p30_LPC17xx ****
make all 
make: Nothing to be done for `all'.
01:50:46 **** Incremental Build of configuration Debug for project FreeRTOS_Library ****
make all 
make: Nothing to be done for `all'.
01:50:47 **** Incremental Build of configuration Debug for project Example11 ****
make all 
Building file: ../main.c
Invoking: MCU C Compiler
arm-none-eabi-gcc -DDEBUG -D__USE_CMSIS=CMSISv1p30_LPC17xx -D__CODE_RED -D__REDLIB__ -I"C:\Users\patricia\Documents\LPCXpresso_6.1.4_194\workspace2\FreeRTOS_Library\demo_code" -I"C:\Users\patricia\Documents\LPCXpresso_6.1.4_194\workspace2\CMSISv1p30_LPC17xx\inc" -I"C:\Users\patricia\Documents\LPCXpresso_6.1.4_194\workspace2\FreeRTOS_Library\include" -I"C:\Users\patricia\Documents\LPCXpresso_6.1.4_194\workspace2\FreeRTOS_Library\portable" -I"C:\Users\patricia\Documents\LPCXpresso_6.1.4_194\workspace2\Lib_EaBaseBoard\inc" -I"C:\Users\patricia\Documents\LPCXpresso_6.1.4_194\workspace2\Lib_MCU\inc" -O0 -g3 -fsigned-char -c -fmessage-length=0 -fno-builtin -ffunction-sections -mcpu=cortex-m3 -mthumb -MMD -MP -MF"main.d" -MT"main.d" -o "main.o" "../main.c"
../main.c:164:6: warning: conflicting types for 'HTTPServer' [enabled by default]
Finished building: ../main.c
../main.c:136:2: note: previous implicit declaration of 'HTTPServer' was here
 
../main.c:222:6: warning: conflicting types for 'InsertDynamicValues' [enabled by default]
Building target: Example11.axf
../main.c:195:5: note: previous implicit declaration of 'InsertDynamicValues' was here
Invoking: MCU Linker
arm-none-eabi-gcc -nostdlib -L"C:\Users\patricia\Documents\LPCXpresso_6.1.4_194\workspace2\CMSISv1p30_LPC17xx\Debug" -L"C:\Users\patricia\Documents\LPCXpresso_6.1.4_194\workspace2\CMSISv1p30_LPC17xx\inc" -L"C:\Users\patricia\Documents\LPCXpresso_6.1.4_194\workspace2\FreeRTOS_Library\Debug" -L"C:\Users\patricia\Documents\LPCXpresso_6.1.4_194\workspace2\Lib_EaBaseBoard\Debug" -L"C:\Users\patricia\Documents\LPCXpresso_6.1.4_194\workspace2\Lib_MCU\Debug" -Xlinker --gc-sections -Xlinker -Map=Example11.map -mcpu=cortex-m3 -mthumb -T "Example11_Debug.ld" -o "Example11.axf"  ./cr_startup_lpc17.o ./ethmac.o ./ew_systick.o ./main.o ./tcpip.o   -lCMSISv1p30_LPC17xx -lFreeRTOS_Library -lLib_EaBaseBoard -lLib_MCU
Finished building target: Example11.axf
 
make --no-print-directory post-build
Performing post-build steps
arm-none-eabi-size Example11.axf; # arm-none-eabi-objcopy -O ihex Example11.axf Example11.hex ;
   text	   data	    bss	    dec	    hex	filename
  30944	     12	  12736	  43692	   aaac	Example11.axf
 
01:50:51 **** Incremental Build of configuration Debug for project CMSISv1p30_LPC17xx ****
make all 
make: Nothing to be done for `all'.
01:50:52 **** Incremental Build of configuration Debug for project FreeRTOS_Library ****
make all 
make: Nothing to be done for `all'.
01:50:53 **** Incremental Build of configuration Debug for project Example11 ****
make all 
make: Nothing to be done for `all'.
